Component: ARM Compiler 5.06 update 6 (build 750) Tool: armlink [4d35ed]

==============================================================================

Section Cross References

    startup_stm32f407xx.o(STACK) refers (Special) to heapauxi.o(.text) for __use_two_region_memory
    startup_stm32f407xx.o(HEAP) refers (Special) to heapauxi.o(.text) for __use_two_region_memory
    startup_stm32f407xx.o(RESET) refers (Special) to heapauxi.o(.text) for __use_two_region_memory
    startup_stm32f407xx.o(RESET) refers to startup_stm32f407xx.o(STACK) for __initial_sp
    startup_stm32f407xx.o(RESET) refers to startup_stm32f407xx.o(.text) for Reset_Handler
    startup_stm32f407xx.o(RESET) refers to stm32f4xx_it.o(i.NMI_Handler) for NMI_Handler
    startup_stm32f407xx.o(RESET) refers to stm32f4xx_it.o(i.HardFault_Handler) for HardFault_Handler
    startup_stm32f407xx.o(RESET) refers to stm32f4xx_it.o(i.MemManage_Handler) for MemManage_Handler
    startup_stm32f407xx.o(RESET) refers to stm32f4xx_it.o(i.BusFault_Handler) for BusFault_Handler
    startup_stm32f407xx.o(RESET) refers to stm32f4xx_it.o(i.UsageFault_Handler) for UsageFault_Handler
    startup_stm32f407xx.o(RESET) refers to port.o(.emb_text) for SVC_Handler
    startup_stm32f407xx.o(RESET) refers to stm32f4xx_it.o(i.DebugMon_Handler) for DebugMon_Handler
    startup_stm32f407xx.o(RESET) refers to port.o(i.SysTick_Handler) for SysTick_Handler
    startup_stm32f407xx.o(RESET) refers to stm32f4xx_it.o(i.USART2_IRQHandler) for USART2_IRQHandler
    startup_stm32f407xx.o(RESET) refers to stm32f4xx_it.o(i.TIM6_DAC_IRQHandler) for TIM6_DAC_IRQHandler
    startup_stm32f407xx.o(RESET) refers to stm32f4xx_it.o(i.OTG_FS_IRQHandler) for OTG_FS_IRQHandler
    startup_stm32f407xx.o(.text) refers (Special) to heapauxi.o(.text) for __use_two_region_memory
    startup_stm32f407xx.o(.text) refers to system_stm32f4xx.o(i.SystemInit) for SystemInit
    startup_stm32f407xx.o(.text) refers to __main.o(!!!main) for __main
    startup_stm32f407xx.o(.text) refers to startup_stm32f407xx.o(HEAP) for Heap_Mem
    startup_stm32f407xx.o(.text) refers to startup_stm32f407xx.o(STACK) for Stack_Mem
    main.o(i.HAL_TIM_PeriodElapsedCallback) refers to stm32f4xx_hal.o(i.HAL_IncTick) for HAL_IncTick
    main.o(i._Z11StartTask02PKv) refers to t_led.o(i._ZN3Led6ToggleEv) for Led::Toggle()
    main.o(i._Z11StartTask02PKv) refers to cmsis_os.o(i.osDelay) for osDelay
    main.o(i._Z11StartTask02PKv) refers to main.o(.data) for .data
    main.o(i._Z11StartTask03PKv) refers to t_led.o(i._ZN3Led6ToggleEv) for Led::Toggle()
    main.o(i._Z11StartTask03PKv) refers to cmsis_os.o(i.osDelay) for osDelay
    main.o(i._Z11StartTask03PKv) refers to main.o(.data) for .data
    main.o(i._Z11StartTask04PKv) refers to t_led.o(i._ZN3Led6ToggleEv) for Led::Toggle()
    main.o(i._Z11StartTask04PKv) refers to cmsis_os.o(i.osDelay) for osDelay
    main.o(i._Z11StartTask04PKv) refers to main.o(.data) for .data
    main.o(i._Z12MX_GPIO_Initv) refers to rt_memclr_w.o(.text) for __aeabi_memclr4
    main.o(i._Z12MX_GPIO_Initv) refers to stm32f4xx_hal_gpio.o(i.HAL_GPIO_WritePin) for HAL_GPIO_WritePin
    main.o(i._Z12MX_GPIO_Initv) refers to stm32f4xx_hal_gpio.o(i.HAL_GPIO_Init) for HAL_GPIO_Init
    main.o(i._Z12MX_SPI1_Initv) refers to stm32f4xx_hal_spi.o(i.HAL_SPI_Init) for HAL_SPI_Init
    main.o(i._Z12MX_SPI1_Initv) refers to main.o(.bss) for .bss
    main.o(i._Z16StartDefaultTaskPKv) refers to usb_host.o(i.MX_USB_HOST_Init) for MX_USB_HOST_Init
    main.o(i._Z16StartDefaultTaskPKv) refers to t_led.o(i._ZN3Led6ToggleEv) for Led::Toggle()
    main.o(i._Z16StartDefaultTaskPKv) refers to cmsis_os.o(i.osDelay) for osDelay
    main.o(i._Z16StartDefaultTaskPKv) refers to main.o(.data) for .data
    main.o(i._Z18SystemClock_Configv) refers to rt_memclr_w.o(.text) for __aeabi_memclr4
    main.o(i._Z18SystemClock_Configv) refers to stm32f4xx_hal_rcc.o(i.HAL_RCC_OscConfig) for HAL_RCC_OscConfig
    main.o(i._Z18SystemClock_Configv) refers to stm32f4xx_hal_rcc.o(i.HAL_RCC_ClockConfig) for HAL_RCC_ClockConfig
    main.o(i._Z18SystemClock_Configv) refers to stm32f4xx_hal_rcc_ex.o(i.HAL_RCCEx_PeriphCLKConfig) for HAL_RCCEx_PeriphCLKConfig
    main.o(i.__sti___8_main_cpp_Led1) refers to t_led.o(i._ZN3LedC1Et) for Led::Led(unsigned short)
    main.o(i.__sti___8_main_cpp_Led1) refers to aeabi_atexit.o(.text) for __aeabi_atexit
    main.o(i.__sti___8_main_cpp_Led1) refers to main.o(.data) for .data
    main.o(i.__sti___8_main_cpp_Led1) refers to t_led.o(i._ZN3LedD1Ev) for Led::~Led()
    main.o(i.main) refers to stm32f4xx_hal.o(i.HAL_Init) for HAL_Init
    main.o(i.main) refers to main.o(i._Z18SystemClock_Configv) for SystemClock_Config()
    main.o(i.main) refers to main.o(i._Z12MX_GPIO_Initv) for MX_GPIO_Init()
    main.o(i.main) refers to stm32f4xx_hal_i2c.o(i.HAL_I2C_Init) for HAL_I2C_Init
    main.o(i.main) refers to stm32f4xx_hal_i2s.o(i.HAL_I2S_Init) for HAL_I2S_Init
[...]
    __dso_handle                             0x08000000   Number         0  startup_stm32f407xx.o(RESET)
    __Vectors_End                            0x08000188   Data           0  startup_stm32f407xx.o(RESET)
    __main                                   0x08000189   Thumb Code     8  __main.o(!!!main)
    __scatterload                            0x08000191   Thumb Code     0  __scatter.o(!!!scatter)
    __scatterload_rt2                        0x08000191   Thumb Code    44  __scatter.o(!!!scatter)
    __scatterload_rt2_thumb_only             0x08000191   Thumb Code     0  __scatter.o(!!!scatter)
    __scatterload_null                       0x0800019f   Thumb Code     0  __scatter.o(!!!scatter)
    __scatterload_copy                       0x080001c5   Thumb Code    26  __scatter_copy.o(!!handler_copy)
    __scatterload_zeroinit                   0x080001e1   Thumb Code    28  __scatter_zi.o(!!handler_zi)
    __rt_lib_init                            0x080001fd   Thumb Code     0  libinit.o(.ARM.Collect$$libinit$$00000000)
    __rt_lib_init_fp_1                       0x080001ff   Thumb Code     0  libinit2.o(.ARM.Collect$$libinit$$00000001)
    __rt_lib_init_heap_2                     0x08000203   Thumb Code     0  libinit2.o(.ARM.Collect$$libinit$$00000005)
    __rt_lib_init_preinit_1                  0x08000203   Thumb Code     0  libinit2.o(.ARM.Collect$$libinit$$00000004)
    __rt_lib_init_alloca_1                   0x0800020b   Thumb Code     0  libinit2.o(.ARM.Collect$$libinit$$0000002E)
    __rt_lib_init_argv_1                     0x0800020b   Thumb Code     0  libinit2.o(.ARM.Collect$$libinit$$0000002C)
    __rt_lib_init_atexit_1                   0x0800020b   Thumb Code     0  libinit2.o(.ARM.Collect$$libinit$$0000001B)
    __rt_lib_init_clock_1                    0x0800020b   Thumb Code     0  libinit2.o(.ARM.Collect$$libinit$$00000021)
    __rt_lib_init_cpp_2                      0x0800020b   Thumb Code     0  libinit2.o(.ARM.Collect$$libinit$$00000031)
    __rt_lib_init_exceptions_1               0x0800020b   Thumb Code     0  libinit2.o(.ARM.Collect$$libinit$$00000030)
    __rt_lib_init_fp_trap_1                  0x0800020b   Thumb Code     0  libinit2.o(.ARM.Collect$$libinit$$0000001F)
    __rt_lib_init_getenv_1                   0x0800020b   Thumb Code     0  libinit2.o(.ARM.Collect$$libinit$$00000023)
    __rt_lib_init_heap_1                     0x0800020b   Thumb Code     0  libinit2.o(.ARM.Collect$$libinit$$0000000A)
    __rt_lib_init_lc_collate_1               0x0800020b   Thumb Code     0  libinit2.o(.ARM.Collect$$libinit$$00000011)
    __rt_lib_init_lc_ctype_1                 0x0800020b   Thumb Code     0  libinit2.o(.ARM.Collect$$libinit$$00000013)
    __rt_lib_init_lc_monetary_1              0x0800020b   Thumb Code     0  libinit2.o(.ARM.Collect$$libinit$$00000015)
    __rt_lib_init_lc_numeric_1               0x0800020b   Thumb Code     0  libinit2.o(.ARM.Collect$$libinit$$00000017)
    __rt_lib_init_lc_time_1                  0x0800020b   Thumb Code     0  libinit2.o(.ARM.Collect$$libinit$$00000019)
    __rt_lib_init_rand_1                     0x0800020b   Thumb Code     0  libinit2.o(.ARM.Collect$$libinit$$0000000E)
    __rt_lib_init_signal_1                   0x0800020b   Thumb Code     0  libinit2.o(.ARM.Collect$$libinit$$0000001D)
    __rt_lib_init_stdio_1                    0x0800020b   Thumb Code     0  libinit2.o(.ARM.Collect$$libinit$$00000025)
    __rt_lib_init_user_alloc_1               0x0800020b   Thumb Code     0  libinit2.o(.ARM.Collect$$libinit$$0000000C)
    __rt_lib_init_cpp_1                      0x0800020f   Thumb Code     0  libinit2.o(.ARM.Collect$$libinit$$00000032)
    __rt_lib_init_return                     0x0800020f   Thumb Code     0  libinit2.o(.ARM.Collect$$libinit$$00000033)
    __rt_lib_shutdown                        0x08000211   Thumb Code     0  libshutdown.o(.ARM.Collect$$libshutdown$$00000000)
    __rt_lib_shutdown_cpp_2                  0x08000213   Thumb Code     0  libshutdown2.o(.ARM.Collect$$libshutdown$$00000001)
    __rt_lib_shutdown_cpp_1                  0x08000219   Thumb Code     0  libshutdown2.o(.ARM.Collect$$libshutdown$$00000002)
    __rt_lib_shutdown_fp_trap_1              0x08000219   Thumb Code     0  libshutdown2.o(.ARM.Collect$$libshutdown$$00000007)
    __rt_lib_shutdown_heap_1                 0x08000219   Thumb Code     0  libshutdown2.o(.ARM.Collect$$libshutdown$$0000000F)
    __rt_lib_shutdown_return                 0x08000219   Thumb Code     0  libshutdown2.o(.ARM.Collect$$libshutdown$$00000010)
    __rt_lib_shutdown_signal_1               0x08000219   Thumb Code     0  libshutdown2.o(.ARM.Collect$$libshutdown$$0000000A)
    __rt_lib_shutdown_stdio_1                0x08000219   Thumb Code     0  libshutdown2.o(.ARM.Collect$$libshutdown$$00000004)
    __rt_lib_shutdown_user_alloc_1           0x08000219   Thumb Code     0  libshutdown2.o(.ARM.Collect$$libshutdown$$0000000C)
    __rt_entry                               0x0800021b   Thumb Code     0  __rtentry.o(.ARM.Collect$$rtentry$$00000000)
    __rt_entry_presh_1                       0x0800021b   Thumb Code     0  __rtentry2.o(.ARM.Collect$$rtentry$$00000002)
    __rt_entry_sh                            0x0800021b   Thumb Code     0  __rtentry4.o(.ARM.Collect$$rtentry$$00000004)
    __rt_entry_li                            0x08000221   Thumb Code     0  __rtentry2.o(.ARM.Collect$$rtentry$$0000000A)
    __rt_entry_postsh_1                      0x08000221   Thumb Code     0  __rtentry2.o(.ARM.Collect$$rtentry$$00000009)
    __rt_entry_main                          0x08000225   Thumb Code     0  __rtentry2.o(.ARM.Collect$$rtentry$$0000000D)
    __rt_entry_postli_1                      0x08000225   Thumb Code     0  __rtentry2.o(.ARM.Collect$$rtentry$$0000000C)
    __rt_exit                                0x0800022d   Thumb Code     0  rtexit.o(.ARM.Collect$$rtexit$$00000000)
    __rt_exit_ls                             0x0800022f   Thumb Code     0  rtexit2.o(.ARM.Collect$$rtexit$$00000003)
    __rt_exit_prels_1                        0x0800022f   Thumb Code     0  rtexit2.o(.ARM.Collect$$rtexit$$00000002)
    __rt_exit_exit                           0x08000233   Thumb Code     0  rtexit2.o(.ARM.Collect$$rtexit$$00000004)
    SVC_Handler                              0x08000239   Thumb Code    28  port.o(.emb_text)
    __asm___6_port_c_39a90d8d__prvStartFirstTask 0x08000259   Thumb Code    28  port.o(.emb_text)
    __asm___6_port_c_39a90d8d__prvEnableVFP  0x08000279   Thumb Code    16  port.o(.emb_text)
    PendSV_Handler                           0x0800028d   Thumb Code    92  port.o(.emb_text)
    vPortGetIPSR                             0x080002ed   Thumb Code     6  port.o(.emb_text)
    Reset_Handler                            0x080002f5   Thumb Code     8  startup_stm32f407xx.o(.text)
    _maybe_terminate_alloc                   0x080002f5   Thumb Code     0  maybetermalloc1.o(.emb_text)
    ADC_IRQHandler                           0x0800030f   Thumb Code     0  startup_stm32f407xx.o(.text)
    CAN1_RX0_IRQHandler                      0x0800030f   Thumb Code     0  startup_stm32f407xx.o(.text)
    CAN1_RX1_IRQHandler                      0x0800030f   Thumb Code     0  startup_stm32f407xx.o(.text)
    CAN1_SCE_IRQHandler                      0x0800030f   Thumb Code     0  startup_stm32f407xx.o(.text)
    CAN1_TX_IRQHandler                       0x0800030f   Thumb Code     0  startup_stm32f407xx.o(.text)
    CAN2_RX0_IRQHandler                      0x0800030f   Thumb Code     0  startup_stm32f407xx.o(.text)
    CAN2_RX1_IRQHandler                      0x0800030f   Thumb Code     0  startup_stm32f407xx.o(.text)
    CAN2_SCE_IRQHandler                      0x0800030f   Thumb Code     0  startup_stm32f407xx.o(.text)
    CAN2_TX_IRQHandler                       0x0800030f   Thumb Code     0  startup_stm32f407xx.o(.text)
    DCMI_IRQHandler                          0x0800030f   Thumb Code     0  startup_stm32f407xx.o(.text)
    DMA1_Stream0_IRQHandler                  0x0800030f   Thumb Code     0  startup_stm32f407xx.o(.text)
    DMA1_Stream1_IRQHandler                  0x0800030f   Thumb Code     0  startup_stm32f407xx.o(.text)
    DMA1_Stream2_IRQHandler                  0x0800030f   Thumb Code     0  startup_stm32f407xx.o(.text)
    DMA1_Stream3_IRQHandler                  0x0800030f   Thumb Code     0  startup_stm32f407xx.o(.text)
    DMA1_Stream4_IRQHandler                  0x0800030f   Thumb Code     0  startup_stm32f407xx.o(.text)
    DMA1_Stream5_IRQHandler                  0x0800030f   Thumb Code     0  startup_stm32f407xx.o(.text)
    DMA1_Stream6_IRQHandler                  0x0800030f   Thumb Code     0  startup_stm32f407xx.o(.text)
    DMA1_Stream7_IRQHandler                  0x0800030f   Thumb Code     0  startup_stm32f407xx.o(.text)
    DMA2_Stream0_IRQHandler                  0x0800030f   Thumb Code     0  startup_stm32f407xx.o(.text)
    DMA2_Stream1_IRQHandler                  0x0800030f   Thumb Code     0  startup_stm32f407xx.o(.text)
    DMA2_Stream2_IRQHandler                  0x0800030f   Thumb Code     0  startup_stm32f407xx.o(.text)
    DMA2_Stream3_IRQHandler                  0x0800030f   Thumb Code     0  startup_stm32f407xx.o(.text)
    DMA2_Stream4_IRQHandler                  0x0800030f   Thumb Code     0  startup_stm32f407xx.o(.text)
    DMA2_Stream5_IRQHandler                  0x0800030f   Thumb Code     0  startup_stm32f407xx.o(.text)
    DMA2_Stream6_IRQHandler                  0x0800030f   Thumb Code     0  startup_stm32f407xx.o(.text)
    DMA2_Stream7_IRQHandler                  0x0800030f   Thumb Code     0  startup_stm32f407xx.o(.text)
    ETH_IRQHandler                           0x0800030f   Thumb Code     0  startup_stm32f407xx.o(.text)
    ETH_WKUP_IRQHandler                      0x0800030f   Thumb Code     0  startup_stm32f407xx.o(.text)
    EXTI0_IRQHandler                         0x0800030f   Thumb Code     0  startup_stm32f407xx.o(.text)
    EXTI15_10_IRQHandler                     0x0800030f   Thumb Code     0  startup_stm32f407xx.o(.text)
    EXTI1_IRQHandler                         0x0800030f   Thumb Code     0  startup_stm32f407xx.o(.text)
    EXTI2_IRQHandler                         0x0800030f   Thumb Code     0  startup_stm32f407xx.o(.text)
    EXTI3_IRQHandler                         0x0800030f   Thumb Code     0  startup_stm32f407xx.o(.text)
    EXTI4_IRQHandler                         0x0800030f   Thumb Code     0  startup_stm32f407xx.o(.text)
    EXTI9_5_IRQHandler                       0x0800030f   Thumb Code     0  startup_stm32f407xx.o(.text)
    FLASH_IRQHandler                         0x0800030f   Thumb Code     0  startup_stm32f407xx.o(.text)
    FMC_IRQHandler                           0x0800030f   Thumb Code     0  startup_stm32f407xx.o(.text)
    FPU_IRQHandler                           0x0800030f   Thumb Code     0  startup_stm32f407xx.o(.text)
    HASH_RNG_IRQHandler                      0x0800030f   Thumb Code     0  startup_stm32f407xx.o(.text)
    I2C1_ER_IRQHandler                       0x0800030f   Thumb Code     0  startup_stm32f407xx.o(.text)
    I2C1_EV_IRQHandler                       0x0800030f   Thumb Code     0  startup_stm32f407xx.o(.text)
    I2C2_ER_IRQHandler                       0x0800030f   Thumb Code     0  startup_stm32f407xx.o(.text)
    I2C2_EV_IRQHandler                       0x0800030f   Thumb Code     0  startup_stm32f407xx.o(.text)
    I2C3_ER_IRQHandler                       0x0800030f   Thumb Code     0  startup_stm32f407xx.o(.text)
    I2C3_EV_IRQHandler                       0x0800030f   Thumb Code     0  startup_stm32f407xx.o(.text)
    OTG_FS_WKUP_IRQHandler                   0x0800030f   Thumb Code     0  startup_stm32f407xx.o(.text)
    OTG_HS_EP1_IN_IRQHandler                 0x0800030f   Thumb Code     0  startup_stm32f407xx.o(.text)
    OTG_HS_EP1_OUT_IRQHandler                0x0800030f   Thumb Code     0  startup_stm32f407xx.o(.text)
    OTG_HS_IRQHandler                        0x0800030f   Thumb Code     0  startup_stm32f407xx.o(.text)
    OTG_HS_WKUP_IRQHandler                   0x0800030f   Thumb Code     0  startup_stm32f407xx.o(.text)
    PVD_IRQHandler                           0x0800030f   Thumb Code     0  startup_stm32f407xx.o(.text)
    RCC_IRQHandler                           0x0800030f   Thumb Code     0  startup_stm32f407xx.o(.text)
    RTC_Alarm_IRQHandler                     0x0800030f   Thumb Code     0  startup_stm32f407xx.o(.text)
    RTC_WKUP_IRQHandler                      0x0800030f   Thumb Code     0  startup_stm32f407xx.o(.text)
    SDIO_IRQHandler                          0x0800030f   Thumb Code     0  startup_stm32f407xx.o(.text)
    SPI1_IRQHandler                          0x0800030f   Thumb Code     0  startup_stm32f407xx.o(.text)
    SPI2_IRQHandler                          0x0800030f   Thumb Code     0  startup_stm32f407xx.o(.text)
    SPI3_IRQHandler                          0x0800030f   Thumb Code     0  startup_stm32f407xx.o(.text)
    TAMP_STAMP_IRQHandler                    0x0800030f   Thumb Code     0  startup_stm32f407xx.o(.text)
    TIM1_BRK_TIM9_IRQHandler                 0x0800030f   Thumb Code     0  startup_stm32f407xx.o(.text)
    TIM1_CC_IRQHandler                       0x0800030f   Thumb Code     0  startup_stm32f407xx.o(.text)
    TIM1_TRG_COM_TIM11_IRQHandler            0x0800030f   Thumb Code     0  startup_stm32f407xx.o(.text)
    TIM1_UP_TIM10_IRQHandler                 0x0800030f   Thumb Code     0  startup_stm32f407xx.o(.text)
    TIM2_IRQHandler                          0x0800030f   Thumb Code     0  startup_stm32f407xx.o(.text)
    TIM3_IRQHandler                          0x0800030f   Thumb Code     0  startup_stm32f407xx.o(.text)
    TIM4_IRQHandler                          0x0800030f   Thumb Code     0  startup_stm32f407xx.o(.text)
    TIM5_IRQHandler                          0x0800030f   Thumb Code     0  startup_stm32f407xx.o(.text)
    TIM7_IRQHandler                          0x0800030f   Thumb Code     0  startup_stm32f407xx.o(.text)
    TIM8_BRK_TIM12_IRQHandler                0x0800030f   Thumb Code     0  startup_stm32f407xx.o(.text)
    TIM8_CC_IRQHandler                       0x0800030f   Thumb Code     0  startup_stm32f407xx.o(.text)
    TIM8_TRG_COM_TIM14_IRQHandler            0x0800030f   Thumb Code     0  startup_stm32f407xx.o(.text)
    TIM8_UP_TIM13_IRQHandler                 0x0800030f   Thumb Code     0  startup_stm32f407xx.o(.text)
    UART4_IRQHandler                         0x0800030f   Thumb Code     0  startup_stm32f407xx.o(.text)
    UART5_IRQHandler                         0x0800030f   Thumb Code     0  startup_stm32f407xx.o(.text)
    USART1_IRQHandler                        0x0800030f   Thumb Code     0  startup_stm32f407xx.o(.text)
    USART3_IRQHandler                        0x0800030f   Thumb Code     0  startup_stm32f407xx.o(.text)
    USART6_IRQHandler                        0x0800030f   Thumb Code     0  startup_stm32f407xx.o(.text)
    WWDG_IRQHandler                          0x0800030f   Thumb Code     0  startup_stm32f407xx.o(.text)
    __user_initial_stackheap                 0x08000311   Thumb Code     0  startup_stm32f407xx.o(.text)
    malloc                                   0x08000335   Thumb Code    94  h1_alloc.o(.text)
    free                                     0x08000393   Thumb Code    78  h1_free.o(.text)
    __aeabi_uldivmod                         0x080003e1   Thumb Code     0  lludivv7m.o(.text)
    _ll_udiv                                 0x080003e1   Thumb Code   238  lludivv7m.o(.text)
    __aeabi_atexit                           0x080004cf   Thumb Code    46  aeabi_atexit.o(.text)
    __aeabi_memcpy                           0x080004fd   Thumb Code     0  rt_memcpy_v6.o(.text)
    __rt_memcpy                              0x080004fd   Thumb Code   138  rt_memcpy_v6.o(.text)
    _memcpy_lastbytes                        0x08000563   Thumb Code     0  rt_memcpy_v6.o(.text)
    __aeabi_memcpy4                          0x08000587   Thumb Code     0  rt_memcpy_w.o(.text)
    __aeabi_memcpy8                          0x08000587   Thumb Code     0  rt_memcpy_w.o(.text)
    __rt_memcpy_w                            0x08000587   Thumb Code   100  rt_memcpy_w.o(.text)
    _memcpy_lastbytes_aligned                0x080005cf   Thumb Code     0  rt_memcpy_w.o(.text)
    __aeabi_memclr4                          0x080005eb   Thumb Code     0  rt_memclr_w.o(.text)
    __aeabi_memclr8                          0x080005eb   Thumb Code     0  rt_memclr_w.o(.text)
    __rt_memclr_w                            0x080005eb   Thumb Code    78  rt_memclr_w.o(.text)
    _memset_w                                0x080005ef   Thumb Code     0  rt_memclr_w.o(.text)
    __use_two_region_memory                  0x08000639   Thumb Code     2  heapauxi.o(.text)
    __rt_heap_escrow                         0x0800063b   Thumb Code     2  heapauxi.o(.text)
    __rt_heap_expand                         0x0800063d   Thumb Code     2  heapauxi.o(.text)
    __cpp_initialize__aeabi_                 0x08000641   Thumb Code    26  init_aeabi.o(.text)
    __rt_heap_descriptor                     0x08000665   Thumb Code     8  rt_heap_descriptor_intlibspace.o(.text)
    __rt_ddtor_pointer_addr                  0x0800066d   Thumb Code     8  rt_ddtor_pointer_addr_intlibspace.o(.text)
    __use_no_heap                            0x08000675   Thumb Code     2  hguard.o(.text)
    __heap$guard                             0x08000677   Thumb Code     2  hguard.o(.text)
    _terminate_user_alloc                    0x08000679   Thumb Code     2  init_alloc.o(.text)
    _init_user_alloc                         0x0800067b   Thumb Code     2  init_alloc.o(.text)
    __Heap_Full                              0x0800067d   Thumb Code    34  init_alloc.o(.text)
    __Heap_Broken                            0x0800069f   Thumb Code     6  init_alloc.o(.text)
    _init_alloc                              0x080006a5   Thumb Code    94  init_alloc.o(.text)
    __Heap_Initialize                        0x08000703   Thumb Code    10  h1_init.o(.text)
    __Heap_DescSize                          0x0800070d   Thumb Code     4  h1_init.o(.text)
    __cxa_finalize                           0x08000711   Thumb Code    66  cxa_finalize.o(.text)
    __user_libspace                          0x08000755   Thumb Code     8  libspace.o(.text)
    __user_perproc_libspace                  0x08000755   Thumb Code     0  libspace.o(.text)
    __user_perthread_libspace                0x08000755   Thumb Code     0  libspace.o(.text)
    __Heap_ProvideMemory                     0x0800075d   Thumb Code    52  h1_extend.o(.text)
    __rt_SIGRTMEM                            0x08000791   Thumb Code    14  defsig_rtmem_outer.o(.text)
    __I$use$semihosting                      0x0800079f   Thumb Code     0  use_no_semi.o(.text)
    __use_no_semihosting_swi                 0x0800079f   Thumb Code     2  use_no_semi.o(.text)
    __semihosting_library_function           0x080007a1   Thumb Code     0  indicate_semi.o(.text)
    __user_setup_stackheap                   0x080007a1   Thumb Code    74  sys_stackheap_outer.o(.text)
    exit                                     0x080007eb   Thumb Code    18  exit.o(.text)
    __sig_exit                               0x080007fd   Thumb Code    10  defsig_exit.o(.text)
    __rt_SIGRTMEM_inner                      0x08000809   Thumb Code    22  defsig_rtmem_inner.o(.text)
    _sys_exit                                0x08000859   Thumb Code     8  sys_exit.o(.text)
    __default_signal_display                 0x08000865   Thumb Code    50  defsig_general.o(.text)
    _ttywrch                                 0x08000897   Thumb Code    14  sys_wrch.o(.text)
    BusFault_Handler                         0x080008a5   Thumb Code     2  stm32f4xx_it.o(i.BusFault_Handler)
    DebugMon_Handler                         0x080009e9   Thumb Code     2  stm32f4xx_it.o(i.DebugMon_Handler)
    Error_Handler                            0x080009eb   Thumb Code     2  main.o(i.Error_Handler)
    HAL_DMA_Abort_IT                         0x08000a03   Thumb Code    36  stm32f4xx_hal_dma.o(i.HAL_DMA_Abort_IT)
    HAL_Delay                                0x08000a29   Thumb Code    32  stm32f4xx_hal.o(i.HAL_Delay)
    HAL_GPIO_Init                            0x08000a4d   Thumb Code   388  stm32f4xx_hal_gpio.o(i.HAL_GPIO_Init)
    HAL_GPIO_TogglePin                       0x08000bfd   Thumb Code     8  stm32f4xx_hal_gpio.o(i.HAL_GPIO_TogglePin)
    HAL_GPIO_WritePin                        0x08000c05   Thumb Code    10  stm32f4xx_hal_gpio.o(i.HAL_GPIO_WritePin)
    HAL_GetTick                              0x08000c11   Thumb Code     6  stm32f4xx_hal.o(i.HAL_GetTick)
    HAL_HCD_Connect_Callback                 0x08000c1d   Thumb Code     8  usbh_conf.o(i.HAL_HCD_Connect_Callback)
    HAL_HCD_Disconnect_Callback              0x08000c25   Thumb Code     8  usbh_conf.o(i.HAL_HCD_Disconnect_Callback)
    HAL_HCD_GetCurrentFrame                  0x08000c2d   Thumb Code     6  stm32f4xx_hal_hcd.o(i.HAL_HCD_GetCurrentFrame)
    HAL_HCD_GetCurrentSpeed                  0x08000c33   Thumb Code     6  stm32f4xx_hal_hcd.o(i.HAL_HCD_GetCurrentSpeed)
    HAL_HCD_HC_GetURBState                   0x08000c39   Thumb Code    14  stm32f4xx_hal_hcd.o(i.HAL_HCD_HC_GetURBState)
    HAL_HCD_HC_GetXferCount                  0x08000c47   Thumb Code    12  stm32f4xx_hal_hcd.o(i.HAL_HCD_HC_GetXferCount)
    HAL_HCD_HC_Halt                          0x08000c53   Thumb Code    36  stm32f4xx_hal_hcd.o(i.HAL_HCD_HC_Halt)
    HAL_HCD_HC_Init                          0x08000c77   Thumb Code    84  stm32f4xx_hal_hcd.o(i.HAL_HCD_HC_Init)
    HAL_HCD_HC_NotifyURBChange_Callback      0x08000ccb   Thumb Code     8  usbh_conf.o(i.HAL_HCD_HC_NotifyURBChange_Callback)
    HAL_HCD_HC_SubmitRequest                 0x08000cd3   Thumb Code   182  stm32f4xx_hal_hcd.o(i.HAL_HCD_HC_SubmitRequest)
    HAL_HCD_IRQHandler                       0x08000d89   Thumb Code   302  stm32f4xx_hal_hcd.o(i.HAL_HCD_IRQHandler)
    HAL_HCD_Init                             0x08000eb7   Thumb Code    90  stm32f4xx_hal_hcd.o(i.HAL_HCD_Init)
    HAL_HCD_MspInit                          0x08000f11   Thumb Code   110  usbh_conf.o(i.HAL_HCD_MspInit)
    HAL_HCD_ResetPort                        0x08000f89   Thumb Code     6  stm32f4xx_hal_hcd.o(i.HAL_HCD_ResetPort)
    HAL_HCD_SOF_Callback                     0x08000f8f   Thumb Code     8  usbh_conf.o(i.HAL_HCD_SOF_Callback)
    HAL_HCD_Start                            0x08000f97   Thumb Code    44  stm32f4xx_hal_hcd.o(i.HAL_HCD_Start)
    HAL_HCD_Stop                             0x08000fc3   Thumb Code    36  stm32f4xx_hal_hcd.o(i.HAL_HCD_Stop)
    HAL_I2C_Init                             0x08000fe9   Thumb Code   254  stm32f4xx_hal_i2c.o(i.HAL_I2C_Init)
    HAL_I2C_MspInit                          0x080010f1   Thumb Code    94  stm32f4xx_hal_msp.o(i.HAL_I2C_MspInit)
    HAL_I2SEx_FullDuplex_IRQHandler          0x0800115d   Thumb Code   476  stm32f4xx_hal_i2s_ex.o(i.HAL_I2SEx_FullDuplex_IRQHandler)
    HAL_I2SEx_TxRxCpltCallback               0x08001341   Thumb Code     2  stm32f4xx_hal_i2s_ex.o(i.HAL_I2SEx_TxRxCpltCallback)
    HAL_I2S_ErrorCallback                    0x08001343   Thumb Code     2  stm32f4xx_hal_i2s.o(i.HAL_I2S_ErrorCallback)
    HAL_I2S_Init                             0x08001345   Thumb Code   366  stm32f4xx_hal_i2s.o(i.HAL_I2S_Init)
    HAL_I2S_MspInit                          0x080014c5   Thumb Code   128  stm32f4xx_hal_msp.o(i.HAL_I2S_MspInit)
    HAL_I2S_RxCpltCallback                   0x08001555   Thumb Code     2  stm32f4xx_hal_i2s.o(i.HAL_I2S_RxCpltCallback)
    HAL_I2S_TxCpltCallback                   0x08001557   Thumb Code     2  stm32f4xx_hal_i2s.o(i.HAL_I2S_TxCpltCallback)
    HAL_IncTick                              0x08001559   Thumb Code    12  stm32f4xx_hal.o(i.HAL_IncTick)
    HAL_Init                                 0x08001569   Thumb Code    48  stm32f4xx_hal.o(i.HAL_Init)
    HAL_InitTick                             0x0800159d   Thumb Code   100  stm32f4xx_hal_timebase_tim.o(i.HAL_InitTick)
    HAL_MspInit                              0x08001611   Thumb Code    52  stm32f4xx_hal_msp.o(i.HAL_MspInit)
    HAL_NVIC_EnableIRQ                       0x08001649   Thumb Code    22  stm32f4xx_hal_cortex.o(i.HAL_NVIC_EnableIRQ)
    HAL_NVIC_SetPriority                     0x08001661   Thumb Code    60  stm32f4xx_hal_cortex.o(i.HAL_NVIC_SetPriority)
    HAL_NVIC_SetPriorityGrouping             0x080016a1   Thumb Code    26  stm32f4xx_hal_cortex.o(i.HAL_NVIC_SetPriorityGrouping)
    HAL_RCCEx_GetPeriphCLKFreq               0x080016c5   Thumb Code    76  stm32f4xx_hal_rcc_ex.o(i.HAL_RCCEx_GetPeriphCLKFreq)
    HAL_RCCEx_PeriphCLKConfig                0x08001721   Thumb Code   296  stm32f4xx_hal_rcc_ex.o(i.HAL_RCCEx_PeriphCLKConfig)
    HAL_RCC_ClockConfig                      0x0800185d   Thumb Code   286  stm32f4xx_hal_rcc.o(i.HAL_RCC_ClockConfig)
    HAL_RCC_GetClockConfig                   0x0800198d   Thumb Code    54  stm32f4xx_hal_rcc.o(i.HAL_RCC_GetClockConfig)
    HAL_RCC_GetPCLK1Freq                     0x080019cd   Thumb Code    20  stm32f4xx_hal_rcc.o(i.HAL_RCC_GetPCLK1Freq)
    HAL_RCC_GetPCLK2Freq                     0x080019ed   Thumb Code    20  stm32f4xx_hal_rcc.o(i.HAL_RCC_GetPCLK2Freq)
    HAL_RCC_GetSysClockFreq                  0x08001a0d   Thumb Code    88  stm32f4xx_hal_rcc.o(i.HAL_RCC_GetSysClockFreq)
    HAL_RCC_OscConfig                        0x08001a6d   Thumb Code   770  stm32f4xx_hal_rcc.o(i.HAL_RCC_OscConfig)
    HAL_SPI_Init                             0x08001d89   Thumb Code   128  stm32f4xx_hal_spi.o(i.HAL_SPI_Init)
    HAL_SPI_MspInit                          0x08001e09   Thumb Code    90  stm32f4xx_hal_msp.o(i.HAL_SPI_MspInit)
    HAL_TIMEx_BreakCallback                  0x08001e71   Thumb Code     2  stm32f4xx_hal_tim_ex.o(i.HAL_TIMEx_BreakCallback)
    HAL_TIMEx_CommutationCallback            0x08001e73   Thumb Code     2  stm32f4xx_hal_tim_ex.o(i.HAL_TIMEx_CommutationCallback)
    HAL_TIM_Base_Init                        0x08001e75   Thumb Code    54  stm32f4xx_hal_tim.o(i.HAL_TIM_Base_Init)
    HAL_TIM_Base_MspInit                     0x08001eab   Thumb Code     2  stm32f4xx_hal_tim.o(i.HAL_TIM_Base_MspInit)
    HAL_TIM_Base_Start_IT                    0x08001ead   Thumb Code    24  stm32f4xx_hal_tim.o(i.HAL_TIM_Base_Start_IT)
    HAL_TIM_IC_CaptureCallback               0x08001ec5   Thumb Code     2  stm32f4xx_hal_tim.o(i.HAL_TIM_IC_CaptureCallback)
    HAL_TIM_IRQHandler                       0x08001ec7   Thumb Code   358  stm32f4xx_hal_tim.o(i.HAL_TIM_IRQHandler)
    HAL_TIM_OC_DelayElapsedCallback          0x0800202d   Thumb Code     2  stm32f4xx_hal_tim.o(i.HAL_TIM_OC_DelayElapsedCallback)
    HAL_TIM_PWM_PulseFinishedCallback        0x0800202f   Thumb Code     2  stm32f4xx_hal_tim.o(i.HAL_TIM_PWM_PulseFinishedCallback)
    HAL_TIM_PeriodElapsedCallback            0x08002031   Thumb Code    14  main.o(i.HAL_TIM_PeriodElapsedCallback)
    HAL_TIM_TriggerCallback                  0x08002045   Thumb Code     2  stm32f4xx_hal_tim.o(i.HAL_TIM_TriggerCallback)
    HAL_UART_ErrorCallback                   0x08002047   Thumb Code     2  stm32f4xx_hal_uart.o(i.HAL_UART_ErrorCallback)
    HAL_UART_IRQHandler                      0x08002049   Thumb Code   266  stm32f4xx_hal_uart.o(i.HAL_UART_IRQHandler)
    HAL_UART_Init                            0x08002159   Thumb Code    98  stm32f4xx_hal_uart.o(i.HAL_UART_Init)
    HAL_UART_MspInit                         0x080021bd   Thumb Code   108  stm32f4xx_hal_msp.o(i.HAL_UART_MspInit)
    HAL_UART_RxCpltCallback                  0x08002235   Thumb Code     2  stm32f4xx_hal_uart.o(i.HAL_UART_RxCpltCallback)
    HAL_UART_TxCpltCallback                  0x08002237   Thumb Code     2  stm32f4xx_hal_uart.o(i.HAL_UART_TxCpltCallback)
    HardFault_Handler                        0x0800279d   Thumb Code     2  stm32f4xx_it.o(i.HardFault_Handler)
    MX_DriverVbusFS                          0x0800299d   Thumb Code    16  usbh_platform.o(i.MX_DriverVbusFS)
    MX_USB_HOST_Init                         0x080029b1   Thumb Code    30  usb_host.o(i.MX_USB_HOST_Init)
    MemManage_Handler                        0x080029dd   Thumb Code     2  stm32f4xx_it.o(i.MemManage_Handler)
    NMI_Handler                              0x080029df   Thumb Code     2  stm32f4xx_it.o(i.NMI_Handler)
    OTG_FS_IRQHandler                        0x08002a01   Thumb Code     6  stm32f4xx_it.o(i.OTG_FS_IRQHandler)
    SysTick_Handler                          0x08002a0d   Thumb Code    38  port.o(i.SysTick_Handler)
    SystemInit                               0x08002a39   Thumb Code    66  system_stm32f4xx.o(i.SystemInit)
    TIM6_DAC_IRQHandler                      0x08002a8d   Thumb Code     6  stm32f4xx_it.o(i.TIM6_DAC_IRQHandler)
    TIM_Base_SetConfig                       0x08002a99   Thumb Code   148  stm32f4xx_hal_tim.o(i.TIM_Base_SetConfig)
    USART2_IRQHandler                        0x08002f21   Thumb Code     6  stm32f4xx_it.o(i.USART2_IRQHandler)
    USBH_AllocPipe                           0x08002f2d   Thumb Code    52  usbh_pipes.o(i.USBH_AllocPipe)
    USBH_BulkReceiveData                     0x08002f61   Thumb Code    32  usbh_ioreq.o(i.USBH_BulkReceiveData)
    USBH_BulkSendData                        0x08002f81   Thumb Code    40  usbh_ioreq.o(i.USBH_BulkSendData)
    USBH_CDC_LineCodingChanged               0x0800315f   Thumb Code     2  usbh_cdc.o(i.USBH_CDC_LineCodingChanged)
    USBH_CDC_ReceiveCallback                 0x08003219   Thumb Code     2  usbh_cdc.o(i.USBH_CDC_ReceiveCallback)
    USBH_CDC_TransmitCallback                0x0800321f   Thumb Code     2  usbh_cdc.o(i.USBH_CDC_TransmitCallback)
    USBH_ClosePipe                           0x08003221   Thumb Code    10  usbh_pipes.o(i.USBH_ClosePipe)
    USBH_ClrFeature                          0x0800322b   Thumb Code    30  usbh_ctlreq.o(i.USBH_ClrFeature)
    USBH_CtlReceiveData                      0x08003249   Thumb Code    30  usbh_ioreq.o(i.USBH_CtlReceiveData)
    USBH_CtlReq                              0x08003267   Thumb Code    74  usbh_ctlreq.o(i.USBH_CtlReq)
    USBH_CtlSendData                         0x080032b1   Thumb Code    40  usbh_ioreq.o(i.USBH_CtlSendData)
    USBH_CtlSendSetup                        0x080032d9   Thumb Code    30  usbh_ioreq.o(i.USBH_CtlSendSetup)
    USBH_Delay                               0x080032f7   Thumb Code     4  usbh_conf.o(i.USBH_Delay)
    USBH_FindInterface                       0x080032fb   Thumb Code    68  usbh_core.o(i.USBH_FindInterface)
    USBH_FreePipe                            0x0800333f   Thumb Code    24  usbh_pipes.o(i.USBH_FreePipe)
    USBH_GetDescriptor                       0x08003357   Thumb Code    52  usbh_ctlreq.o(i.USBH_GetDescriptor)
    USBH_GetNextDesc                         0x0800338b   Thumb Code    14  usbh_ctlreq.o(i.USBH_GetNextDesc)
    USBH_Get_CfgDesc                         0x08003399   Thumb Code    44  usbh_ctlreq.o(i.USBH_Get_CfgDesc)
    USBH_Get_DevDesc                         0x080033c5   Thumb Code   154  usbh_ctlreq.o(i.USBH_Get_DevDesc)
    USBH_Get_StringDesc                      0x0800345f   Thumb Code    72  usbh_ctlreq.o(i.USBH_Get_StringDesc)
    USBH_Init                                0x08003749   Thumb Code    98  usbh_core.o(i.USBH_Init)
    USBH_LL_ClosePipe                        0x080037b1   Thumb Code    32  usbh_conf.o(i.USBH_LL_ClosePipe)
    USBH_LL_Connect                          0x080037d1   Thumb Code    56  usbh_core.o(i.USBH_LL_Connect)
    USBH_LL_Disconnect                       0x08003809   Thumb Code    68  usbh_core.o(i.USBH_LL_Disconnect)
    USBH_LL_DriverVBUS                       0x0800384d   Thumb Code    26  usbh_conf.o(i.USBH_LL_DriverVBUS)
    USBH_LL_GetLastXferSize                  0x08003867   Thumb Code     8  usbh_conf.o(i.USBH_LL_GetLastXferSize)
    USBH_LL_GetSpeed                         0x0800386f   Thumb Code    34  usbh_conf.o(i.USBH_LL_GetSpeed)
    USBH_LL_GetURBState                      0x08003891   Thumb Code     8  usbh_conf.o(i.USBH_LL_GetURBState)
    USBH_LL_IncTimer                         0x08003899   Thumb Code    30  usbh_core.o(i.USBH_LL_IncTimer)
    USBH_LL_Init                             0x080038b9   Thumb Code    74  usbh_conf.o(i.USBH_LL_Init)
    USBH_LL_NotifyURBChange                  0x08003909   Thumb Code    18  usbh_core.o(i.USBH_LL_NotifyURBChange)
    USBH_LL_OpenPipe                         0x0800391b   Thumb Code    42  usbh_conf.o(i.USBH_LL_OpenPipe)
    USBH_LL_ResetPort                        0x08003945   Thumb Code    32  usbh_conf.o(i.USBH_LL_ResetPort)
    USBH_LL_SetTimer                         0x08003965   Thumb Code     6  usbh_core.o(i.USBH_LL_SetTimer)
    USBH_LL_SetToggle                        0x0800396b   Thumb Code    32  usbh_conf.o(i.USBH_LL_SetToggle)
    USBH_LL_Start                            0x0800398b   Thumb Code    32  usbh_conf.o(i.USBH_LL_Start)
    USBH_LL_Stop                             0x080039ab   Thumb Code    32  usbh_conf.o(i.USBH_LL_Stop)
    USBH_LL_SubmitURB                        0x080039cb   Thumb Code    48  usbh_conf.o(i.USBH_LL_SubmitURB)
    USBH_OpenPipe                            0x080039fb   Thumb Code    20  usbh_pipes.o(i.USBH_OpenPipe)
    USBH_Process                             0x08003af7   Thumb Code   384  usbh_core.o(i.USBH_Process)
    USBH_RegisterClass                       0x08003c99   Thumb Code    28  usbh_core.o(i.USBH_RegisterClass)
    USBH_SelectInterface                     0x08003cb5   Thumb Code    22  usbh_core.o(i.USBH_SelectInterface)
    USBH_SetAddress                          0x08003ccb   Thumb Code    28  usbh_ctlreq.o(i.USBH_SetAddress)
    USBH_SetCfg                              0x08003ce7   Thumb Code    28  usbh_ctlreq.o(i.USBH_SetCfg)
    USBH_Start                               0x08003d03   Thumb Code    20  usbh_core.o(i.USBH_Start)
    USB_CoreInit                             0x08003d39   Thumb Code   104  stm32f4xx_ll_usb.o(i.USB_CoreInit)
    USB_DisableGlobalInt                     0x08003ddd   Thumb Code    12  stm32f4xx_ll_usb.o(i.USB_DisableGlobalInt)
    USB_DoPing                               0x08003de9   Thumb Code    60  stm32f4xx_ll_usb.o(i.USB_DoPing)
    USB_DriveVbus                            0x08003e29   Thumb Code    44  stm32f4xx_ll_usb.o(i.USB_DriveVbus)
    USB_EnableGlobalInt                      0x08003e55   Thumb Code    12  stm32f4xx_ll_usb.o(i.USB_EnableGlobalInt)
    USB_FlushRxFifo                          0x08003e61   Thumb Code    28  stm32f4xx_ll_usb.o(i.USB_FlushRxFifo)
    USB_FlushTxFifo                          0x08003e81   Thumb Code    32  stm32f4xx_ll_usb.o(i.USB_FlushTxFifo)
    USB_GetCurrentFrame                      0x08003ea5   Thumb Code     8  stm32f4xx_ll_usb.o(i.USB_GetCurrentFrame)
    USB_GetHostSpeed                         0x08003ead   Thumb Code    14  stm32f4xx_ll_usb.o(i.USB_GetHostSpeed)
    USB_GetMode                              0x08003ebb   Thumb Code     8  stm32f4xx_ll_usb.o(i.USB_GetMode)
    USB_HC_Halt                              0x08003ec3   Thumb Code   328  stm32f4xx_ll_usb.o(i.USB_HC_Halt)
    USB_HC_Init                              0x0800400d   Thumb Code   234  stm32f4xx_ll_usb.o(i.USB_HC_Init)
    USB_HC_ReadInterrupt                     0x080040f7   Thumb Code    12  stm32f4xx_ll_usb.o(i.USB_HC_ReadInterrupt)
    USB_HC_StartXfer                         0x08004105   Thumb Code   386  stm32f4xx_ll_usb.o(i.USB_HC_StartXfer)
    USB_HostInit                             0x0800428d   Thumb Code   192  stm32f4xx_ll_usb.o(i.USB_HostInit)
    USB_InitFSLSPClkSel                      0x08004361   Thumb Code    54  stm32f4xx_ll_usb.o(i.USB_InitFSLSPClkSel)
    USB_ReadInterrupts                       0x08004397   Thumb Code     8  stm32f4xx_ll_usb.o(i.USB_ReadInterrupts)
    USB_ReadPacket                           0x0800439f   Thumb Code    32  stm32f4xx_ll_usb.o(i.USB_ReadPacket)
    USB_ResetPort                            0x080043bf   Thumb Code    44  stm32f4xx_ll_usb.o(i.USB_ResetPort)
    USB_SetCurrentMode                       0x080043eb   Thumb Code    44  stm32f4xx_ll_usb.o(i.USB_SetCurrentMode)
    USB_StopHost                             0x08004417   Thumb Code   178  stm32f4xx_ll_usb.o(i.USB_StopHost)
    USB_WritePacket                          0x080044c9   Thumb Code    40  stm32f4xx_ll_usb.o(i.USB_WritePacket)
    UsageFault_Handler                       0x080044f1   Thumb Code     2  stm32f4xx_it.o(i.UsageFault_Handler)
    StartTask02(const void*)                 0x080044f5   Thumb Code    14  main.o(i._Z11StartTask02PKv)
    StartTask03(const void*)                 0x08004509   Thumb Code    14  main.o(i._Z11StartTask03PKv)
    StartTask04(const void*)                 0x0800451d   Thumb Code    14  main.o(i._Z11StartTask04PKv)
    StartDefaultTask(const void*)            0x080046c9   Thumb Code    18  main.o(i._Z16StartDefaultTaskPKv)
    SystemClock_Config()                     0x080046e1   Thumb Code   148  main.o(i._Z18SystemClock_Configv)
    Led::On()                                0x0800477d   Thumb Code    22  t_led.o(i._ZN3Led2OnEv)
    Led::Off()                               0x08004799   Thumb Code    20  t_led.o(i._ZN3Led3OffEv)
    Led::Test()                              0x080047b1   Thumb Code    30  t_led.o(i._ZN3Led4TestEv)
    Led::Toggle()                            0x080047d1   Thumb Code    26  t_led.o(i._ZN3Led6ToggleEv)
    Led::Led(unsigned short)                 0x080047f1   Thumb Code     4  t_led.o(i._ZN3LedC1Et)
    Led::Led__sub_object(unsigned short)     0x080047f1   Thumb Code     0  t_led.o(i._ZN3LedC1Et)
    Led::~Led()                              0x080047f5   Thumb Code     2  t_led.o(i._ZN3LedD1Ev)
    Led::~Led__sub_object()                  0x080047f5   Thumb Code     0  t_led.o(i._ZN3LedD1Ev)
    main                                     0x08004865   Thumb Code   300  main.o(i.main)
    osDelay                                  0x080049bd   Thumb Code    14  cmsis_os.o(i.osDelay)
    osKernelStart                            0x080049cb   Thumb Code    10  cmsis_os.o(i.osKernelStart)
    osMessageCreate                          0x080049d5   Thumb Code     8  cmsis_os.o(i.osMessageCreate)
    osMessageGet                             0x080049dd   Thumb Code   146  cmsis_os.o(i.osMessageGet)
    osMessagePut                             0x08004a75   Thumb Code    86  cmsis_os.o(i.osMessagePut)
    osThreadCreate                           0x08004ad1   Thumb Code    46  cmsis_os.o(i.osThreadCreate)
    pvPortMalloc                             0x08004f59   Thumb Code   210  heap_4.o(i.pvPortMalloc)
    pvTaskIncrementMutexHeldCount            0x08005031   Thumb Code    18  tasks.o(i.pvTaskIncrementMutexHeldCount)
    pxPortInitialiseStack                    0x08005049   Thumb Code    40  port.o(i.pxPortInitialiseStack)
    uxListRemove                             0x08005075   Thumb Code    36  list.o(i.uxListRemove)
    vListInitialise                          0x08005099   Thumb Code    22  list.o(i.vListInitialise)
    vListInitialiseItem                      0x080050af   Thumb Code     6  list.o(i.vListInitialiseItem)
    vListInsert                              0x080050b5   Thumb Code    48  list.o(i.vListInsert)
    vListInsertEnd                           0x080050e5   Thumb Code    24  list.o(i.vListInsertEnd)
    vPortEnterCritical                       0x080050fd   Thumb Code    54  port.o(i.vPortEnterCritical)
    vPortExitCritical                        0x0800513d   Thumb Code    34  port.o(i.vPortExitCritical)
    vPortFree                                0x08005165   Thumb Code    88  heap_4.o(i.vPortFree)
    vPortSetupTimerInterrupt                 0x080051c1   Thumb Code    26  port.o(i.vPortSetupTimerInterrupt)
    vPortValidateInterruptPriority           0x080051e1   Thumb Code    74  port.o(i.vPortValidateInterruptPriority)
    vTaskDelay                               0x08005235   Thumb Code    66  tasks.o(i.vTaskDelay)
    vTaskMissedYield                         0x08005281   Thumb Code     8  tasks.o(i.vTaskMissedYield)
    vTaskPlaceOnEventList                    0x0800528d   Thumb Code    44  tasks.o(i.vTaskPlaceOnEventList)
    vTaskPriorityInherit                     0x080052bd   Thumb Code   124  tasks.o(i.vTaskPriorityInherit)
    vTaskSetTimeOutState                     0x08005341   Thumb Code    30  tasks.o(i.vTaskSetTimeOutState)
    vTaskStartScheduler                      0x08005365   Thumb Code    86  tasks.o(i.vTaskStartScheduler)
    vTaskSuspendAll                          0x080053cd   Thumb Code    10  tasks.o(i.vTaskSuspendAll)
    vTaskSwitchContext                       0x080053dd   Thumb Code    82  tasks.o(i.vTaskSwitchContext)
    xPortStartScheduler                      0x08005439   Thumb Code   202  port.o(i.xPortStartScheduler)
    xQueueGenericCreate                      0x08005519   Thumb Code    72  queue.o(i.xQueueGenericCreate)
    xQueueGenericReceive                     0x08005561   Thumb Code   360  queue.o(i.xQueueGenericReceive)
    xQueueGenericReset                       0x080056cd   Thumb Code   132  queue.o(i.xQueueGenericReset)
    xQueueGenericSend                        0x08005755   Thumb Code   346  queue.o(i.xQueueGenericSend)
    xQueueGenericSendFromISR                 0x080058b5   Thumb Code   188  queue.o(i.xQueueGenericSendFromISR)
    xQueueReceiveFromISR                     0x08005971   Thumb Code   154  queue.o(i.xQueueReceiveFromISR)
    xTaskCheckForTimeOut                     0x08005a0d   Thumb Code   102  tasks.o(i.xTaskCheckForTimeOut)
    xTaskCreate                              0x08005a79   Thumb Code    86  tasks.o(i.xTaskCreate)
    xTaskGetSchedulerState                   0x08005ad1   Thumb Code    22  tasks.o(i.xTaskGetSchedulerState)
    xTaskIncrementTick                       0x08005aed   Thumb Code   192  tasks.o(i.xTaskIncrementTick)
    xTaskPriorityDisinherit                  0x08005bb5   Thumb Code   144  tasks.o(i.xTaskPriorityDisinherit)
    xTaskRemoveFromEventList                 0x08005c4d   Thumb Code   108  tasks.o(i.xTaskRemoveFromEventList)
    xTaskResumeAll                           0x08005cc1   Thumb Code   182  tasks.o(i.xTaskResumeAll)
    _fp_init                                 0x08005d85   Thumb Code    10  fpinit.o(x$fpl$fpinit)
    __fplib_config_fpu_vfp                   0x08005d8d   Thumb Code     0  fpinit.o(x$fpl$fpinit)
    __fplib_config_pureend_doubles           0x08005d8d   Thumb Code     0  fpinit.o(x$fpl$fpinit)
    AHBPrescTable                            0x08005de0   Data          16  system_stm32f4xx.o(.constdata)
    APBPrescTable                            0x08005df0   Data           8  system_stm32f4xx.o(.constdata)
    Region$$Table$$Base                      0x08005e54   Number         0  anon$$obj.o(Region$$Table)
    Region$$Table$$Limit                     0x08005e74   Number         0  anon$$obj.o(Region$$Table)
    SHT$$INIT_ARRAY$$Base                    0x08005e74   Number         0  main.o(.init_array)
    SHT$$INIT_ARRAY$$Limit                   0x08005e78   Number         0  init_aeabi.o(.init_array)
    Led1                                     0x20000000   Data           4  main.o(.data)
    Led2                                     0x20000004   Data           4  main.o(.data)
    Led3                                     0x20000008   Data           4  main.o(.data)
    Led4                                     0x2000000c   Data           4  main.o(.data)
    defaultTaskHandle                        0x20000010   Data           4  main.o(.data)
    myTask02Handle                           0x20000014   Data           4  main.o(.data)
    myTask03Handle                           0x20000018   Data           4  main.o(.data)
    myTask04Handle                           0x2000001c   Data           4  main.o(.data)
    Appli_state                              0x20000020   Data           1  usb_host.o(.data)
    uwTickFreq                               0x20000024   Data           1  stm32f4xx_hal.o(.data)
    uwTickPrio                               0x20000028   Data           4  stm32f4xx_hal.o(.data)
    uwTick                                   0x2000002c   Data           4  stm32f4xx_hal.o(.data)
    SystemCoreClock                          0x20000030   Data           4  system_stm32f4xx.o(.data)
    CDC_Class                                0x20000034   Data          32  usbh_cdc.o(.data)
    pxCurrentTCB                             0x20000054   Data           4  tasks.o(.data)
    hi2c1                                    0x200000b4   Data          84  main.o(.bss)
    hi2s3                                    0x20000108   Data          72  main.o(.bss)
    hspi1                                    0x20000150   Data          88  main.o(.bss)
    huart2                                   0x200001a8   Data          64  main.o(.bss)
    htim6                                    0x200001e8   Data          60  stm32f4xx_hal_timebase_tim.o(.bss)
    hhcd_USB_OTG_FS                          0x20000224   Data         664  usbh_conf.o(.bss)
    hUsbHostFS                               0x200004bc   Data         976  usb_host.o(.bss)
    __libspace_start                         0x2000457c   Data          96  libspace.o(.bss)
    __temporary_stack_top$libspace           0x200045dc   Data           0  libspace.o(.bss)



==============================================================================

Memory Map of the image

  Image Entry point : 0x08000189

  Load Region LR_IROM1 (Base: 0x08000000, Size: 0x00005f2c, Max: 0x00100000, ABSOLUTE)

    Execution Region ER_IROM1 (Exec base: 0x08000000, Load base: 0x08000000, Size: 0x00005e78, Max: 0x00100000, ABSOLUTE)

    Exec Addr    Load Addr    Size         Type   Attr      Idx    E Section Name        Object

    0x08000000   0x08000000   0x00000188   Data   RO            3    RESET               startup_stm32f407xx.o
    0x08000188   0x08000188   0x00000008   Code   RO         6350  * !!!main             c_w.l(__main.o)
    0x08000190   0x08000190   0x00000034   Code   RO         6575    !!!scatter          c_w.l(__scatter.o)
    0x080001c4   0x080001c4   0x0000001a   Code   RO         6577    !!handler_copy      c_w.l(__scatter_copy.o)
    0x080001de   0x080001de   0x00000002   PAD
    0x080001e0   0x080001e0   0x0000001c   Code   RO         6579    !!handler_zi        c_w.l(__scatter_zi.o)
    0x080001fc   0x080001fc   0x00000002   Code   RO         6530    .ARM.Collect$$libinit$$00000000  c_w.l(libinit.o)
    0x080001fe   0x080001fe   0x00000004   Code   RO         6400    .ARM.Collect$$libinit$$00000001  c_w.l(libinit2.o)
    0x08000202   0x08000202   0x00000000   Code   RO         6403    .ARM.Collect$$libinit$$00000004  c_w.l(libinit2.o)
    0x08000202   0x08000202   0x00000008   Code   RO         6404    .ARM.Collect$$libinit$$00000005  c_w.l(libinit2.o)
    0x0800020a   0x0800020a   0x00000000   Code   RO         6406    .ARM.Collect$$libinit$$0000000A  c_w.l(libinit2.o)
    0x0800020a   0x0800020a   0x00000000   Code   RO         6408    .ARM.Collect$$libinit$$0000000C  c_w.l(libinit2.o)
    0x0800020a   0x0800020a   0x00000000   Code   RO         6410    .ARM.Collect$$libinit$$0000000E  c_w.l(libinit2.o)
    0x0800020a   0x0800020a   0x00000000   Code   RO         6413    .ARM.Collect$$libinit$$00000011  c_w.l(libinit2.o)
    0x0800020a   0x0800020a   0x00000000   Code   RO         6415    .ARM.Collect$$libinit$$00000013  c_w.l(libinit2.o)
    0x0800020a   0x0800020a   0x00000000   Code   RO         6417    .ARM.Collect$$libinit$$00000015  c_w.l(libinit2.o)
    0x0800020a   0x0800020a   0x00000000   Code   RO         6419    .ARM.Collect$$libinit$$00000017  c_w.l(libinit2.o)
    0x0800020a   0x0800020a   0x00000000   Code   RO         6421    .ARM.Collect$$libinit$$00000019  c_w.l(libinit2.o)
    0x0800020a   0x0800020a   0x00000000   Code   RO         6423    .ARM.Collect$$libinit$$0000001B  c_w.l(libinit2.o)
    0x0800020a   0x0800020a   0x00000000   Code   RO         6425    .ARM.Collect$$libinit$$0000001D  c_w.l(libinit2.o)
    0x0800020a   0x0800020a   0x00000000   Code   RO         6427    .ARM.Collect$$libinit$$0000001F  c_w.l(libinit2.o)
    0x0800020a   0x0800020a   0x00000000   Code   RO         6429    .ARM.Collect$$libinit$$00000021  c_w.l(libinit2.o)
    0x0800020a   0x0800020a   0x00000000   Code   RO         6431    .ARM.Collect$$libinit$$00000023  c_w.l(libinit2.o)
    0x0800020a   0x0800020a   0x00000000   Code   RO         6433    .ARM.Collect$$libinit$$00000025  c_w.l(libinit2.o)
    0x0800020a   0x0800020a   0x00000000   Code   RO         6437    .ARM.Collect$$libinit$$0000002C  c_w.l(libinit2.o)
    0x0800020a   0x0800020a   0x00000000   Code   RO         6439    .ARM.Collect$$libinit$$0000002E  c_w.l(libinit2.o)
    0x0800020a   0x0800020a   0x00000000   Code   RO         6441    .ARM.Collect$$libinit$$00000030  c_w.l(libinit2.o)
    0x0800020a   0x0800020a   0x00000004   Code   RO         6442    .ARM.Collect$$libinit$$00000031  c_w.l(libinit2.o)
    0x0800020e   0x0800020e   0x00000000   Code   RO         6443    .ARM.Collect$$libinit$$00000032  c_w.l(libinit2.o)
    0x0800020e   0x0800020e   0x00000002   Code   RO         6444    .ARM.Collect$$libinit$$00000033  c_w.l(libinit2.o)
    0x08000210   0x08000210   0x00000002   Code   RO         6572    .ARM.Collect$$libshutdown$$00000000  c_w.l(libshutdown.o)
    0x08000212   0x08000212   0x00000006   Code   RO         6484    .ARM.Collect$$libshutdown$$00000001  c_w.l(libshutdown2.o)
    0x08000218   0x08000218   0x00000000   Code   RO         6485    .ARM.Collect$$libshutdown$$00000002  c_w.l(libshutdown2.o)
    0x08000218   0x08000218   0x00000000   Code   RO         6487    .ARM.Collect$$libshutdown$$00000004  c_w.l(libshutdown2.o)
    0x08000218   0x08000218   0x00000000   Code   RO         6490    .ARM.Collect$$libshutdown$$00000007  c_w.l(libshutdown2.o)
    0x08000218   0x08000218   0x00000000   Code   RO         6493    .ARM.Collect$$libshutdown$$0000000A  c_w.l(libshutdown2.o)
    0x08000218   0x08000218   0x00000000   Code   RO         6495    .ARM.Collect$$libshutdown$$0000000C  c_w.l(libshutdown2.o)
    0x08000218   0x08000218   0x00000000   Code   RO         6498    .ARM.Collect$$libshutdown$$0000000F  c_w.l(libshutdown2.o)
    0x08000218   0x08000218   0x00000002   Code   RO         6499    .ARM.Collect$$libshutdown$$00000010  c_w.l(libshutdown2.o)
    0x0800021a   0x0800021a   0x00000000   Code   RO         6360    .ARM.Collect$$rtentry$$00000000  c_w.l(__rtentry.o)
    0x0800021a   0x0800021a   0x00000000   Code   RO         6451    .ARM.Collect$$rtentry$$00000002  c_w.l(__rtentry2.o)
    0x0800021a   0x0800021a   0x00000006   Code   RO         6463    .ARM.Collect$$rtentry$$00000004  c_w.l(__rtentry4.o)
    0x08000220   0x08000220   0x00000000   Code   RO         6453    .ARM.Collect$$rtentry$$00000009  c_w.l(__rtentry2.o)
    0x08000220   0x08000220   0x00000004   Code   RO         6454    .ARM.Collect$$rtentry$$0000000A  c_w.l(__rtentry2.o)
    0x08000224   0x08000224   0x00000000   Code   RO         6456    .ARM.Collect$$rtentry$$0000000C  c_w.l(__rtentry2.o)
    0x08000224   0x08000224   0x00000008   Code   RO         6457    .ARM.Collect$$rtentry$$0000000D  c_w.l(__rtentry2.o)
    0x0800022c   0x0800022c   0x00000002   Code   RO         6533    .ARM.Collect$$rtexit$$00000000  c_w.l(rtexit.o)
    0x0800022e   0x0800022e   0x00000000   Code   RO         6548    .ARM.Collect$$rtexit$$00000002  c_w.l(rtexit2.o)
    0x0800022e   0x0800022e   0x00000004   Code   RO         6549    .ARM.Collect$$rtexit$$00000003  c_w.l(rtexit2.o)
    0x08000232   0x08000232   0x00000006   Code   RO         6550    .ARM.Collect$$rtexit$$00000004  c_w.l(rtexit2.o)
    0x08000238   0x08000238   0x000000ba   Code   RO         6193    .emb_text           port.o
    0x080002f2   0x080002f2   0x00000002   PAD
    0x080002f4   0x080002f4   0x00000000   Code   RO         6469    .emb_text           c_w.l(maybetermalloc1.o)
    0x080002f4   0x080002f4   0x00000040   Code   RO            4    .text               startup_stm32f407xx.o
    0x08000334   0x08000334   0x0000005e   Code   RO         6276    .text               c_w.l(h1_alloc.o)
    0x08000392   0x08000392   0x0000004e   Code   RO         6278    .text               c_w.l(h1_free.o)
    0x080003e0   0x080003e0   0x000000ee   Code   RO         6334    .text               c_w.l(lludivv7m.o)
    0x080004ce   0x080004ce   0x0000002e   Code   RO         6339    .text               c_w.l(aeabi_atexit.o)
    0x080004fc   0x080004fc   0x0000008a   Code   RO         6342    .text               c_w.l(rt_memcpy_v6.o)
    0x08000586   0x08000586   0x00000064   Code   RO         6344    .text               c_w.l(rt_memcpy_w.o)
    0x080005ea   0x080005ea   0x0000004e   Code   RO         6346    .text               c_w.l(rt_memclr_w.o)
    0x08000638   0x08000638   0x00000006   Code   RO         6348    .text               c_w.l(heapauxi.o)
    0x0800063e   0x0800063e   0x00000002   PAD
    0x08000640   0x08000640   0x00000024   Code   RO         6355    .text               c_w.l(init_aeabi.o)
    0x08000664   0x08000664   0x00000008   Code   RO         6368    .text               c_w.l(rt_heap_descriptor_intlibspace.o)
    0x0800066c   0x0800066c   0x00000008   Code   RO         6373    .text               c_w.l(rt_ddtor_pointer_addr_intlibspace.o)
    0x08000674   0x08000674   0x00000004   Code   RO         6375    .text               c_w.l(hguard.o)
    0x08000678   0x08000678   0x0000008a   Code   RO         6377    .text               c_w.l(init_alloc.o)
    0x08000702   0x08000702   0x0000000e   Code   RO         6381    .text               c_w.l(h1_init.o)
    0x08000710   0x08000710   0x00000042   Code   RO         6395    .text               c_w.l(cxa_finalize.o)
    0x08000752   0x08000752   0x00000002   PAD
    0x08000754   0x08000754   0x00000008   Code   RO         6447    .text               c_w.l(libspace.o)
    0x0800075c   0x0800075c   0x00000034   Code   RO         6471    .text               c_w.l(h1_extend.o)
    0x08000790   0x08000790   0x0000000e   Code   RO         6475    .text               c_w.l(defsig_rtmem_outer.o)
    0x0800079e   0x0800079e   0x00000002   Code   RO         6502    .text               c_w.l(use_no_semi.o)
    0x080007a0   0x080007a0   0x00000000   Code   RO         6504    .text               c_w.l(indicate_semi.o)
    0x080007a0   0x080007a0   0x0000004a   Code   RO         6505    .text               c_w.l(sys_stackheap_outer.o)
    0x080007ea   0x080007ea   0x00000012   Code   RO         6511    .text               c_w.l(exit.o)
    0x080007fc   0x080007fc   0x0000000a   Code   RO         6513    .text               c_w.l(defsig_exit.o)
    0x08000806   0x08000806   0x00000002   PAD
    0x08000808   0x08000808   0x00000050   Code   RO         6519    .text               c_w.l(defsig_rtmem_inner.o)
    0x08000858   0x08000858   0x0000000c   Code   RO         6531    .text               c_w.l(sys_exit.o)
    0x08000864   0x08000864   0x00000032   Code   RO         6541    .text               c_w.l(defsig_general.o)
    0x08000896   0x08000896   0x0000000e   Code   RO         6545    .text               c_w.l(sys_wrch.o)
    0x080008a4   0x080008a4   0x00000002   Code   RO          564    i.BusFault_Handler  stm32f4xx_it.o
    0x080008a6   0x080008a6   0x0000007a   Code   RO         5079    i.CDC_ProcessReception  usbh_cdc.o
    0x08000920   0x08000920   0x00000080   Code   RO         5080    i.CDC_ProcessTransmission  usbh_cdc.o
    0x080009a0   0x080009a0   0x00000048   Code   RO         4747    i.DeInitStateMachine  usbh_core.o
    0x080009e8   0x080009e8   0x00000002   Code   RO          565    i.DebugMon_Handler  stm32f4xx_it.o
    0x080009ea   0x080009ea   0x00000002   Code   RO           13    i.Error_Handler     main.o
    0x080009ec   0x080009ec   0x00000016   Code   RO         5081    i.GetLineCoding     usbh_cdc.o
    0x08000a02   0x08000a02   0x00000024   Code   RO         4127    i.HAL_DMA_Abort_IT  stm32f4xx_hal_dma.o
    0x08000a26   0x08000a26   0x00000002   PAD
    0x08000a28   0x08000a28   0x00000024   Code   RO         4545    i.HAL_Delay         stm32f4xx_hal.o
    0x08000a4c   0x08000a4c   0x000001b0   Code   RO         4019    i.HAL_GPIO_Init     stm32f4xx_hal_gpio.o
    0x08000bfc   0x08000bfc   0x00000008   Code   RO         4022    i.HAL_GPIO_TogglePin  stm32f4xx_hal_gpio.o
    0x08000c04   0x08000c04   0x0000000a   Code   RO         4023    i.HAL_GPIO_WritePin  stm32f4xx_hal_gpio.o
    0x08000c0e   0x08000c0e   0x00000002   PAD
    0x08000c10   0x08000c10   0x0000000c   Code   RO         4551    i.HAL_GetTick       stm32f4xx_hal.o
    0x08000c1c   0x08000c1c   0x00000008   Code   RO          783    i.HAL_HCD_Connect_Callback  usbh_conf.o
    0x08000c24   0x08000c24   0x00000008   Code   RO          784    i.HAL_HCD_Disconnect_Callback  usbh_conf.o
    0x08000c2c   0x08000c2c   0x00000006   Code   RO         1028    i.HAL_HCD_GetCurrentFrame  stm32f4xx_hal_hcd.o
    0x08000c32   0x08000c32   0x00000006   Code   RO         1029    i.HAL_HCD_GetCurrentSpeed  stm32f4xx_hal_hcd.o
    0x08000c38   0x08000c38   0x0000000e   Code   RO         1032    i.HAL_HCD_HC_GetURBState  stm32f4xx_hal_hcd.o
    0x08000c46   0x08000c46   0x0000000c   Code   RO         1033    i.HAL_HCD_HC_GetXferCount  stm32f4xx_hal_hcd.o
    0x08000c52   0x08000c52   0x00000024   Code   RO         1034    i.HAL_HCD_HC_Halt   stm32f4xx_hal_hcd.o
    0x08000c76   0x08000c76   0x00000054   Code   RO         1035    i.HAL_HCD_HC_Init   stm32f4xx_hal_hcd.o
    0x08000cca   0x08000cca   0x00000008   Code   RO          785    i.HAL_HCD_HC_NotifyURBChange_Callback  usbh_conf.o
    0x08000cd2   0x08000cd2   0x000000b6   Code   RO         1037    i.HAL_HCD_HC_SubmitRequest  stm32f4xx_hal_hcd.o
    0x08000d88   0x08000d88   0x0000012e   Code   RO         1038    i.HAL_HCD_IRQHandler  stm32f4xx_hal_hcd.o
    0x08000eb6   0x08000eb6   0x0000005a   Code   RO         1039    i.HAL_HCD_Init      stm32f4xx_hal_hcd.o
    0x08000f10   0x08000f10   0x00000078   Code   RO          787    i.HAL_HCD_MspInit   usbh_conf.o
    0x08000f88   0x08000f88   0x00000006   Code   RO         1042    i.HAL_HCD_ResetPort  stm32f4xx_hal_hcd.o
    0x08000f8e   0x08000f8e   0x00000008   Code   RO          788    i.HAL_HCD_SOF_Callback  usbh_conf.o
    0x08000f96   0x08000f96   0x0000002c   Code   RO         1044    i.HAL_HCD_Start     stm32f4xx_hal_hcd.o
    0x08000fc2   0x08000fc2   0x00000024   Code   RO         1045    i.HAL_HCD_Stop      stm32f4xx_hal_hcd.o
    0x08000fe6   0x08000fe6   0x00000002   PAD
    0x08000fe8   0x08000fe8   0x00000108   Code   RO         1483    i.HAL_I2C_Init      stm32f4xx_hal_i2c.o
    0x080010f0   0x080010f0   0x0000006c   Code   RO          673    i.HAL_I2C_MspInit   stm32f4xx_hal_msp.o
    0x0800115c   0x0800115c   0x000001e4   Code   RO         2067    i.HAL_I2SEx_FullDuplex_IRQHandler  stm32f4xx_hal_i2s_ex.o
    0x08001340   0x08001340   0x00000002   Code   RO         2071    i.HAL_I2SEx_TxRxCpltCallback  stm32f4xx_hal_i2s_ex.o
    0x08001342   0x08001342   0x00000002   Code   RO         1892    i.HAL_I2S_ErrorCallback  stm32f4xx_hal_i2s.o
    0x08001344   0x08001344   0x00000180   Code   RO         1896    i.HAL_I2S_Init      stm32f4xx_hal_i2s.o
    0x080014c4   0x080014c4   0x00000090   Code   RO          675    i.HAL_I2S_MspInit   stm32f4xx_hal_msp.o
    0x08001554   0x08001554   0x00000002   Code   RO         1902    i.HAL_I2S_RxCpltCallback  stm32f4xx_hal_i2s.o
    0x08001556   0x08001556   0x00000002   Code   RO         1907    i.HAL_I2S_TxCpltCallback  stm32f4xx_hal_i2s.o
    0x08001558   0x08001558   0x00000010   Code   RO         4555    i.HAL_IncTick       stm32f4xx_hal.o
    0x08001568   0x08001568   0x00000034   Code   RO         4556    i.HAL_Init          stm32f4xx_hal.o
    0x0800159c   0x0800159c   0x00000074   Code   RO          744    i.HAL_InitTick      stm32f4xx_hal_timebase_tim.o
    0x08001610   0x08001610   0x00000038   Code   RO          676    i.HAL_MspInit       stm32f4xx_hal_msp.o
    0x08001648   0x08001648   0x00000016   Code   RO         4408    i.HAL_NVIC_EnableIRQ  stm32f4xx_hal_cortex.o
    0x0800165e   0x0800165e   0x00000002   PAD
    0x08001660   0x08001660   0x00000040   Code   RO         4414    i.HAL_NVIC_SetPriority  stm32f4xx_hal_cortex.o
    0x080016a0   0x080016a0   0x00000024   Code   RO         4415    i.HAL_NVIC_SetPriorityGrouping  stm32f4xx_hal_cortex.o
    0x080016c4   0x080016c4   0x0000005c   Code   RO         3769    i.HAL_RCCEx_GetPeriphCLKFreq  stm32f4xx_hal_rcc_ex.o
    0x08001720   0x08001720   0x0000013c   Code   RO         3770    i.HAL_RCCEx_PeriphCLKConfig  stm32f4xx_hal_rcc_ex.o
    0x0800185c   0x0800185c   0x00000130   Code   RO         3665    i.HAL_RCC_ClockConfig  stm32f4xx_hal_rcc.o
    0x0800198c   0x0800198c   0x00000040   Code   RO         3669    i.HAL_RCC_GetClockConfig  stm32f4xx_hal_rcc.o
    0x080019cc   0x080019cc   0x00000020   Code   RO         3672    i.HAL_RCC_GetPCLK1Freq  stm32f4xx_hal_rcc.o
    0x080019ec   0x080019ec   0x00000020   Code   RO         3673    i.HAL_RCC_GetPCLK2Freq  stm32f4xx_hal_rcc.o
    0x08001a0c   0x08001a0c   0x00000060   Code   RO         3674    i.HAL_RCC_GetSysClockFreq  stm32f4xx_hal_rcc.o
    0x08001a6c   0x08001a6c   0x0000031c   Code   RO         3677    i.HAL_RCC_OscConfig  stm32f4xx_hal_rcc.o
    0x08001d88   0x08001d88   0x00000080   Code   RO         2162    i.HAL_SPI_Init      stm32f4xx_hal_spi.o
    0x08001e08   0x08001e08   0x00000068   Code   RO          678    i.HAL_SPI_MspInit   stm32f4xx_hal_msp.o
    0x08001e70   0x08001e70   0x00000002   Code   RO         3099    i.HAL_TIMEx_BreakCallback  stm32f4xx_hal_tim_ex.o
    0x08001e72   0x08001e72   0x00000002   Code   RO         3100    i.HAL_TIMEx_CommutationCallback  stm32f4xx_hal_tim_ex.o
    0x08001e74   0x08001e74   0x00000036   Code   RO         2470    i.HAL_TIM_Base_Init  stm32f4xx_hal_tim.o
    0x08001eaa   0x08001eaa   0x00000002   Code   RO         2472    i.HAL_TIM_Base_MspInit  stm32f4xx_hal_tim.o
    0x08001eac   0x08001eac   0x00000018   Code   RO         2475    i.HAL_TIM_Base_Start_IT  stm32f4xx_hal_tim.o
    0x08001ec4   0x08001ec4   0x00000002   Code   RO         2499    i.HAL_TIM_IC_CaptureCallback  stm32f4xx_hal_tim.o
    0x08001ec6   0x08001ec6   0x00000166   Code   RO         2512    i.HAL_TIM_IRQHandler  stm32f4xx_hal_tim.o
    0x0800202c   0x0800202c   0x00000002   Code   RO         2515    i.HAL_TIM_OC_DelayElapsedCallback  stm32f4xx_hal_tim.o
    0x0800202e   0x0800202e   0x00000002   Code   RO         2542    i.HAL_TIM_PWM_PulseFinishedCallback  stm32f4xx_hal_tim.o
    0x08002030   0x08002030   0x00000014   Code   RO           14    i.HAL_TIM_PeriodElapsedCallback  main.o
    0x08002044   0x08002044   0x00000002   Code   RO         2553    i.HAL_TIM_TriggerCallback  stm32f4xx_hal_tim.o
    0x08002046   0x08002046   0x00000002   Code   RO         3359    i.HAL_UART_ErrorCallback  stm32f4xx_hal_uart.o
    0x08002048   0x08002048   0x00000110   Code   RO         3362    i.HAL_UART_IRQHandler  stm32f4xx_hal_uart.o
    0x08002158   0x08002158   0x00000062   Code   RO         3363    i.HAL_UART_Init     stm32f4xx_hal_uart.o
    0x080021ba   0x080021ba   0x00000002   PAD
    0x080021bc   0x080021bc   0x00000078   Code   RO          680    i.HAL_UART_MspInit  stm32f4xx_hal_msp.o
    0x08002234   0x08002234   0x00000002   Code   RO         3369    i.HAL_UART_RxCpltCallback  stm32f4xx_hal_uart.o
    0x08002236   0x08002236   0x00000002   Code   RO         3374    i.HAL_UART_TxCpltCallback  stm32f4xx_hal_uart.o
    0x08002238   0x08002238   0x00000232   Code   RO         1046    i.HCD_HC_IN_IRQHandler  stm32f4xx_hal_hcd.o
    0x0800246a   0x0800246a   0x00000216   Code   RO         1047    i.HCD_HC_OUT_IRQHandler  stm32f4xx_hal_hcd.o
    0x08002680   0x08002680   0x000000ac   Code   RO         1048    i.HCD_Port_IRQHandler  stm32f4xx_hal_hcd.o
    0x0800272c   0x0800272c   0x00000070   Code   RO         1049    i.HCD_RXQLVL_IRQHandler  stm32f4xx_hal_hcd.o
    0x0800279c   0x0800279c   0x00000002   Code   RO          566    i.HardFault_Handler  stm32f4xx_it.o
    0x0800279e   0x0800279e   0x00000002   PAD
    0x080027a0   0x080027a0   0x00000088   Code   RO         2073    i.I2SEx_FullDuplexRx_IT  stm32f4xx_hal_i2s_ex.o
    0x08002828   0x08002828   0x00000084   Code   RO         2074    i.I2SEx_FullDuplexTx_IT  stm32f4xx_hal_i2s_ex.o
    0x080028ac   0x080028ac   0x000000f0   Code   RO         1914    i.I2S_IRQHandler    stm32f4xx_hal_i2s.o
    0x0800299c   0x0800299c   0x00000014   Code   RO          964    i.MX_DriverVbusFS   usbh_platform.o
    0x080029b0   0x080029b0   0x0000002c   Code   RO          988    i.MX_USB_HOST_Init  usb_host.o
    0x080029dc   0x080029dc   0x00000002   Code   RO          567    i.MemManage_Handler  stm32f4xx_it.o
    0x080029de   0x080029de   0x00000002   Code   RO          568    i.NMI_Handler       stm32f4xx_it.o
    0x080029e0   0x080029e0   0x00000020   Code   RO         4421    i.NVIC_SetPriority  stm32f4xx_hal_cortex.o
    0x08002a00   0x08002a00   0x0000000c   Code   RO          569    i.OTG_FS_IRQHandler  stm32f4xx_it.o
    0x08002a0c   0x08002a0c   0x0000002c   Code   RO         6194    i.SysTick_Handler   port.o
    0x08002a38   0x08002a38   0x00000054   Code   RO         4710    i.SystemInit        system_stm32f4xx.o
    0x08002a8c   0x08002a8c   0x0000000c   Code   RO          570    i.TIM6_DAC_IRQHandler  stm32f4xx_it.o
    0x08002a98   0x08002a98   0x000000c0   Code   RO         2554    i.TIM_Base_SetConfig  stm32f4xx_hal_tim.o
    0x08002b58   0x08002b58   0x00000010   Code   RO         3376    i.UART_DMAAbortOnError  stm32f4xx_hal_uart.o
    0x08002b68   0x08002b68   0x0000001c   Code   RO         3386    i.UART_EndRxTransfer  stm32f4xx_hal_uart.o
    0x08002b84   0x08002b84   0x0000008c   Code   RO         3388    i.UART_Receive_IT   stm32f4xx_hal_uart.o
    0x08002c10   0x08002c10   0x000002ac   Code   RO         3389    i.UART_SetConfig    stm32f4xx_hal_uart.o
    0x08002ebc   0x08002ebc   0x00000062   Code   RO         3390    i.UART_Transmit_IT  stm32f4xx_hal_uart.o
    0x08002f1e   0x08002f1e   0x00000002   PAD
    0x08002f20   0x08002f20   0x0000000c   Code   RO          571    i.USART2_IRQHandler  stm32f4xx_it.o
    0x08002f2c   0x08002f2c   0x00000034   Code   RO         5037    i.USBH_AllocPipe    usbh_pipes.o
    0x08002f60   0x08002f60   0x00000020   Code   RO         4965    i.USBH_BulkReceiveData  usbh_ioreq.o
    0x08002f80   0x08002f80   0x00000028   Code   RO         4966    i.USBH_BulkSendData  usbh_ioreq.o
    0x08002fa8   0x08002fa8   0x00000024   Code   RO         5082    i.USBH_CDC_ClassRequest  usbh_cdc.o
    0x08002fcc   0x08002fcc   0x0000005e   Code   RO         5085    i.USBH_CDC_InterfaceDeInit  usbh_cdc.o
    0x0800302a   0x0800302a   0x00000134   Code   RO         5086    i.USBH_CDC_InterfaceInit  usbh_cdc.o
    0x0800315e   0x0800315e   0x00000002   Code   RO         5087    i.USBH_CDC_LineCodingChanged  usbh_cdc.o
    0x08003160   0x08003160   0x000000b8   Code   RO         5088    i.USBH_CDC_Process  usbh_cdc.o
    0x08003218   0x08003218   0x00000002   Code   RO         5090    i.USBH_CDC_ReceiveCallback  usbh_cdc.o
    0x0800321a   0x0800321a   0x00000004   Code   RO         5091    i.USBH_CDC_SOFProcess  usbh_cdc.o
    0x0800321e   0x0800321e   0x00000002   Code   RO         5095    i.USBH_CDC_TransmitCallback  usbh_cdc.o
    0x08003220   0x08003220   0x0000000a   Code   RO         5038    i.USBH_ClosePipe    usbh_pipes.o
    0x0800322a   0x0800322a   0x0000001e   Code   RO         4877    i.USBH_ClrFeature   usbh_ctlreq.o
    0x08003248   0x08003248   0x0000001e   Code   RO         4967    i.USBH_CtlReceiveData  usbh_ioreq.o
    0x08003266   0x08003266   0x0000004a   Code   RO         4878    i.USBH_CtlReq       usbh_ctlreq.o
    0x080032b0   0x080032b0   0x00000028   Code   RO         4968    i.USBH_CtlSendData  usbh_ioreq.o
    0x080032d8   0x080032d8   0x0000001e   Code   RO         4969    i.USBH_CtlSendSetup  usbh_ioreq.o
    0x080032f6   0x080032f6   0x00000004   Code   RO          789    i.USBH_Delay        usbh_conf.o
    0x080032fa   0x080032fa   0x00000044   Code   RO         4749    i.USBH_FindInterface  usbh_core.o
    0x0800333e   0x0800333e   0x00000018   Code   RO         5039    i.USBH_FreePipe     usbh_pipes.o
    0x08003356   0x08003356   0x00000034   Code   RO         4879    i.USBH_GetDescriptor  usbh_ctlreq.o
    0x0800338a   0x0800338a   0x0000000e   Code   RO         4880    i.USBH_GetNextDesc  usbh_ctlreq.o
    0x08003398   0x08003398   0x0000002c   Code   RO         4881    i.USBH_Get_CfgDesc  usbh_ctlreq.o
    0x080033c4   0x080033c4   0x0000009a   Code   RO         4882    i.USBH_Get_DevDesc  usbh_ctlreq.o
    0x0800345e   0x0800345e   0x00000048   Code   RO         4883    i.USBH_Get_StringDesc  usbh_ctlreq.o
    0x080034a6   0x080034a6   0x0000018c   Code   RO         4884    i.USBH_HandleControl  usbh_ctlreq.o
    0x08003632   0x08003632   0x00000116   Code   RO         4752    i.USBH_HandleEnum   usbh_core.o
    0x08003748   0x08003748   0x00000068   Code   RO         4753    i.USBH_Init         usbh_core.o
    0x080037b0   0x080037b0   0x00000020   Code   RO          790    i.USBH_LL_ClosePipe  usbh_conf.o
    0x080037d0   0x080037d0   0x00000038   Code   RO         4754    i.USBH_LL_Connect   usbh_core.o
    0x08003808   0x08003808   0x00000044   Code   RO         4755    i.USBH_LL_Disconnect  usbh_core.o
    0x0800384c   0x0800384c   0x0000001a   Code   RO          792    i.USBH_LL_DriverVBUS  usbh_conf.o
    0x08003866   0x08003866   0x00000008   Code   RO          793    i.USBH_LL_GetLastXferSize  usbh_conf.o
    0x0800386e   0x0800386e   0x00000022   Code   RO          794    i.USBH_LL_GetSpeed  usbh_conf.o
    0x08003890   0x08003890   0x00000008   Code   RO          796    i.USBH_LL_GetURBState  usbh_conf.o
    0x08003898   0x08003898   0x0000001e   Code   RO         4756    i.USBH_LL_IncTimer  usbh_core.o
    0x080038b6   0x080038b6   0x00000002   PAD
    0x080038b8   0x080038b8   0x00000050   Code   RO          797    i.USBH_LL_Init      usbh_conf.o
    0x08003908   0x08003908   0x00000012   Code   RO         4757    i.USBH_LL_NotifyURBChange  usbh_core.o
    0x0800391a   0x0800391a   0x0000002a   Code   RO          798    i.USBH_LL_OpenPipe  usbh_conf.o
    0x08003944   0x08003944   0x00000020   Code   RO          799    i.USBH_LL_ResetPort  usbh_conf.o
    0x08003964   0x08003964   0x00000006   Code   RO         4758    i.USBH_LL_SetTimer  usbh_core.o
    0x0800396a   0x0800396a   0x00000020   Code   RO          800    i.USBH_LL_SetToggle  usbh_conf.o
    0x0800398a   0x0800398a   0x00000020   Code   RO          801    i.USBH_LL_Start     usbh_conf.o
    0x080039aa   0x080039aa   0x00000020   Code   RO          802    i.USBH_LL_Stop      usbh_conf.o
    0x080039ca   0x080039ca   0x00000030   Code   RO          803    i.USBH_LL_SubmitURB  usbh_conf.o
    0x080039fa   0x080039fa   0x00000014   Code   RO         5040    i.USBH_OpenPipe     usbh_pipes.o
    0x08003a0e   0x08003a0e   0x000000e8   Code   RO         4885    i.USBH_ParseCfgDesc  usbh_ctlreq.o
    0x08003af6   0x08003af6   0x00000180   Code   RO         4759    i.USBH_Process      usbh_core.o
    0x08003c76   0x08003c76   0x00000022   Code   RO         4760    i.USBH_Process_OS   usbh_core.o
    0x08003c98   0x08003c98   0x0000001c   Code   RO         4762    i.USBH_RegisterClass  usbh_core.o
    0x08003cb4   0x08003cb4   0x00000016   Code   RO         4763    i.USBH_SelectInterface  usbh_core.o
    0x08003cca   0x08003cca   0x0000001c   Code   RO         4886    i.USBH_SetAddress   usbh_ctlreq.o
    0x08003ce6   0x08003ce6   0x0000001c   Code   RO         4887    i.USBH_SetCfg       usbh_ctlreq.o
    0x08003d02   0x08003d02   0x00000014   Code   RO         4764    i.USBH_Start        usbh_core.o
    0x08003d16   0x08003d16   0x00000002   PAD
    0x08003d18   0x08003d18   0x00000020   Code   RO          989    i.USBH_UserProcess  usb_host.o
    0x08003d38   0x08003d38   0x0000006c   Code   RO         1193    i.USB_CoreInit      stm32f4xx_ll_usb.o
    0x08003da4   0x08003da4   0x00000038   Code   RO         1194    i.USB_CoreReset     stm32f4xx_ll_usb.o
    0x08003ddc   0x08003ddc   0x0000000c   Code   RO         1200    i.USB_DisableGlobalInt  stm32f4xx_ll_usb.o
    0x08003de8   0x08003de8   0x00000040   Code   RO         1201    i.USB_DoPing        stm32f4xx_ll_usb.o
    0x08003e28   0x08003e28   0x0000002c   Code   RO         1202    i.USB_DriveVbus     stm32f4xx_ll_usb.o
    0x08003e54   0x08003e54   0x0000000c   Code   RO         1208    i.USB_EnableGlobalInt  stm32f4xx_ll_usb.o
    0x08003e60   0x08003e60   0x00000020   Code   RO         1209    i.USB_FlushRxFifo   stm32f4xx_ll_usb.o
    0x08003e80   0x08003e80   0x00000024   Code   RO         1210    i.USB_FlushTxFifo   stm32f4xx_ll_usb.o
    0x08003ea4   0x08003ea4   0x00000008   Code   RO         1211    i.USB_GetCurrentFrame  stm32f4xx_ll_usb.o
    0x08003eac   0x08003eac   0x0000000e   Code   RO         1213    i.USB_GetHostSpeed  stm32f4xx_ll_usb.o
    0x08003eba   0x08003eba   0x00000008   Code   RO         1214    i.USB_GetMode       stm32f4xx_ll_usb.o
    0x08003ec2   0x08003ec2   0x00000148   Code   RO         1215    i.USB_HC_Halt       stm32f4xx_ll_usb.o
    0x0800400a   0x0800400a   0x00000002   PAD
    0x0800400c   0x0800400c   0x000000ea   Code   RO         1216    i.USB_HC_Init       stm32f4xx_ll_usb.o
    0x080040f6   0x080040f6   0x0000000c   Code   RO         1217    i.USB_HC_ReadInterrupt  stm32f4xx_ll_usb.o
    0x08004102   0x08004102   0x00000002   PAD
    0x08004104   0x08004104   0x00000188   Code   RO         1218    i.USB_HC_StartXfer  stm32f4xx_ll_usb.o
    0x0800428c   0x0800428c   0x000000d4   Code   RO         1219    i.USB_HostInit      stm32f4xx_ll_usb.o
    0x08004360   0x08004360   0x00000036   Code   RO         1220    i.USB_InitFSLSPClkSel  stm32f4xx_ll_usb.o
    0x08004396   0x08004396   0x00000008   Code   RO         1225    i.USB_ReadInterrupts  stm32f4xx_ll_usb.o
    0x0800439e   0x0800439e   0x00000020   Code   RO         1226    i.USB_ReadPacket    stm32f4xx_ll_usb.o
    0x080043be   0x080043be   0x0000002c   Code   RO         1227    i.USB_ResetPort     stm32f4xx_ll_usb.o
    0x080043ea   0x080043ea   0x0000002c   Code   RO         1228    i.USB_SetCurrentMode  stm32f4xx_ll_usb.o
    0x08004416   0x08004416   0x000000b2   Code   RO         1232    i.USB_StopHost      stm32f4xx_ll_usb.o
    0x080044c8   0x080044c8   0x00000028   Code   RO         1233    i.USB_WritePacket   stm32f4xx_ll_usb.o
    0x080044f0   0x080044f0   0x00000002   Code   RO          572    i.UsageFault_Handler  stm32f4xx_it.o
    0x080044f2   0x080044f2   0x00000002   PAD
    0x080044f4   0x080044f4   0x00000014   Code   RO           15    i._Z11StartTask02PKv  main.o
    0x08004508   0x08004508   0x00000014   Code   RO           16    i._Z11StartTask03PKv  main.o
    0x0800451c   0x0800451c   0x00000014   Code   RO           17    i._Z11StartTask04PKv  main.o
    0x08004530   0x08004530   0x00000164   Code   RO           18    i._Z12MX_GPIO_Initv  main.o
    0x08004694   0x08004694   0x00000034   Code   RO           19    i._Z12MX_SPI1_Initv  main.o
    0x080046c8   0x080046c8   0x00000018   Code   RO           20    i._Z16StartDefaultTaskPKv  main.o
    0x080046e0   0x080046e0   0x0000009c   Code   RO           21    i._Z18SystemClock_Configv  main.o
    0x0800477c   0x0800477c   0x0000001c   Code   RO          278    i._ZN3Led2OnEv      t_led.o
    0x08004798   0x08004798   0x00000018   Code   RO          279    i._ZN3Led3OffEv     t_led.o
    0x080047b0   0x080047b0   0x0000001e   Code   RO          280    i._ZN3Led4TestEv    t_led.o
    0x080047ce   0x080047ce   0x00000002   PAD
    0x080047d0   0x080047d0   0x00000020   Code   RO          281    i._ZN3Led6ToggleEv  t_led.o
    0x080047f0   0x080047f0   0x00000004   Code   RO          282    i._ZN3LedC1Et       t_led.o
    0x080047f4   0x080047f4   0x00000002   Code   RO          283    i._ZN3LedD1Ev       t_led.o
    0x080047f6   0x080047f6   0x00000002   PAD
    0x080047f8   0x080047f8   0x00000060   Code   RO           22    i.__sti___8_main_cpp_Led1  main.o
    0x08004858   0x08004858   0x0000000c   Code   RO         5757    i.inHandlerMode     cmsis_os.o
    0x08004864   0x08004864   0x0000014c   Code   RO           23    i.main              main.o
    0x080049b0   0x080049b0   0x0000000c   Code   RO         5759    i.makeFreeRtosPriority  cmsis_os.o
    0x080049bc   0x080049bc   0x0000000e   Code   RO         5761    i.osDelay           cmsis_os.o
    0x080049ca   0x080049ca   0x0000000a   Code   RO         5764    i.osKernelStart     cmsis_os.o
    0x080049d4   0x080049d4   0x00000008   Code   RO         5773    i.osMessageCreate   cmsis_os.o
    0x080049dc   0x080049dc   0x00000098   Code   RO         5775    i.osMessageGet      cmsis_os.o
    0x08004a74   0x08004a74   0x0000005c   Code   RO         5777    i.osMessagePut      cmsis_os.o
    0x08004ad0   0x08004ad0   0x0000002e   Code   RO         5798    i.osThreadCreate    cmsis_os.o
    0x08004afe   0x08004afe   0x00000002   PAD
    0x08004b00   0x08004b00   0x00000070   Code   RO         5470    i.prvAddCurrentTaskToDelayedList  tasks.o
    0x08004b70   0x08004b70   0x000000d0   Code   RO         5471    i.prvAddNewTaskToReadyList  tasks.o
    0x08004c40   0x08004c40   0x00000050   Code   RO         5472    i.prvCheckTasksWaitingTermination  tasks.o
    0x08004c90   0x08004c90   0x00000026   Code   RO         5330    i.prvCopyDataFromQueue  queue.o
    0x08004cb6   0x08004cb6   0x0000006c   Code   RO         5331    i.prvCopyDataToQueue  queue.o
    0x08004d22   0x08004d22   0x00000014   Code   RO         5473    i.prvDeleteTCB      tasks.o
    0x08004d36   0x08004d36   0x00000002   PAD
    0x08004d38   0x08004d38   0x0000004c   Code   RO         6132    i.prvHeapInit       heap_4.o
    0x08004d84   0x08004d84   0x00000028   Code   RO         5474    i.prvIdleTask       tasks.o
    0x08004dac   0x08004dac   0x0000008e   Code   RO         5475    i.prvInitialiseNewTask  tasks.o
    0x08004e3a   0x08004e3a   0x00000002   PAD
    0x08004e3c   0x08004e3c   0x0000004c   Code   RO         6133    i.prvInsertBlockIntoFreeList  heap_4.o
    0x08004e88   0x08004e88   0x0000001c   Code   RO         5332    i.prvIsQueueEmpty   queue.o
    0x08004ea4   0x08004ea4   0x00000020   Code   RO         5476    i.prvResetNextTaskUnblockTime  tasks.o
    0x08004ec4   0x08004ec4   0x00000028   Code   RO         6195    i.prvTaskExitError  port.o
    0x08004eec   0x08004eec   0x0000006a   Code   RO         5333    i.prvUnlockQueue    queue.o
    0x08004f56   0x08004f56   0x00000002   PAD
    0x08004f58   0x08004f58   0x000000d8   Code   RO         6134    i.pvPortMalloc      heap_4.o
    0x08005030   0x08005030   0x00000018   Code   RO         5478    i.pvTaskIncrementMutexHeldCount  tasks.o
    0x08005048   0x08005048   0x0000002c   Code   RO         6196    i.pxPortInitialiseStack  port.o
    0x08005074   0x08005074   0x00000024   Code   RO         5293    i.uxListRemove      list.o
    0x08005098   0x08005098   0x00000016   Code   RO         5294    i.vListInitialise   list.o
    0x080050ae   0x080050ae   0x00000006   Code   RO         5295    i.vListInitialiseItem  list.o
    0x080050b4   0x080050b4   0x00000030   Code   RO         5296    i.vListInsert       list.o
    0x080050e4   0x080050e4   0x00000018   Code   RO         5297    i.vListInsertEnd    list.o
    0x080050fc   0x080050fc   0x00000040   Code   RO         6198    i.vPortEnterCritical  port.o
    0x0800513c   0x0800513c   0x00000028   Code   RO         6199    i.vPortExitCritical  port.o
    0x08005164   0x08005164   0x0000005c   Code   RO         6135    i.vPortFree         heap_4.o
    0x080051c0   0x080051c0   0x00000020   Code   RO         6200    i.vPortSetupTimerInterrupt  port.o
    0x080051e0   0x080051e0   0x00000054   Code   RO         6201    i.vPortValidateInterruptPriority  port.o
    0x08005234   0x08005234   0x0000004c   Code   RO         5484    i.vTaskDelay        tasks.o
    0x08005280   0x08005280   0x0000000c   Code   RO         5487    i.vTaskMissedYield  tasks.o
    0x0800528c   0x0800528c   0x00000030   Code   RO         5489    i.vTaskPlaceOnEventList  tasks.o
    0x080052bc   0x080052bc   0x00000084   Code   RO         5491    i.vTaskPriorityInherit  tasks.o
    0x08005340   0x08005340   0x00000024   Code   RO         5494    i.vTaskSetTimeOutState  tasks.o
    0x08005364   0x08005364   0x00000068   Code   RO         5495    i.vTaskStartScheduler  tasks.o
    0x080053cc   0x080053cc   0x00000010   Code   RO         5497    i.vTaskSuspendAll   tasks.o
    0x080053dc   0x080053dc   0x0000005c   Code   RO         5498    i.vTaskSwitchContext  tasks.o
    0x08005438   0x08005438   0x000000e0   Code   RO         6202    i.xPortStartScheduler  port.o
    0x08005518   0x08005518   0x00000048   Code   RO         5341    i.xQueueGenericCreate  queue.o
    0x08005560   0x08005560   0x0000016c   Code   RO         5342    i.xQueueGenericReceive  queue.o
    0x080056cc   0x080056cc   0x00000088   Code   RO         5343    i.xQueueGenericReset  queue.o
    0x08005754   0x08005754   0x00000160   Code   RO         5344    i.xQueueGenericSend  queue.o
    0x080058b4   0x080058b4   0x000000bc   Code   RO         5345    i.xQueueGenericSendFromISR  queue.o
    0x08005970   0x08005970   0x0000009a   Code   RO         5350    i.xQueueReceiveFromISR  queue.o
    0x08005a0a   0x08005a0a   0x00000002   PAD
    0x08005a0c   0x08005a0c   0x0000006c   Code   RO         5499    i.xTaskCheckForTimeOut  tasks.o
    0x08005a78   0x08005a78   0x00000056   Code   RO         5500    i.xTaskCreate       tasks.o
    0x08005ace   0x08005ace   0x00000002   PAD
    0x08005ad0   0x08005ad0   0x0000001c   Code   RO         5504    i.xTaskGetSchedulerState  tasks.o
    0x08005aec   0x08005aec   0x000000c8   Code   RO         5507    i.xTaskIncrementTick  tasks.o
    0x08005bb4   0x08005bb4   0x00000098   Code   RO         5510    i.xTaskPriorityDisinherit  tasks.o
    0x08005c4c   0x08005c4c   0x00000074   Code   RO         5511    i.xTaskRemoveFromEventList  tasks.o
    0x08005cc0   0x08005cc0   0x000000c4   Code   RO         5513    i.xTaskResumeAll    tasks.o
    0x08005d84   0x08005d84   0x0000000a   Code   RO         6500    x$fpl$fpinit        fz_wm.l(fpinit.o)
    0x08005d8e   0x08005d8e   0x00000002   PAD
    0x08005d90   0x08005d90   0x00000050   Data   RO           36    .constdata          main.o
    0x08005de0   0x08005de0   0x00000010   Data   RO         4711    .constdata          system_stm32f4xx.o
    0x08005df0   0x08005df0   0x00000008   Data   RO         4712    .constdata          system_stm32f4xx.o
    0x08005df8   0x08005df8   0x0000001c   Data   RO         4766    .constdata          usbh_core.o
    0x08005e14   0x08005e14   0x00000030   Data   RO           37    .conststring        main.o
    0x08005e44   0x08005e44   0x0000000c   Data   RO         4767    .conststring        usbh_core.o
    0x08005e50   0x08005e50   0x00000004   Data   RO         5096    .conststring        usbh_cdc.o
    0x08005e54   0x08005e54   0x00000020   Data   RO         6573    Region$$Table       anon$$obj.o
    0x08005e74   0x08005e74   0x00000004   Data   RO           39    .init_array         main.o
    0x08005e78   0x08005e74   0x00000000   Data   RO         6353    .init_array         c_w.l(init_aeabi.o)


    Execution Region RW_IRAM1 (Exec base: 0x20000000, Load base: 0x08005e78, Size: 0x00004be0, Max: 0x00020000, ABSOLUTE)

    Exec Addr    Load Addr    Size         Type   Attr      Idx    E Section Name        Object

    0x20000000   0x08005e78   0x00000020   Data   RW           38    .data               main.o
    0x20000020   0x08005e98   0x00000001   Data   RW          991    .data               usb_host.o
    0x20000021   0x08005e99   0x00000003   PAD
    0x20000024   0x08005e9c   0x0000000c   Data   RW         4563    .data               stm32f4xx_hal.o
    0x20000030   0x08005ea8   0x00000004   Data   RW         4713    .data               system_stm32f4xx.o
    0x20000034   0x08005eac   0x00000020   Data   RW         5097    .data               usbh_cdc.o
    0x20000054   0x08005ecc   0x0000003c   Data   RW         5516    .data               tasks.o
    0x20000090   0x08005f08   0x00000018   Data   RW         6140    .data               heap_4.o
    0x200000a8   0x08005f20   0x0000000c   Data   RW         6203    .data               port.o
    0x200000b4        -       0x00000134   Zero   RW           35    .bss                main.o
    0x200001e8        -       0x0000003c   Zero   RW          747    .bss                stm32f4xx_hal_timebase_tim.o
    0x20000224        -       0x00000298   Zero   RW          804    .bss                usbh_conf.o
    0x200004bc        -       0x000003d0   Zero   RW          990    .bss                usb_host.o
    0x2000088c        -       0x000000f0   Zero   RW         5515    .bss                tasks.o
    0x2000097c        -       0x00003c00   Zero   RW         6139    .bss                heap_4.o
    0x2000457c        -       0x00000060   Zero   RW         6448    .bss                c_w.l(libspace.o)
    0x200045dc   0x08005f2c   0x00000004   PAD
    0x200045e0        -       0x00000200   Zero   RW            2    HEAP                startup_stm32f407xx.o
    0x200047e0        -       0x00000400   Zero   RW            1    STACK               startup_stm32f407xx.o


==============================================================================

Image component sizes


      Code (inc. data)   RO Data    RW Data    ZI Data      Debug   Object Name

       346         12          0          0          0      17721   cmsis_os.o
         0          0          0          0          0       9620   event_groups.o
         0          0          0          0          0     712476   freertos.o
       460         24          0         24      15360       7559   heap_4.o
       136          0          0          0          0       3734   list.o
      1098        120        132         32        308     714576   main.o
       758         84          0         12          0      12273   port.o
      1546         14          0          0          0      14152   queue.o
        64         26        392          0       1536        876   startup_stm32f407xx.o
       116         18          0         12          0       4078   stm32f4xx_hal.o
       154         14          0          0          0      29778   stm32f4xx_hal_cortex.o
        36          0          0          0          0       1279   stm32f4xx_hal_dma.o
       450         44          0          0          0       3161   stm32f4xx_hal_gpio.o
      2198          4          0          0          0      13909   stm32f4xx_hal_hcd.o
       264         10          0          0          0       3051   stm32f4xx_hal_i2c.o
       630         18          0          0          0       4373   stm32f4xx_hal_i2s.o
       754         26          0          0          0       3767   stm32f4xx_hal_i2s_ex.o
       532         60          0          0          0       4023   stm32f4xx_hal_msp.o
      1324         86          0          0          0       6025   stm32f4xx_hal_rcc.o
       408         36          0          0          0       2377   stm32f4xx_hal_rcc_ex.o
       128          0          0          0          0       1275   stm32f4xx_hal_spi.o
       638         44          0          0          0       7362   stm32f4xx_hal_tim.o
         4          0          0          0          0       1706   stm32f4xx_hal_tim_ex.o
       116         16          0          0         60       1515   stm32f4xx_hal_timebase_tim.o
      1342         14          0          0          0       7807   stm32f4xx_hal_uart.o
        48         18          0          0          0      14935   stm32f4xx_it.o
      1972         48          0          0          0      17959   stm32f4xx_ll_usb.o
        84         18         24          4          0       1275   system_stm32f4xx.o
       120         16          0          0          0       5508   t_led.o
      2060        172          0         60        240      23185   tasks.o
        76         18          0          1        976       1832   usb_host.o
       904          6          4         32          0      13136   usbh_cdc.o
       562         16          0          0        664      20716   usbh_conf.o
      1188         26         40          0          0      11638   usbh_core.o
      1124         12          0          0          0      10200   usbh_ctlreq.o
       172          0          0          0          0       4540   usbh_ioreq.o
       106          0          0          0          0       3522   usbh_pipes.o
        20          4          0          0          0        578   usbh_platform.o

    ----------------------------------------------------------------------
     21980       1024        624        180      19144    1717497   Object Totals
         0          0         32          0          0          0   (incl. Generated)
        42          0          0          3          0          0   (incl. Padding)

    ----------------------------------------------------------------------

      Code (inc. data)   RO Data    RW Data    ZI Data      Debug   Library Member Name

         8          0          0          0          0         68   __main.o
         0          0          0          0          0          0   __rtentry.o
        12          0          0          0          0          0   __rtentry2.o
         6          0          0          0          0          0   __rtentry4.o
        52          8          0          0          0          0   __scatter.o
        26          0          0          0          0          0   __scatter_copy.o
        28          0          0          0          0          0   __scatter_zi.o
        46          0          0          0          0         84   aeabi_atexit.o
        66          0          0          0          0         84   cxa_finalize.o
        10          0          0          0          0         68   defsig_exit.o
        50          0          0          0          0         88   defsig_general.o
        80         58          0          0          0         76   defsig_rtmem_inner.o
        14          0          0          0          0         80   defsig_rtmem_outer.o
        18          0          0          0          0         80   exit.o
        94          0          0          0          0         80   h1_alloc.o
        52          0          0          0          0         68   h1_extend.o
        78          0          0          0          0         80   h1_free.o
        14          0          0          0          0         84   h1_init.o
         6          0          0          0          0        152   heapauxi.o
         4          0          0          0          0        136   hguard.o
         0          0          0          0          0          0   indicate_semi.o
        36         10          0          0          0         80   init_aeabi.o
       138          0          0          0          0        168   init_alloc.o
         2          0          0          0          0          0   libinit.o
        18          0          0          0          0          0   libinit2.o
         2          0          0          0          0          0   libshutdown.o
         8          0          0          0          0          0   libshutdown2.o
         8          4          0          0         96         68   libspace.o
       238          0          0          0          0        100   lludivv7m.o
         0          0          0          0          0          0   maybetermalloc1.o
         8          4          0          0          0         68   rt_ddtor_pointer_addr_intlibspace.o
         8          4          0          0          0         68   rt_heap_descriptor_intlibspace.o
        78          0          0          0          0         80   rt_memclr_w.o
       138          0          0          0          0         68   rt_memcpy_v6.o
       100          0          0          0          0         80   rt_memcpy_w.o
         2          0          0          0          0          0   rtexit.o
        10          0          0          0          0          0   rtexit2.o
        12          4          0          0          0         68   sys_exit.o
        74          0          0          0          0         80   sys_stackheap_outer.o
        14          0          0          0          0         76   sys_wrch.o
         2          0          0          0          0         68   use_no_semi.o
        10          0          0          0          0        116   fpinit.o

    ----------------------------------------------------------------------
      1580         92          0          0        100       2416   Library Totals
        10          0          0          0          4          0   (incl. Padding)

    ----------------------------------------------------------------------

      Code (inc. data)   RO Data    RW Data    ZI Data      Debug   Library Name

      1560         92          0          0         96       2300   c_w.l
        10          0          0          0          0        116   fz_wm.l

    ----------------------------------------------------------------------
      1580         92          0          0        100       2416   Library Totals

    ----------------------------------------------------------------------

==============================================================================


      Code (inc. data)   RO Data    RW Data    ZI Data      Debug   

     23560       1116        624        180      19244    1694665   Grand Totals
     23560       1116        624        180      19244    1694665   ELF Image Totals
     23560       1116        624        180          0          0   ROM Totals

==============================================================================

    Total RO  Size (Code + RO Data)                24184 (  23.62kB)
    Total RW  Size (RW Data + ZI Data)             19424 (  18.97kB)
    Total ROM Size (Code + RO Data + RW Data)      24364 (  23.79kB)

==============================================================================

