<!doctype html public "-//w3c//dtd html 4.0 transitional//en">
<html><head>
<title>Static Call Graph - [TFT_RNG_Timer\TFT_RNG_Timer.axf]</title></head>
<body><HR>
<H1>Static Call Graph for image TFT_RNG_Timer\TFT_RNG_Timer.axf</H1><HR>
<BR><P>#&#060CALLGRAPH&#062# ARM Linker, 5060750: Last Updated: Wed Mar 20 19:15:09 2019
<BR><P>
<H3>Maximum Stack Usage =        568 bytes + Unknown(Functions without stacksize, Cycles, Untraceable Function Pointers)</H3><H3>
Call chain for Maximum Stack Depth:</H3>
FrontendApplicationBase::gotoScreen1ScreenNoTransitionImpl() &rArr; T2* touchgfx::makeTransition&lang;Screen1View, Screen1Presenter, touchgfx::NoTransition, Model&rang;(touchgfx::Screen**, touchgfx::Presenter**, touchgfx::MVPHeap&, touchgfx::Transition**, T4*) &rArr; Screen1View::Screen1View() &rArr; Screen1ViewBase::Screen1ViewBase() &rArr; touchgfx::Unicode::snprintf(unsigned short*, unsigned short, const char*, ...) &rArr; touchgfx::Unicode::vsnprintf(unsigned short*, unsigned short, const char*, std::__va_list) &rArr; touchgfx::Unicode::vsnprintf(unsigned short*, unsigned short, const unsigned short*, std::__va_list) &rArr; touchgfx::Unicode::itoa(int, unsigned short*, unsigned short, int) &rArr; touchgfx::Unicode::strncpy(unsigned short*, const char*, unsigned short)
<P>
<H3>
Functions with no stack information
</H3><UL>
 <LI><a href="#[18a]">__user_initial_stackheap</a>
</UL>
</UL>
<P>
<H3>
Mutually Recursive functions
</H3> <LI><a href="#[33]">ADC_IRQHandler</a>&nbsp;&nbsp;&nbsp;&rArr;&nbsp;&nbsp;&nbsp;<a href="#[33]">ADC_IRQHandler</a><BR>
 <LI><a href="#[369]">touchgfx::Screen::JSMOC(const touchgfx::Rect&, touchgfx::Drawable*)</a>&nbsp;&nbsp;&nbsp;&rArr;&nbsp;&nbsp;&nbsp;<a href="#[369]">touchgfx::Screen::JSMOC(const touchgfx::Rect&, touchgfx::Drawable*)</a><BR>
</UL>
<P>
<H3>
Function Pointers
</H3><UL>
 <LI><a href="#[33]">ADC_IRQHandler</a> from startup_stm32f746xx.o(.text) referenced from startup_stm32f746xx.o(RESET)
 <LI><a href="#[1b]">BusFault_Handler</a> from stm32f7xx_it.o(i.BusFault_Handler) referenced from startup_stm32f746xx.o(RESET)
 <LI><a href="#[35]">CAN1_RX0_IRQHandler</a> from startup_stm32f746xx.o(.text) referenced from startup_stm32f746xx.o(RESET)
 <LI><a href="#[36]">CAN1_RX1_IRQHandler</a> from startup_stm32f746xx.o(.text) referenced from startup_stm32f746xx.o(RESET)
 <LI><a href="#[37]">CAN1_SCE_IRQHandler</a> from startup_stm32f746xx.o(.text) referenced from startup_stm32f746xx.o(RESET)
 <LI><a href="#[34]">CAN1_TX_IRQHandler</a> from startup_stm32f746xx.o(.text) referenced from startup_stm32f746xx.o(RESET)
 <LI><a href="#[61]">CAN2_RX0_IRQHandler</a> from startup_stm32f746xx.o(.text) referenced from startup_stm32f746xx.o(RESET)
 <LI><a href="#[62]">CAN2_RX1_IRQHandler</a> from startup_stm32f746xx.o(.text) referenced from startup_stm32f746xx.o(RESET)
 <LI><a href="#[63]">CAN2_SCE_IRQHandler</a> from startup_stm32f746xx.o(.text) referenced from startup_stm32f746xx.o(RESET)
 <LI><a href="#[60]">CAN2_TX_IRQHandler</a> from startup_stm32f746xx.o(.text) referenced from startup_stm32f746xx.o(RESET)
 <LI><a href="#[7e]">CEC_IRQHandler</a> from startup_stm32f746xx.o(.text) referenced from startup_stm32f746xx.o(RESET)
 <LI><a href="#[6f]">DCMI_IRQHandler</a> from startup_stm32f746xx.o(.text) referenced from startup_stm32f746xx.o(RESET)
 <LI><a href="#[2c]">DMA1_Stream0_IRQHandler</a> from startup_stm32f746xx.o(.text) referenced from startup_stm32f746xx.o(RESET)
 <LI><a href="#[2d]">DMA1_Stream1_IRQHandler</a> from startup_stm32f746xx.o(.text) referenced from startup_stm32f746xx.o(RESET)
 <LI><a href="#[2e]">DMA1_Stream2_IRQHandler</a> from startup_stm32f746xx.o(.text) referenced from startup_stm32f746xx.o(RESET)
 <LI><a href="#[2f]">DMA1_Stream3_IRQHandler</a> from startup_stm32f746xx.o(.text) referenced from startup_stm32f746xx.o(RESET)
 <LI><a href="#[30]">DMA1_Stream4_IRQHandler</a> from startup_stm32f746xx.o(.text) referenced from startup_stm32f746xx.o(RESET)
 <LI><a href="#[31]">DMA1_Stream5_IRQHandler</a> from startup_stm32f746xx.o(.text) referenced from startup_stm32f746xx.o(RESET)
 <LI><a href="#[32]">DMA1_Stream6_IRQHandler</a> from startup_stm32f746xx.o(.text) referenced from startup_stm32f746xx.o(RESET)
 <LI><a href="#[50]">DMA1_Stream7_IRQHandler</a> from startup_stm32f746xx.o(.text) referenced from startup_stm32f746xx.o(RESET)
 <LI><a href="#[7a]">DMA2D_IRQHandler</a> from stm32f7xx_it.o(i.DMA2D_IRQHandler) referenced from startup_stm32f746xx.o(RESET)
 <LI><a href="#[59]">DMA2_Stream0_IRQHandler</a> from startup_stm32f746xx.o(.text) referenced from startup_stm32f746xx.o(RESET)
 <LI><a href="#[5a]">DMA2_Stream1_IRQHandler</a> from startup_stm32f746xx.o(.text) referenced from startup_stm32f746xx.o(RESET)
 <LI><a href="#[5b]">DMA2_Stream2_IRQHandler</a> from startup_stm32f746xx.o(.text) referenced from startup_stm32f746xx.o(RESET)
 <LI><a href="#[5c]">DMA2_Stream3_IRQHandler</a> from startup_stm32f746xx.o(.text) referenced from startup_stm32f746xx.o(RESET)
 <LI><a href="#[5d]">DMA2_Stream4_IRQHandler</a> from startup_stm32f746xx.o(.text) referenced from startup_stm32f746xx.o(RESET)
 <LI><a href="#[65]">DMA2_Stream5_IRQHandler</a> from startup_stm32f746xx.o(.text) referenced from startup_stm32f746xx.o(RESET)
 <LI><a href="#[66]">DMA2_Stream6_IRQHandler</a> from startup_stm32f746xx.o(.text) referenced from startup_stm32f746xx.o(RESET)
 <LI><a href="#[67]">DMA2_Stream7_IRQHandler</a> from startup_stm32f746xx.o(.text) referenced from startup_stm32f746xx.o(RESET)
 <LI><a href="#[1e]">DebugMon_Handler</a> from stm32f7xx_it.o(i.DebugMon_Handler) referenced from startup_stm32f746xx.o(RESET)
 <LI><a href="#[5e]">ETH_IRQHandler</a> from startup_stm32f746xx.o(.text) referenced from startup_stm32f746xx.o(RESET)
 <LI><a href="#[5f]">ETH_WKUP_IRQHandler</a> from startup_stm32f746xx.o(.text) referenced from startup_stm32f746xx.o(RESET)
 <LI><a href="#[27]">EXTI0_IRQHandler</a> from startup_stm32f746xx.o(.text) referenced from startup_stm32f746xx.o(RESET)
 <LI><a href="#[49]">EXTI15_10_IRQHandler</a> from startup_stm32f746xx.o(.text) referenced from startup_stm32f746xx.o(RESET)
 <LI><a href="#[28]">EXTI1_IRQHandler</a> from startup_stm32f746xx.o(.text) referenced from startup_stm32f746xx.o(RESET)
 <LI><a href="#[29]">EXTI2_IRQHandler</a> from startup_stm32f746xx.o(.text) referenced from startup_stm32f746xx.o(RESET)
 <LI><a href="#[2a]">EXTI3_IRQHandler</a> from startup_stm32f746xx.o(.text) referenced from startup_stm32f746xx.o(RESET)
 <LI><a href="#[2b]">EXTI4_IRQHandler</a> from startup_stm32f746xx.o(.text) referenced from startup_stm32f746xx.o(RESET)
 <LI><a href="#[38]">EXTI9_5_IRQHandler</a> from startup_stm32f746xx.o(.text) referenced from startup_stm32f746xx.o(RESET)
 <LI><a href="#[25]">FLASH_IRQHandler</a> from startup_stm32f746xx.o(.text) referenced from startup_stm32f746xx.o(RESET)
 <LI><a href="#[51]">FMC_IRQHandler</a> from startup_stm32f746xx.o(.text) referenced from startup_stm32f746xx.o(RESET)
 <LI><a href="#[71]">FPU_IRQHandler</a> from startup_stm32f746xx.o(.text) referenced from startup_stm32f746xx.o(RESET)
 <LI><a href="#[19]">HardFault_Handler</a> from stm32f7xx_it.o(i.HardFault_Handler) referenced from startup_stm32f746xx.o(RESET)
 <LI><a href="#[41]">I2C1_ER_IRQHandler</a> from startup_stm32f746xx.o(.text) referenced from startup_stm32f746xx.o(RESET)
 <LI><a href="#[40]">I2C1_EV_IRQHandler</a> from startup_stm32f746xx.o(.text) referenced from startup_stm32f746xx.o(RESET)
 <LI><a href="#[43]">I2C2_ER_IRQHandler</a> from startup_stm32f746xx.o(.text) referenced from startup_stm32f746xx.o(RESET)
 <LI><a href="#[42]">I2C2_EV_IRQHandler</a> from startup_stm32f746xx.o(.text) referenced from startup_stm32f746xx.o(RESET)
 <LI><a href="#[6a]">I2C3_ER_IRQHandler</a> from startup_stm32f746xx.o(.text) referenced from startup_stm32f746xx.o(RESET)
 <LI><a href="#[69]">I2C3_EV_IRQHandler</a> from startup_stm32f746xx.o(.text) referenced from startup_stm32f746xx.o(RESET)
 <LI><a href="#[80]">I2C4_ER_IRQHandler</a> from startup_stm32f746xx.o(.text) referenced from startup_stm32f746xx.o(RESET)
 <LI><a href="#[7f]">I2C4_EV_IRQHandler</a> from startup_stm32f746xx.o(.text) referenced from startup_stm32f746xx.o(RESET)
 <LI><a href="#[7d]">LPTIM1_IRQHandler</a> from startup_stm32f746xx.o(.text) referenced from startup_stm32f746xx.o(RESET)
 <LI><a href="#[79]">LTDC_ER_IRQHandler</a> from startup_stm32f746xx.o(.text) referenced from startup_stm32f746xx.o(RESET)
 <LI><a href="#[78]">LTDC_IRQHandler</a> from stm32f7xx_it.o(i.LTDC_IRQHandler) referenced from startup_stm32f746xx.o(RESET)
 <LI><a href="#[1a]">MemManage_Handler</a> from stm32f7xx_it.o(i.MemManage_Handler) referenced from startup_stm32f746xx.o(RESET)
 <LI><a href="#[18]">NMI_Handler</a> from stm32f7xx_it.o(i.NMI_Handler) referenced from startup_stm32f746xx.o(RESET)
 <LI><a href="#[64]">OTG_FS_IRQHandler</a> from stm32f7xx_it.o(i.OTG_FS_IRQHandler) referenced from startup_stm32f746xx.o(RESET)
 <LI><a href="#[4b]">OTG_FS_WKUP_IRQHandler</a> from startup_stm32f746xx.o(.text) referenced from startup_stm32f746xx.o(RESET)
 <LI><a href="#[6c]">OTG_HS_EP1_IN_IRQHandler</a> from startup_stm32f746xx.o(.text) referenced from startup_stm32f746xx.o(RESET)
 <LI><a href="#[6b]">OTG_HS_EP1_OUT_IRQHandler</a> from startup_stm32f746xx.o(.text) referenced from startup_stm32f746xx.o(RESET)
 <LI><a href="#[6e]">OTG_HS_IRQHandler</a> from startup_stm32f746xx.o(.text) referenced from startup_stm32f746xx.o(RESET)
 <LI><a href="#[6d]">OTG_HS_WKUP_IRQHandler</a> from startup_stm32f746xx.o(.text) referenced from startup_stm32f746xx.o(RESET)
 <LI><a href="#[22]">PVD_IRQHandler</a> from startup_stm32f746xx.o(.text) referenced from startup_stm32f746xx.o(RESET)
 <LI><a href="#[1f]">PendSV_Handler</a> from port.o(.emb_text) referenced from startup_stm32f746xx.o(RESET)
 <LI><a href="#[7c]">QUADSPI_IRQHandler</a> from startup_stm32f746xx.o(.text) referenced from startup_stm32f746xx.o(RESET)
 <LI><a href="#[26]">RCC_IRQHandler</a> from startup_stm32f746xx.o(.text) referenced from startup_stm32f746xx.o(RESET)
 <LI><a href="#[70]">RNG_IRQHandler</a> from stm32f7xx_it.o(i.RNG_IRQHandler) referenced from startup_stm32f746xx.o(RESET)
 <LI><a href="#[4a]">RTC_Alarm_IRQHandler</a> from startup_stm32f746xx.o(.text) referenced from startup_stm32f746xx.o(RESET)
 <LI><a href="#[24]">RTC_WKUP_IRQHandler</a> from startup_stm32f746xx.o(.text) referenced from startup_stm32f746xx.o(RESET)
 <LI><a href="#[17]">Reset_Handler</a> from startup_stm32f746xx.o(.text) referenced from startup_stm32f746xx.o(RESET)
 <LI><a href="#[77]">SAI1_IRQHandler</a> from startup_stm32f746xx.o(.text) referenced from startup_stm32f746xx.o(RESET)
 <LI><a href="#[7b]">SAI2_IRQHandler</a> from startup_stm32f746xx.o(.text) referenced from startup_stm32f746xx.o(RESET)
 <LI><a href="#[52]">SDMMC1_IRQHandler</a> from startup_stm32f746xx.o(.text) referenced from startup_stm32f746xx.o(RESET)
 <LI><a href="#[85]">SD_DMAError</a> from stm32f7xx_hal_sd.o(i.SD_DMAError) referenced from stm32f7xx_hal_sd.o(i.HAL_SD_ReadBlocks_DMA)
 <LI><a href="#[85]">SD_DMAError</a> from stm32f7xx_hal_sd.o(i.SD_DMAError) referenced from stm32f7xx_hal_sd.o(i.HAL_SD_WriteBlocks_DMA)
 <LI><a href="#[84]">SD_DMAReceiveCplt</a> from stm32f7xx_hal_sd.o(i.SD_DMAReceiveCplt) referenced from stm32f7xx_hal_sd.o(i.HAL_SD_ReadBlocks_DMA)
 <LI><a href="#[86]">SD_DMATransmitCplt</a> from stm32f7xx_hal_sd.o(i.SD_DMATransmitCplt) referenced from stm32f7xx_hal_sd.o(i.HAL_SD_WriteBlocks_DMA)
 <LI><a href="#[9a]">SD_initialize</a> from sd_diskio.o(i.SD_initialize) referenced from sd_diskio.o(.constdata)
 <LI><a href="#[9e]">SD_ioctl</a> from sd_diskio.o(i.SD_ioctl) referenced from sd_diskio.o(.constdata)
 <LI><a href="#[9c]">SD_read</a> from sd_diskio.o(i.SD_read) referenced from sd_diskio.o(.constdata)
 <LI><a href="#[9b]">SD_status</a> from sd_diskio.o(i.SD_status) referenced from sd_diskio.o(.constdata)
 <LI><a href="#[9d]">SD_write</a> from sd_diskio.o(i.SD_write) referenced from sd_diskio.o(.constdata)
 <LI><a href="#[81]">SPDIF_RX_IRQHandler</a> from startup_stm32f746xx.o(.text) referenced from startup_stm32f746xx.o(RESET)
 <LI><a href="#[44]">SPI1_IRQHandler</a> from startup_stm32f746xx.o(.text) referenced from startup_stm32f746xx.o(RESET)
 <LI><a href="#[45]">SPI2_IRQHandler</a> from startup_stm32f746xx.o(.text) referenced from startup_stm32f746xx.o(RESET)
 <LI><a href="#[54]">SPI3_IRQHandler</a> from startup_stm32f746xx.o(.text) referenced from startup_stm32f746xx.o(RESET)
 <LI><a href="#[74]">SPI4_IRQHandler</a> from startup_stm32f746xx.o(.text) referenced from startup_stm32f746xx.o(RESET)
 <LI><a href="#[75]">SPI5_IRQHandler</a> from startup_stm32f746xx.o(.text) referenced from startup_stm32f746xx.o(RESET)
 <LI><a href="#[76]">SPI6_IRQHandler</a> from startup_stm32f746xx.o(.text) referenced from startup_stm32f746xx.o(RESET)
 <LI><a href="#[1d]">SVC_Handler</a> from port.o(.emb_text) referenced from startup_stm32f746xx.o(RESET)
 <LI><a href="#[20]">SysTick_Handler</a> from port.o(i.SysTick_Handler) referenced from startup_stm32f746xx.o(RESET)
 <LI><a href="#[82]">SystemInit</a> from system_stm32f7xx.o(i.SystemInit) referenced from startup_stm32f746xx.o(.text)
 <LI><a href="#[23]">TAMP_STAMP_IRQHandler</a> from startup_stm32f746xx.o(.text) referenced from startup_stm32f746xx.o(RESET)
 <LI><a href="#[39]">TIM1_BRK_TIM9_IRQHandler</a> from startup_stm32f746xx.o(.text) referenced from startup_stm32f746xx.o(RESET)
 <LI><a href="#[3c]">TIM1_CC_IRQHandler</a> from startup_stm32f746xx.o(.text) referenced from startup_stm32f746xx.o(RESET)
 <LI><a href="#[3b]">TIM1_TRG_COM_TIM11_IRQHandler</a> from startup_stm32f746xx.o(.text) referenced from startup_stm32f746xx.o(RESET)
 <LI><a href="#[3a]">TIM1_UP_TIM10_IRQHandler</a> from startup_stm32f746xx.o(.text) referenced from startup_stm32f746xx.o(RESET)
 <LI><a href="#[3d]">TIM2_IRQHandler</a> from startup_stm32f746xx.o(.text) referenced from startup_stm32f746xx.o(RESET)
 <LI><a href="#[3e]">TIM3_IRQHandler</a> from startup_stm32f746xx.o(.text) referenced from startup_stm32f746xx.o(RESET)
 <LI><a href="#[3f]">TIM4_IRQHandler</a> from stm32f7xx_it.o(i.TIM4_IRQHandler) referenced from startup_stm32f746xx.o(RESET)
 <LI><a href="#[53]">TIM5_IRQHandler</a> from startup_stm32f746xx.o(.text) referenced from startup_stm32f746xx.o(RESET)
 <LI><a href="#[57]">TIM6_DAC_IRQHandler</a> from stm32f7xx_it.o(i.TIM6_DAC_IRQHandler) referenced from startup_stm32f746xx.o(RESET)
 <LI><a href="#[58]">TIM7_IRQHandler</a> from stm32f7xx_it.o(i.TIM7_IRQHandler) referenced from startup_stm32f746xx.o(RESET)
 <LI><a href="#[4c]">TIM8_BRK_TIM12_IRQHandler</a> from startup_stm32f746xx.o(.text) referenced from startup_stm32f746xx.o(RESET)
 <LI><a href="#[4f]">TIM8_CC_IRQHandler</a> from startup_stm32f746xx.o(.text) referenced from startup_stm32f746xx.o(RESET)
 <LI><a href="#[4e]">TIM8_TRG_COM_TIM14_IRQHandler</a> from startup_stm32f746xx.o(.text) referenced from startup_stm32f746xx.o(RESET)
 <LI><a href="#[4d]">TIM8_UP_TIM13_IRQHandler</a> from startup_stm32f746xx.o(.text) referenced from startup_stm32f746xx.o(RESET)
 <LI><a href="#[55]">UART4_IRQHandler</a> from startup_stm32f746xx.o(.text) referenced from startup_stm32f746xx.o(RESET)
 <LI><a href="#[56]">UART5_IRQHandler</a> from startup_stm32f746xx.o(.text) referenced from startup_stm32f746xx.o(RESET)
 <LI><a href="#[72]">UART7_IRQHandler</a> from startup_stm32f746xx.o(.text) referenced from startup_stm32f746xx.o(RESET)
 <LI><a href="#[73]">UART8_IRQHandler</a> from startup_stm32f746xx.o(.text) referenced from startup_stm32f746xx.o(RESET)
 <LI><a href="#[46]">USART1_IRQHandler</a> from startup_stm32f746xx.o(.text) referenced from startup_stm32f746xx.o(RESET)
 <LI><a href="#[47]">USART2_IRQHandler</a> from startup_stm32f746xx.o(.text) referenced from startup_stm32f746xx.o(RESET)
 <LI><a href="#[48]">USART3_IRQHandler</a> from startup_stm32f746xx.o(.text) referenced from startup_stm32f746xx.o(RESET)
 <LI><a href="#[68]">USART6_IRQHandler</a> from startup_stm32f746xx.o(.text) referenced from startup_stm32f746xx.o(RESET)
 <LI><a href="#[12]">USBH_CDC_ClassRequest</a> from usbh_cdc.o(i.USBH_CDC_ClassRequest) referenced 2 times from usbh_cdc.o(.data)
 <LI><a href="#[11]">USBH_CDC_InterfaceDeInit</a> from usbh_cdc.o(i.USBH_CDC_InterfaceDeInit) referenced 2 times from usbh_cdc.o(.data)
 <LI><a href="#[10]">USBH_CDC_InterfaceInit</a> from usbh_cdc.o(i.USBH_CDC_InterfaceInit) referenced 2 times from usbh_cdc.o(.data)
 <LI><a href="#[13]">USBH_CDC_Process</a> from usbh_cdc.o(i.USBH_CDC_Process) referenced 2 times from usbh_cdc.o(.data)
 <LI><a href="#[14]">USBH_CDC_SOFProcess</a> from usbh_cdc.o(i.USBH_CDC_SOFProcess) referenced 2 times from usbh_cdc.o(.data)
 <LI><a href="#[9f]">USBH_Process_OS</a> from usbh_core.o(i.USBH_Process_OS) referenced from usbh_core.o(.constdata)
 <LI><a href="#[87]">USBH_UserProcess</a> from usb_host.o(i.USBH_UserProcess) referenced from usb_host.o(i.MX_USB_HOST_Init)
 <LI><a href="#[1c]">UsageFault_Handler</a> from stm32f7xx_it.o(i.UsageFault_Handler) referenced from startup_stm32f746xx.o(RESET)
 <LI><a href="#[21]">WWDG_IRQHandler</a> from startup_stm32f746xx.o(.text) referenced from startup_stm32f746xx.o(RESET)
 <LI><a href="#[98]">StartTask02(const void*)</a> from main.o(i._Z11StartTask02PKv) referenced from main.o(.constdata)
 <LI><a href="#[99]">StartTask03(const void*)</a> from main.o(i._Z11StartTask03PKv) referenced from main.o(.constdata)
 <LI><a href="#[92]">IdleTaskHook(void*)</a> from oswrappers.o(i._Z12IdleTaskHookPv) referenced from oswrappers.o(i.vApplicationIdleHook)
 <LI><a href="#[97]">StartDefaultTask(const void*)</a> from main.o(i._Z16StartDefaultTaskPKv) referenced from main.o(.constdata)
 <LI><a href="#[89]">DMA2D_XferCpltCallback(__DMA2D_HandleTypeDef*)</a> from stm32f7dma.o(i._Z22DMA2D_XferCpltCallbackP21__DMA2D_HandleTypeDef) referenced from stm32f7dma.o(i._ZN10STM32F7DMA10initializeEv)
 <LI><a href="#[8a]">DMA2D_XferErrorCallback(__DMA2D_HandleTypeDef*)</a> from stm32f7dma.o(i._Z23DMA2D_XferErrorCallbackP21__DMA2D_HandleTypeDef) referenced from stm32f7dma.o(i._ZN10STM32F7DMA10initializeEv)
 <LI><a href="#[a4]">STM32F7DMA::initialize()</a> from stm32f7dma.o(i._ZN10STM32F7DMA10initializeEv) referenced from stm32f7dma.o(.constdata__ZTV10STM32F7DMA)
 <LI><a href="#[a1]">STM32F7DMA::getBlitCaps()</a> from stm32f7dma.o(i._ZN10STM32F7DMA11getBlitCapsEv) referenced from stm32f7dma.o(.constdata__ZTV10STM32F7DMA)
 <LI><a href="#[aa]">STM32F7DMA::setupDataCopy(const touchgfx::BlitOp&)</a> from stm32f7dma.o(i._ZN10STM32F7DMA13setupDataCopyERKN8touchgfx6BlitOpE) referenced from stm32f7dma.o(.constdata__ZTV10STM32F7DMA)
 <LI><a href="#[ab]">STM32F7DMA::setupDataFill(const touchgfx::BlitOp&)</a> from stm32f7dma.o(i._ZN10STM32F7DMA13setupDataFillERKN8touchgfx6BlitOpE) referenced from stm32f7dma.o(.constdata__ZTV10STM32F7DMA)
 <LI><a href="#[a6]">STM32F7DMA::signalDMAInterrupt()</a> from stm32f7dma.o(i._ZN10STM32F7DMA18signalDMAInterruptEv) referenced from stm32f7dma.o(.constdata__ZTV10STM32F7DMA)
 <LI><a href="#[a5]">STM32F7DMA::start()</a> from stm32f7dma.o(i._ZN10STM32F7DMA5startEv) referenced from stm32f7dma.o(.constdata__ZTV10STM32F7DMA)
 <LI><a href="#[8d]">STM32F7DMA::~STM32F7DMA()</a> from stm32f7dma.o(i._ZN10STM32F7DMAD1Ev) referenced from stm32f7dma.o(.constdata__ZTV10STM32F7DMA)
 <LI><a href="#[8d]">STM32F7DMA::~STM32F7DMA()</a> from stm32f7dma.o(i._ZN10STM32F7DMAD1Ev) referenced from boardconfiguration.o(i.__sti___22_BoardConfiguration_cpp_2f1c5dae)
 <LI><a href="#[bf]">STM32F7HAL::enableInterrupts()</a> from stm32f7hal.o(i._ZN10STM32F7HAL16enableInterruptsEv) referenced from stm32f7hal.o(.constdata__ZTV10STM32F7HAL)
 <LI><a href="#[b0]">STM32F7HAL::flushFrameBuffer(const touchgfx::Rect&)</a> from stm32f7hal.o(i._ZN10STM32F7HAL16flushFrameBufferERKN8touchgfx4RectE) referenced from stm32f7hal.o(.constdata__ZTV10STM32F7HAL)
 <LI><a href="#[c0]">STM32F7HAL::disableInterrupts()</a> from stm32f7hal.o(i._ZN10STM32F7HAL17disableInterruptsEv) referenced from stm32f7hal.o(.constdata__ZTV10STM32F7HAL)
 <LI><a href="#[c4]">STM32F7HAL::getTFTCurrentLine()</a> from stm32f7hal.o(i._ZN10STM32F7HAL17getTFTCurrentLineEv) referenced from stm32f7hal.o(.constdata__ZTV10STM32F7HAL)
 <LI><a href="#[c8]">STM32F7HAL::setTFTFrameBuffer(unsigned short*)</a> from stm32f7hal.o(i._ZN10STM32F7HAL17setTFTFrameBufferEPt) referenced from stm32f7hal.o(.constdata__ZTV10STM32F7HAL)
 <LI><a href="#[be]">STM32F7HAL::configureInterrupts()</a> from stm32f7hal.o(i._ZN10STM32F7HAL19configureInterruptsEv) referenced from stm32f7hal.o(.constdata__ZTV10STM32F7HAL)
 <LI><a href="#[c1]">STM32F7HAL::enableLCDControllerInterrupt()</a> from stm32f7hal.o(i._ZN10STM32F7HAL28enableLCDControllerInterruptEv) referenced from stm32f7hal.o(.constdata__ZTV10STM32F7HAL)
 <LI><a href="#[96]">STM32F7HAL::~STM32F7HAL()</a> from boardconfiguration.o(i._ZN10STM32F7HALD1Ev) referenced from stm32f7hal.o(.constdata__ZTV10STM32F7HAL)
 <LI><a href="#[96]">STM32F7HAL::~STM32F7HAL()</a> from boardconfiguration.o(i._ZN10STM32F7HALD1Ev) referenced from boardconfiguration.o(t._ZN8touchgfx6getHALI10STM32F7HALEERNS_3HALERNS_13DMA_InterfaceERNS_3LCDERNS_15TouchControllerEss)
 <LI><a href="#[ce]">Screen1View::setupScreen()</a> from screen1view.o(i._ZN11Screen1View11setupScreenEv) referenced from screen1view.o(.constdata__ZTV11Screen1View)
 <LI><a href="#[d0]">Screen1View::tearDownScreen()</a> from screen1view.o(i._ZN11Screen1View14tearDownScreenEv) referenced from screen1view.o(.constdata__ZTV11Screen1View)
 <LI><a href="#[d4]">Screen1View::handleTickEvent()</a> from screen1view.o(i._ZN11Screen1View15handleTickEventEv) referenced from screen1view.o(.constdata__ZTV11Screen1View)
 <LI><a href="#[cc]">Screen1View::~Screen1View()</a> from screen1view.o(i._ZN11Screen1ViewD1Ev) referenced from screen1view.o(.constdata__ZTV11Screen1View)
 <LI><a href="#[94]">FrontendHeap::~FrontendHeap()</a> from boardconfiguration.o(i._ZN12FrontendHeapD1Ev) referenced from boardconfiguration.o(.constdata__ZTV12FrontendHeap)
 <LI><a href="#[94]">FrontendHeap::~FrontendHeap()</a> from boardconfiguration.o(i._ZN12FrontendHeapD1Ev) referenced from boardconfiguration.o(t._ZN8touchgfx21touchgfx_generic_initI10STM32F7HALEERNS_3HALERNS_13DMA_InterfaceERNS_3LCDERNS_15TouchControllerEssPtjj)
 <LI><a href="#[d8]">Screen1ViewBase::setupScreen()</a> from screen1viewbase.o(i._ZN15Screen1ViewBase11setupScreenEv) referenced from screen1viewbase.o(.constdata__ZTV15Screen1ViewBase)
 <LI><a href="#[d7]">Screen1ViewBase::~Screen1ViewBase()</a> from screen1viewbase.o(i._ZN15Screen1ViewBaseD1Ev) referenced from screen1viewbase.o(.constdata__ZTV15Screen1ViewBase)
 <LI><a href="#[d6]">FrontendHeapBase::gotoStartScreen(FrontendApplication&)</a> from boardconfiguration.o(i._ZN16FrontendHeapBase15gotoStartScreenER19FrontendApplication) referenced from boardconfiguration.o(.constdata__ZTV12FrontendHeap)
 <LI><a href="#[d6]">FrontendHeapBase::gotoStartScreen(FrontendApplication&)</a> from boardconfiguration.o(i._ZN16FrontendHeapBase15gotoStartScreenER19FrontendApplication) referenced from boardconfiguration.o(.constdata__ZTV16FrontendHeapBase)
 <LI><a href="#[db]">FrontendHeapBase::~FrontendHeapBase()</a> from boardconfiguration.o(i._ZN16FrontendHeapBaseD1Ev) referenced from boardconfiguration.o(.constdata__ZTV16FrontendHeapBase)
 <LI><a href="#[dd]">Screen1Presenter::deactivate()</a> from screen1presenter.o(i._ZN16Screen1Presenter10deactivateEv) referenced from screen1presenter.o(.constdata__ZTV16Screen1Presenter)
 <LI><a href="#[dc]">Screen1Presenter::activate()</a> from screen1presenter.o(i._ZN16Screen1Presenter8activateEv) referenced from screen1presenter.o(.constdata__ZTV16Screen1Presenter)
 <LI><a href="#[de]">Screen1Presenter::~Screen1Presenter()</a> from screen1presenter.o(i._ZN16Screen1PresenterD1Ev) referenced from screen1presenter.o(.constdata__ZTV16Screen1Presenter)
 <LI><a href="#[e3]">FrontendApplication::handleTickEvent()</a> from frontendapplication.o(i._ZN19FrontendApplication15handleTickEventEv) referenced from frontendapplication.o(.constdata__ZTV19FrontendApplication)
 <LI><a href="#[8c]">ApplicationFontProvider::~ApplicationFontProvider()</a> from boardconfiguration.o(i._ZN23ApplicationFontProviderD1Ev) referenced from applicationfontprovider.o(.constdata__ZTV23ApplicationFontProvider)
 <LI><a href="#[8c]">ApplicationFontProvider::~ApplicationFontProvider()</a> from boardconfiguration.o(i._ZN23ApplicationFontProviderD1Ev) referenced from boardconfiguration.o(i.__sti___22_BoardConfiguration_cpp_2f1c5dae)
 <LI><a href="#[a0]">FrontendApplicationBase::gotoScreen1ScreenNoTransitionImpl()</a> from frontendapplicationbase.o(i._ZN23FrontendApplicationBase33gotoScreen1ScreenNoTransitionImplEv) referenced from frontendapplicationbase.o(.constdata)
 <LI><a href="#[e9]">FrontendApplicationBase::~FrontendApplicationBase()</a> from boardconfiguration.o(i._ZN23FrontendApplicationBaseD1Ev) referenced from boardconfiguration.o(.constdata__ZTV23FrontendApplicationBase)
 <LI><a href="#[eb]">touchgfx::Transition::handleTickEvent()</a> from frontendapplicationbase.o(i._ZN8touchgfx10Transition15handleTickEventEv) referenced from frontendapplicationbase.o(.constdata__ZTVN8touchgfx10TransitionE)
 <LI><a href="#[ee]">touchgfx::Transition::setScreenContainer(touchgfx::Container&)</a> from frontendapplicationbase.o(i._ZN8touchgfx10Transition18setScreenContainerERNS_9ContainerE) referenced from frontendapplicationbase.o(.constdata__ZTVN8touchgfx10TransitionE)
 <LI><a href="#[ee]">touchgfx::Transition::setScreenContainer(touchgfx::Container&)</a> from frontendapplicationbase.o(i._ZN8touchgfx10Transition18setScreenContainerERNS_9ContainerE) referenced from frontendapplicationbase.o(.constdata__ZTVN8touchgfx12NoTransitionE)
 <LI><a href="#[ed]">touchgfx::Transition::init()</a> from frontendapplicationbase.o(i._ZN8touchgfx10Transition4initEv) referenced from frontendapplicationbase.o(.constdata__ZTVN8touchgfx10TransitionE)
 <LI><a href="#[ed]">touchgfx::Transition::init()</a> from frontendapplicationbase.o(i._ZN8touchgfx10Transition4initEv) referenced from frontendapplicationbase.o(.constdata__ZTVN8touchgfx12NoTransitionE)
 <LI><a href="#[ec]">touchgfx::Transition::tearDown()</a> from frontendapplicationbase.o(i._ZN8touchgfx10Transition8tearDownEv) referenced from frontendapplicationbase.o(.constdata__ZTVN8touchgfx10TransitionE)
 <LI><a href="#[ec]">touchgfx::Transition::tearDown()</a> from frontendapplicationbase.o(i._ZN8touchgfx10Transition8tearDownEv) referenced from frontendapplicationbase.o(.constdata__ZTVN8touchgfx12NoTransitionE)
 <LI><a href="#[ea]">touchgfx::Transition::~Transition()</a> from frontendapplicationbase.o(i._ZN8touchgfx10TransitionD1Ev) referenced from frontendapplicationbase.o(.constdata__ZTVN8touchgfx10TransitionE)
 <LI><a href="#[e2]">touchgfx::Application::handleKeyEvent(unsigned char)</a> from application.o(i._ZN8touchgfx11Application14handleKeyEventEh) referenced from frontendapplication.o(.constdata__ZTV19FrontendApplication)
 <LI><a href="#[e2]">touchgfx::Application::handleKeyEvent(unsigned char)</a> from application.o(i._ZN8touchgfx11Application14handleKeyEventEh) referenced from boardconfiguration.o(.constdata__ZTV23FrontendApplicationBase)
 <LI><a href="#[e2]">touchgfx::Application::handleKeyEvent(unsigned char)</a> from application.o(i._ZN8touchgfx11Application14handleKeyEventEh) referenced from application.o(.constdata__ZTVN8touchgfx11ApplicationE)
 <LI><a href="#[e2]">touchgfx::Application::handleKeyEvent(unsigned char)</a> from application.o(i._ZN8touchgfx11Application14handleKeyEventEh) referenced from frontendapplicationbase.o(.constdata__ZTVN8touchgfx14MVPApplicationE)
 <LI><a href="#[e0]">touchgfx::Application::handleDragEvent(const touchgfx::DragEvent&)</a> from application.o(i._ZN8touchgfx11Application15handleDragEventERKNS_9DragEventE) referenced from frontendapplication.o(.constdata__ZTV19FrontendApplication)
 <LI><a href="#[e0]">touchgfx::Application::handleDragEvent(const touchgfx::DragEvent&)</a> from application.o(i._ZN8touchgfx11Application15handleDragEventERKNS_9DragEventE) referenced from boardconfiguration.o(.constdata__ZTV23FrontendApplicationBase)
 <LI><a href="#[e0]">touchgfx::Application::handleDragEvent(const touchgfx::DragEvent&)</a> from application.o(i._ZN8touchgfx11Application15handleDragEventERKNS_9DragEventE) referenced from application.o(.constdata__ZTVN8touchgfx11ApplicationE)
 <LI><a href="#[e0]">touchgfx::Application::handleDragEvent(const touchgfx::DragEvent&)</a> from application.o(i._ZN8touchgfx11Application15handleDragEventERKNS_9DragEventE) referenced from frontendapplicationbase.o(.constdata__ZTVN8touchgfx14MVPApplicationE)
 <LI><a href="#[e8]">touchgfx::Application::handleTickEvent()</a> from application.o(i._ZN8touchgfx11Application15handleTickEventEv) referenced from boardconfiguration.o(.constdata__ZTV23FrontendApplicationBase)
 <LI><a href="#[e8]">touchgfx::Application::handleTickEvent()</a> from application.o(i._ZN8touchgfx11Application15handleTickEventEv) referenced from application.o(.constdata__ZTVN8touchgfx11ApplicationE)
 <LI><a href="#[e8]">touchgfx::Application::handleTickEvent()</a> from application.o(i._ZN8touchgfx11Application15handleTickEventEv) referenced from frontendapplicationbase.o(.constdata__ZTVN8touchgfx14MVPApplicationE)
 <LI><a href="#[df]">touchgfx::Application::handleClickEvent(const touchgfx::ClickEvent&)</a> from application.o(i._ZN8touchgfx11Application16handleClickEventERKNS_10ClickEventE) referenced from frontendapplication.o(.constdata__ZTV19FrontendApplication)
 <LI><a href="#[df]">touchgfx::Application::handleClickEvent(const touchgfx::ClickEvent&)</a> from application.o(i._ZN8touchgfx11Application16handleClickEventERKNS_10ClickEventE) referenced from boardconfiguration.o(.constdata__ZTV23FrontendApplicationBase)
 <LI><a href="#[df]">touchgfx::Application::handleClickEvent(const touchgfx::ClickEvent&)</a> from application.o(i._ZN8touchgfx11Application16handleClickEventERKNS_10ClickEventE) referenced from application.o(.constdata__ZTVN8touchgfx11ApplicationE)
 <LI><a href="#[df]">touchgfx::Application::handleClickEvent(const touchgfx::ClickEvent&)</a> from application.o(i._ZN8touchgfx11Application16handleClickEventERKNS_10ClickEventE) referenced from frontendapplicationbase.o(.constdata__ZTVN8touchgfx14MVPApplicationE)
 <LI><a href="#[e1]">touchgfx::Application::handleGestureEvent(const touchgfx::GestureEvent&)</a> from application.o(i._ZN8touchgfx11Application18handleGestureEventERKNS_12GestureEventE) referenced from frontendapplication.o(.constdata__ZTV19FrontendApplication)
 <LI><a href="#[e1]">touchgfx::Application::handleGestureEvent(const touchgfx::GestureEvent&)</a> from application.o(i._ZN8touchgfx11Application18handleGestureEventERKNS_12GestureEventE) referenced from boardconfiguration.o(.constdata__ZTV23FrontendApplicationBase)
 <LI><a href="#[e1]">touchgfx::Application::handleGestureEvent(const touchgfx::GestureEvent&)</a> from application.o(i._ZN8touchgfx11Application18handleGestureEventERKNS_12GestureEventE) referenced from application.o(.constdata__ZTVN8touchgfx11ApplicationE)
 <LI><a href="#[e1]">touchgfx::Application::handleGestureEvent(const touchgfx::GestureEvent&)</a> from application.o(i._ZN8touchgfx11Application18handleGestureEventERKNS_12GestureEventE) referenced from frontendapplicationbase.o(.constdata__ZTVN8touchgfx14MVPApplicationE)
 <LI><a href="#[e7]">touchgfx::Application::cacheDrawOperations(bool)</a> from application.o(i._ZN8touchgfx11Application19cacheDrawOperationsEb) referenced from frontendapplication.o(.constdata__ZTV19FrontendApplication)
 <LI><a href="#[e7]">touchgfx::Application::cacheDrawOperations(bool)</a> from application.o(i._ZN8touchgfx11Application19cacheDrawOperationsEb) referenced from boardconfiguration.o(.constdata__ZTV23FrontendApplicationBase)
 <LI><a href="#[e7]">touchgfx::Application::cacheDrawOperations(bool)</a> from application.o(i._ZN8touchgfx11Application19cacheDrawOperationsEb) referenced from application.o(.constdata__ZTVN8touchgfx11ApplicationE)
 <LI><a href="#[e7]">touchgfx::Application::cacheDrawOperations(bool)</a> from application.o(i._ZN8touchgfx11Application19cacheDrawOperationsEb) referenced from frontendapplicationbase.o(.constdata__ZTVN8touchgfx14MVPApplicationE)
 <LI><a href="#[ef]">touchgfx::Application::handlePendingScreenTransition()</a> from application.o(i._ZN8touchgfx11Application29handlePendingScreenTransitionEv) referenced from application.o(.constdata__ZTVN8touchgfx11ApplicationE)
 <LI><a href="#[e6]">touchgfx::Application::draw(touchgfx::Rect&)</a> from application.o(i._ZN8touchgfx11Application4drawERNS_4RectE) referenced from frontendapplication.o(.constdata__ZTV19FrontendApplication)
 <LI><a href="#[e6]">touchgfx::Application::draw(touchgfx::Rect&)</a> from application.o(i._ZN8touchgfx11Application4drawERNS_4RectE) referenced from boardconfiguration.o(.constdata__ZTV23FrontendApplicationBase)
 <LI><a href="#[e6]">touchgfx::Application::draw(touchgfx::Rect&)</a> from application.o(i._ZN8touchgfx11Application4drawERNS_4RectE) referenced from application.o(.constdata__ZTVN8touchgfx11ApplicationE)
 <LI><a href="#[e6]">touchgfx::Application::draw(touchgfx::Rect&)</a> from application.o(i._ZN8touchgfx11Application4drawERNS_4RectE) referenced from frontendapplicationbase.o(.constdata__ZTVN8touchgfx14MVPApplicationE)
 <LI><a href="#[e5]">touchgfx::Application::draw()</a> from application.o(i._ZN8touchgfx11Application4drawEv) referenced from frontendapplication.o(.constdata__ZTV19FrontendApplication)
 <LI><a href="#[e5]">touchgfx::Application::draw()</a> from application.o(i._ZN8touchgfx11Application4drawEv) referenced from boardconfiguration.o(.constdata__ZTV23FrontendApplicationBase)
 <LI><a href="#[e5]">touchgfx::Application::draw()</a> from application.o(i._ZN8touchgfx11Application4drawEv) referenced from application.o(.constdata__ZTVN8touchgfx11ApplicationE)
 <LI><a href="#[e5]">touchgfx::Application::draw()</a> from application.o(i._ZN8touchgfx11Application4drawEv) referenced from frontendapplicationbase.o(.constdata__ZTVN8touchgfx14MVPApplicationE)
 <LI><a href="#[f2]">touchgfx::NoTransition::handleTickEvent()</a> from frontendapplicationbase.o(i._ZN8touchgfx12NoTransition15handleTickEventEv) referenced from frontendapplicationbase.o(.constdata__ZTVN8touchgfx12NoTransitionE)
 <LI><a href="#[f1]">touchgfx::NoTransition::~NoTransition()</a> from frontendapplicationbase.o(i._ZN8touchgfx12NoTransitionD1Ev) referenced from frontendapplicationbase.o(.constdata__ZTVN8touchgfx12NoTransitionE)
 <LI><a href="#[a2]">touchgfx::DMA_Interface::addToQueue(const touchgfx::BlitOp&)</a> from dma.o(i._ZN8touchgfx13DMA_Interface10addToQueueERKNS_6BlitOpE) referenced from stm32f7dma.o(.constdata__ZTV10STM32F7DMA)
 <LI><a href="#[a2]">touchgfx::DMA_Interface::addToQueue(const touchgfx::BlitOp&)</a> from dma.o(i._ZN8touchgfx13DMA_Interface10addToQueueERKNS_6BlitOpE) referenced from dma.o(.constdata__ZTVN8touchgfx13DMA_InterfaceE)
 <LI><a href="#[f3]">touchgfx::DMA_Interface::initialize()</a> from dma.o(i._ZN8touchgfx13DMA_Interface10initializeEv) referenced from dma.o(.constdata__ZTVN8touchgfx13DMA_InterfaceE)
 <LI><a href="#[ac]">touchgfx::DMA_Interface::enableAlpha(unsigned char)</a> from dma.o(i._ZN8touchgfx13DMA_Interface11enableAlphaEh) referenced from stm32f7dma.o(.constdata__ZTV10STM32F7DMA)
 <LI><a href="#[ac]">touchgfx::DMA_Interface::enableAlpha(unsigned char)</a> from dma.o(i._ZN8touchgfx13DMA_Interface11enableAlphaEh) referenced from dma.o(.constdata__ZTVN8touchgfx13DMA_InterfaceE)
 <LI><a href="#[ad]">touchgfx::DMA_Interface::disableAlpha()</a> from dma.o(i._ZN8touchgfx13DMA_Interface12disableAlphaEv) referenced from stm32f7dma.o(.constdata__ZTV10STM32F7DMA)
 <LI><a href="#[ad]">touchgfx::DMA_Interface::disableAlpha()</a> from dma.o(i._ZN8touchgfx13DMA_Interface12disableAlphaEv) referenced from dma.o(.constdata__ZTVN8touchgfx13DMA_InterfaceE)
 <LI><a href="#[a9]">touchgfx::DMA_Interface::seedExecution()</a> from dma.o(i._ZN8touchgfx13DMA_Interface13seedExecutionEv) referenced from stm32f7dma.o(.constdata__ZTV10STM32F7DMA)
 <LI><a href="#[a9]">touchgfx::DMA_Interface::seedExecution()</a> from dma.o(i._ZN8touchgfx13DMA_Interface13seedExecutionEv) referenced from dma.o(.constdata__ZTVN8touchgfx13DMA_InterfaceE)
 <LI><a href="#[a8]">touchgfx::DMA_Interface::executeCompleted()</a> from dma.o(i._ZN8touchgfx13DMA_Interface16executeCompletedEv) referenced from stm32f7dma.o(.constdata__ZTV10STM32F7DMA)
 <LI><a href="#[a8]">touchgfx::DMA_Interface::executeCompleted()</a> from dma.o(i._ZN8touchgfx13DMA_Interface16executeCompletedEv) referenced from dma.o(.constdata__ZTVN8touchgfx13DMA_InterfaceE)
 <LI><a href="#[ae]">touchgfx::DMA_Interface::waitForFrameBufferSemaphore()</a> from dma.o(i._ZN8touchgfx13DMA_Interface27waitForFrameBufferSemaphoreEv) referenced from stm32f7dma.o(.constdata__ZTV10STM32F7DMA)
 <LI><a href="#[ae]">touchgfx::DMA_Interface::waitForFrameBufferSemaphore()</a> from dma.o(i._ZN8touchgfx13DMA_Interface27waitForFrameBufferSemaphoreEv) referenced from dma.o(.constdata__ZTVN8touchgfx13DMA_InterfaceE)
 <LI><a href="#[a3]">touchgfx::DMA_Interface::flush()</a> from dma.o(i._ZN8touchgfx13DMA_Interface5flushEv) referenced from stm32f7dma.o(.constdata__ZTV10STM32F7DMA)
 <LI><a href="#[a3]">touchgfx::DMA_Interface::flush()</a> from dma.o(i._ZN8touchgfx13DMA_Interface5flushEv) referenced from dma.o(.constdata__ZTVN8touchgfx13DMA_InterfaceE)
 <LI><a href="#[f4]">touchgfx::DMA_Interface::start()</a> from dma.o(i._ZN8touchgfx13DMA_Interface5startEv) referenced from dma.o(.constdata__ZTVN8touchgfx13DMA_InterfaceE)
 <LI><a href="#[a7]">touchgfx::DMA_Interface::execute()</a> from dma.o(i._ZN8touchgfx13DMA_Interface7executeEv) referenced from stm32f7dma.o(.constdata__ZTV10STM32F7DMA)
 <LI><a href="#[a7]">touchgfx::DMA_Interface::execute()</a> from dma.o(i._ZN8touchgfx13DMA_Interface7executeEv) referenced from dma.o(.constdata__ZTVN8touchgfx13DMA_InterfaceE)
 <LI><a href="#[101]">touchgfx::AbstractButton::handleClickEvent(const touchgfx::ClickEvent&)</a> from abstractbutton.o(i._ZN8touchgfx14AbstractButton16handleClickEventERKNS_10ClickEventE) referenced from buttonwithlabel.o(.constdata__ZTVN8touchgfx15ButtonWithLabelE)
 <LI><a href="#[101]">touchgfx::AbstractButton::handleClickEvent(const touchgfx::ClickEvent&)</a> from abstractbutton.o(i._ZN8touchgfx14AbstractButton16handleClickEventERKNS_10ClickEventE) referenced from screen1viewbase.o(.constdata__ZTVN8touchgfx9DraggableINS_15ButtonWithLabelEEE)
 <LI><a href="#[e4]">touchgfx::MVPApplication::handlePendingScreenTransition()</a> from boardconfiguration.o(i._ZN8touchgfx14MVPApplication29handlePendingScreenTransitionEv) referenced from frontendapplication.o(.constdata__ZTV19FrontendApplication)
 <LI><a href="#[e4]">touchgfx::MVPApplication::handlePendingScreenTransition()</a> from boardconfiguration.o(i._ZN8touchgfx14MVPApplication29handlePendingScreenTransitionEv) referenced from boardconfiguration.o(.constdata__ZTV23FrontendApplicationBase)
 <LI><a href="#[e4]">touchgfx::MVPApplication::handlePendingScreenTransition()</a> from boardconfiguration.o(i._ZN8touchgfx14MVPApplication29handlePendingScreenTransitionEv) referenced from frontendapplicationbase.o(.constdata__ZTVN8touchgfx14MVPApplicationE)
 <LI><a href="#[108]">touchgfx::AbstractPartition::~AbstractPartition__sub_object()</a> from abstractpartition.o(i._ZN8touchgfx17AbstractPartitionD2Ev) referenced from abstractpartition.o(.constdata__ZTVN8touchgfx17AbstractPartitionE)
 <LI><a href="#[88]">touchgfx::InternalFlashFont::~InternalFlashFont()</a> from internalflashfont.o(i._ZN8touchgfx17InternalFlashFontD1Ev) referenced from internalflashfont.o(.constdata__ZTVN8touchgfx17InternalFlashFontE)
 <LI><a href="#[88]">touchgfx::InternalFlashFont::~InternalFlashFont()</a> from internalflashfont.o(i._ZN8touchgfx17InternalFlashFontD1Ev) referenced from fontgetters.o(i._Z23getFont_verdana_10_4bppv)
 <LI><a href="#[88]">touchgfx::InternalFlashFont::~InternalFlashFont()</a> from internalflashfont.o(i._ZN8touchgfx17InternalFlashFontD1Ev) referenced from fontgetters.o(i._Z23getFont_verdana_20_4bppv)
 <LI><a href="#[88]">touchgfx::InternalFlashFont::~InternalFlashFont()</a> from internalflashfont.o(i._ZN8touchgfx17InternalFlashFontD1Ev) referenced from fontgetters.o(i._Z23getFont_verdana_40_4bppv)
 <LI><a href="#[118]">touchgfx::LockFreeDMA_Queue::pushCopyOf(const touchgfx::BlitOp&)</a> from dma.o(i._ZN8touchgfx17LockFreeDMA_Queue10pushCopyOfERKNS_6BlitOpE) referenced from dma.o(.constdata__ZTVN8touchgfx17LockFreeDMA_QueueE)
 <LI><a href="#[119]">touchgfx::LockFreeDMA_Queue::pop()</a> from dma.o(i._ZN8touchgfx17LockFreeDMA_Queue3popEv) referenced from dma.o(.constdata__ZTVN8touchgfx17LockFreeDMA_QueueE)
 <LI><a href="#[11a]">touchgfx::LockFreeDMA_Queue::first()</a> from dma.o(i._ZN8touchgfx17LockFreeDMA_Queue5firstEv) referenced from dma.o(.constdata__ZTVN8touchgfx17LockFreeDMA_QueueE)
 <LI><a href="#[117]">touchgfx::LockFreeDMA_Queue::isFull()</a> from dma.o(i._ZN8touchgfx17LockFreeDMA_Queue6isFullEv) referenced from dma.o(.constdata__ZTVN8touchgfx17LockFreeDMA_QueueE)
 <LI><a href="#[116]">touchgfx::LockFreeDMA_Queue::isEmpty()</a> from dma.o(i._ZN8touchgfx17LockFreeDMA_Queue7isEmptyEv) referenced from dma.o(.constdata__ZTVN8touchgfx17LockFreeDMA_QueueE)
 <LI><a href="#[11b]">touchgfx::MCUInstrumentation::setMCUActive(bool)</a> from boardconfiguration.o(i._ZN8touchgfx18MCUInstrumentation12setMCUActiveEb) referenced from boardconfiguration.o(.constdata__ZTVN8touchgfx18MCUInstrumentationE)
 <LI><a href="#[11c]">touchgfx::MCUInstrumentation::getCCConsumed()</a> from boardconfiguration.o(i._ZN8touchgfx18MCUInstrumentation13getCCConsumedEv) referenced from boardconfiguration.o(.constdata__ZTVN8touchgfx18MCUInstrumentationE)
 <LI><a href="#[11c]">touchgfx::MCUInstrumentation::getCCConsumed()</a> from boardconfiguration.o(i._ZN8touchgfx18MCUInstrumentation13getCCConsumedEv) referenced from stm32f7instrumentation.o(.constdata__ZTVN8touchgfx22STM32F7InstrumentationE)
 <LI><a href="#[11d]">touchgfx::MCUInstrumentation::setCCConsumed(unsigned)</a> from boardconfiguration.o(i._ZN8touchgfx18MCUInstrumentation13setCCConsumedEj) referenced from boardconfiguration.o(.constdata__ZTVN8touchgfx18MCUInstrumentationE)
 <LI><a href="#[11d]">touchgfx::MCUInstrumentation::setCCConsumed(unsigned)</a> from boardconfiguration.o(i._ZN8touchgfx18MCUInstrumentation13setCCConsumedEj) referenced from stm32f7instrumentation.o(.constdata__ZTVN8touchgfx22STM32F7InstrumentationE)
 <LI><a href="#[11f]">touchgfx::STM32F7Instrumentation::getCPUCycles()</a> from stm32f7instrumentation.o(i._ZN8touchgfx22STM32F7Instrumentation12getCPUCyclesEv) referenced from stm32f7instrumentation.o(.constdata__ZTVN8touchgfx22STM32F7InstrumentationE)
 <LI><a href="#[120]">touchgfx::STM32F7Instrumentation::setMCUActive(bool)</a> from stm32f7instrumentation.o(i._ZN8touchgfx22STM32F7Instrumentation12setMCUActiveEb) referenced from stm32f7instrumentation.o(.constdata__ZTVN8touchgfx22STM32F7InstrumentationE)
 <LI><a href="#[11e]">touchgfx::STM32F7Instrumentation::init()</a> from stm32f7instrumentation.o(i._ZN8touchgfx22STM32F7Instrumentation4initEv) referenced from stm32f7instrumentation.o(.constdata__ZTVN8touchgfx22STM32F7InstrumentationE)
 <LI><a href="#[8f]">touchgfx::STM32F7Instrumentation::~STM32F7Instrumentation()</a> from boardconfiguration.o(i._ZN8touchgfx22STM32F7InstrumentationD1Ev) referenced from stm32f7instrumentation.o(.constdata__ZTVN8touchgfx22STM32F7InstrumentationE)
 <LI><a href="#[8f]">touchgfx::STM32F7Instrumentation::~STM32F7Instrumentation()</a> from boardconfiguration.o(i._ZN8touchgfx22STM32F7InstrumentationD1Ev) referenced from boardconfiguration.o(i.__sti___22_BoardConfiguration_cpp_2f1c5dae)
 <LI><a href="#[122]">touchgfx::STM32F7TouchController::sampleTouch(int&, int&)</a> from stm32f7touchcontroller.o(i._ZN8touchgfx22STM32F7TouchController11sampleTouchERiS1_) referenced from stm32f7touchcontroller.o(.constdata__ZTVN8touchgfx22STM32F7TouchControllerE)
 <LI><a href="#[121]">touchgfx::STM32F7TouchController::init()</a> from stm32f7touchcontroller.o(i._ZN8touchgfx22STM32F7TouchController4initEv) referenced from stm32f7touchcontroller.o(.constdata__ZTVN8touchgfx22STM32F7TouchControllerE)
 <LI><a href="#[8e]">touchgfx::STM32F7TouchController::~STM32F7TouchController()</a> from boardconfiguration.o(i._ZN8touchgfx22STM32F7TouchControllerD1Ev) referenced from stm32f7touchcontroller.o(.constdata__ZTVN8touchgfx22STM32F7TouchControllerE)
 <LI><a href="#[8e]">touchgfx::STM32F7TouchController::~STM32F7TouchController()</a> from boardconfiguration.o(i._ZN8touchgfx22STM32F7TouchControllerD1Ev) referenced from boardconfiguration.o(i.__sti___22_BoardConfiguration_cpp_2f1c5dae)
 <LI><a href="#[127]">touchgfx::TextAreaWithOneWildcard::getTextHeight()</a> from screen1view.o(i._ZN8touchgfx23TextAreaWithOneWildcard13getTextHeightEv) referenced from screen1view.o(.constdata__ZTVN8touchgfx23TextAreaWithOneWildcardE)
 <LI><a href="#[123]">touchgfx::TextAreaWithOneWildcard::~TextAreaWithOneWildcard()</a> from screen1view.o(i._ZN8touchgfx23TextAreaWithOneWildcardD1Ev) referenced from screen1view.o(.constdata__ZTVN8touchgfx23TextAreaWithOneWildcardE)
 <LI><a href="#[129]">touchgfx::TextAreaWithWildcardBase::~TextAreaWithWildcardBase()</a> from screen1view.o(i._ZN8touchgfx24TextAreaWithWildcardBaseD1Ev) referenced from screen1view.o(.constdata__ZTVN8touchgfx24TextAreaWithWildcardBaseE)
 <LI><a href="#[c6]">touchgfx::HAL::beginFrame()</a> from hal.o(i._ZN8touchgfx3HAL10beginFrameEv) referenced from stm32f7hal.o(.constdata__ZTV10STM32F7HAL)
 <LI><a href="#[c6]">touchgfx::HAL::beginFrame()</a> from hal.o(i._ZN8touchgfx3HAL10beginFrameEv) referenced from hal.o(.constdata__ZTVN8touchgfx3HALE)
 <LI><a href="#[b8]">touchgfx::HAL::getBlitCaps()</a> from hal.o(i._ZN8touchgfx3HAL11getBlitCapsEv) referenced from stm32f7hal.o(.constdata__ZTV10STM32F7HAL)
 <LI><a href="#[b8]">touchgfx::HAL::getBlitCaps()</a> from hal.o(i._ZN8touchgfx3HAL11getBlitCapsEv) referenced from hal.o(.constdata__ZTVN8touchgfx3HALE)
 <LI><a href="#[bb]">touchgfx::HAL::blitCopyGlyph(const unsigned char*, unsigned short, unsigned short, unsigned short, unsigned short, unsigned short, touchgfx::colortype, unsigned char, touchgfx::BlitOperations)</a> from hal.o(i._ZN8touchgfx3HAL13blitCopyGlyphEPKhtttttNS_9colortypeEhNS_14BlitOperationsE) referenced from stm32f7hal.o(.constdata__ZTV10STM32F7HAL)
 <LI><a href="#[bb]">touchgfx::HAL::blitCopyGlyph(const unsigned char*, unsigned short, unsigned short, unsigned short, unsigned short, unsigned short, touchgfx::colortype, unsigned char, touchgfx::BlitOperations)</a> from hal.o(i._ZN8touchgfx3HAL13blitCopyGlyphEPKhtttttNS_9colortypeEhNS_14BlitOperationsE) referenced from hal.o(.constdata__ZTVN8touchgfx3HALE)
 <LI><a href="#[bd]">touchgfx::HAL::backPorchExited()</a> from stm32f7hal.o(i._ZN8touchgfx3HAL15backPorchExitedEv) referenced from stm32f7hal.o(.constdata__ZTV10STM32F7HAL)
 <LI><a href="#[bd]">touchgfx::HAL::backPorchExited()</a> from stm32f7hal.o(i._ZN8touchgfx3HAL15backPorchExitedEv) referenced from hal.o(.constdata__ZTVN8touchgfx3HALE)
 <LI><a href="#[b6]">touchgfx::HAL::cacheTextString(const unsigned short*)</a> from hal.o(i._ZN8touchgfx3HAL15cacheTextStringEPKt) referenced from stm32f7hal.o(.constdata__ZTV10STM32F7HAL)
 <LI><a href="#[b6]">touchgfx::HAL::cacheTextString(const unsigned short*)</a> from hal.o(i._ZN8touchgfx3HAL15cacheTextStringEPKt) referenced from hal.o(.constdata__ZTVN8touchgfx3HALE)
 <LI><a href="#[b3]">touchgfx::HAL::lockFrameBuffer()</a> from hal.o(i._ZN8touchgfx3HAL15lockFrameBufferEv) referenced from stm32f7hal.o(.constdata__ZTV10STM32F7HAL)
 <LI><a href="#[b3]">touchgfx::HAL::lockFrameBuffer()</a> from hal.o(i._ZN8touchgfx3HAL15lockFrameBufferEv) referenced from hal.o(.constdata__ZTVN8touchgfx3HALE)
 <LI><a href="#[ba]">touchgfx::HAL::blitCopyARGB8888(const unsigned short*, unsigned short, unsigned short, unsigned short, unsigned short, unsigned short, unsigned char)</a> from hal.o(i._ZN8touchgfx3HAL16blitCopyARGB8888EPKtttttth) referenced from stm32f7hal.o(.constdata__ZTV10STM32F7HAL)
 <LI><a href="#[ba]">touchgfx::HAL::blitCopyARGB8888(const unsigned short*, unsigned short, unsigned short, unsigned short, unsigned short, unsigned short, unsigned char)</a> from hal.o(i._ZN8touchgfx3HAL16blitCopyARGB8888EPKtttttth) referenced from hal.o(.constdata__ZTVN8touchgfx3HALE)
 <LI><a href="#[12d]">touchgfx::HAL::flushFrameBuffer(const touchgfx::Rect&)</a> from hal.o(i._ZN8touchgfx3HAL16flushFrameBufferERKNS_4RectE) referenced from hal.o(.constdata__ZTVN8touchgfx3HALE)
 <LI><a href="#[b1]">touchgfx::HAL::allowDMATransfers()</a> from hal.o(i._ZN8touchgfx3HAL17allowDMATransfersEv) referenced from stm32f7hal.o(.constdata__ZTV10STM32F7HAL)
 <LI><a href="#[b1]">touchgfx::HAL::allowDMATransfers()</a> from hal.o(i._ZN8touchgfx3HAL17allowDMATransfersEv) referenced from hal.o(.constdata__ZTVN8touchgfx3HALE)
 <LI><a href="#[12e]">touchgfx::HAL::getTFTCurrentLine()</a> from hal.o(i._ZN8touchgfx3HAL17getTFTCurrentLineEv) referenced from hal.o(.constdata__ZTVN8touchgfx3HALE)
 <LI><a href="#[b4]">touchgfx::HAL::unlockFrameBuffer()</a> from hal.o(i._ZN8touchgfx3HAL17unlockFrameBufferEv) referenced from stm32f7hal.o(.constdata__ZTV10STM32F7HAL)
 <LI><a href="#[b4]">touchgfx::HAL::unlockFrameBuffer()</a> from hal.o(i._ZN8touchgfx3HAL17unlockFrameBufferEv) referenced from hal.o(.constdata__ZTVN8touchgfx3HALE)
 <LI><a href="#[bc]">touchgfx::HAL::registerEventListener(touchgfx::UIEventListener&)</a> from hal.o(i._ZN8touchgfx3HAL21registerEventListenerERNS_15UIEventListenerE) referenced from stm32f7hal.o(.constdata__ZTV10STM32F7HAL)
 <LI><a href="#[bc]">touchgfx::HAL::registerEventListener(touchgfx::UIEventListener&)</a> from hal.o(i._ZN8touchgfx3HAL21registerEventListenerERNS_15UIEventListenerE) referenced from hal.o(.constdata__ZTVN8touchgfx3HALE)
 <LI><a href="#[c2]">touchgfx::HAL::setFrameBufferStartAddress(void*, unsigned short, bool, bool)</a> from hal.o(i._ZN8touchgfx3HAL26setFrameBufferStartAddressEPvtbb) referenced from stm32f7hal.o(.constdata__ZTV10STM32F7HAL)
 <LI><a href="#[c2]">touchgfx::HAL::setFrameBufferStartAddress(void*, unsigned short, bool, bool)</a> from hal.o(i._ZN8touchgfx3HAL26setFrameBufferStartAddressEPvtbb) referenced from hal.o(.constdata__ZTVN8touchgfx3HALE)
 <LI><a href="#[cb]">touchgfx::HAL::performDisplayOrientationChange()</a> from hal.o(i._ZN8touchgfx3HAL31performDisplayOrientationChangeEv) referenced from stm32f7hal.o(.constdata__ZTV10STM32F7HAL)
 <LI><a href="#[cb]">touchgfx::HAL::performDisplayOrientationChange()</a> from hal.o(i._ZN8touchgfx3HAL31performDisplayOrientationChangeEv) referenced from hal.o(.constdata__ZTVN8touchgfx3HALE)
 <LI><a href="#[c5]">touchgfx::HAL::tick()</a> from hal.o(i._ZN8touchgfx3HAL4tickEv) referenced from stm32f7hal.o(.constdata__ZTV10STM32F7HAL)
 <LI><a href="#[c5]">touchgfx::HAL::tick()</a> from hal.o(i._ZN8touchgfx3HAL4tickEv) referenced from hal.o(.constdata__ZTVN8touchgfx3HALE)
 <LI><a href="#[c9]">touchgfx::HAL::touch(int, int)</a> from hal.o(i._ZN8touchgfx3HAL5touchEii) referenced from stm32f7hal.o(.constdata__ZTV10STM32F7HAL)
 <LI><a href="#[c9]">touchgfx::HAL::touch(int, int)</a> from hal.o(i._ZN8touchgfx3HAL5touchEii) referenced from hal.o(.constdata__ZTVN8touchgfx3HALE)
 <LI><a href="#[ca]">touchgfx::HAL::noTouch()</a> from hal.o(i._ZN8touchgfx3HAL7noTouchEv) referenced from stm32f7hal.o(.constdata__ZTV10STM32F7HAL)
 <LI><a href="#[ca]">touchgfx::HAL::noTouch()</a> from hal.o(i._ZN8touchgfx3HAL7noTouchEv) referenced from hal.o(.constdata__ZTVN8touchgfx3HALE)
 <LI><a href="#[b9]">touchgfx::HAL::blitCopy(const unsigned short*, unsigned short, unsigned short, unsigned short, unsigned short, unsigned short, unsigned char, bool)</a> from hal.o(i._ZN8touchgfx3HAL8blitCopyEPKtttttthb) referenced from stm32f7hal.o(.constdata__ZTV10STM32F7HAL)
 <LI><a href="#[b9]">touchgfx::HAL::blitCopy(const unsigned short*, unsigned short, unsigned short, unsigned short, unsigned short, unsigned short, unsigned char, bool)</a> from hal.o(i._ZN8touchgfx3HAL8blitCopyEPKtttttthb) referenced from hal.o(.constdata__ZTVN8touchgfx3HALE)
 <LI><a href="#[c7]">touchgfx::HAL::endFrame()</a> from hal.o(i._ZN8touchgfx3HAL8endFrameEv) referenced from stm32f7hal.o(.constdata__ZTV10STM32F7HAL)
 <LI><a href="#[c7]">touchgfx::HAL::endFrame()</a> from hal.o(i._ZN8touchgfx3HAL8endFrameEv) referenced from hal.o(.constdata__ZTVN8touchgfx3HALE)
 <LI><a href="#[b2]">touchgfx::HAL::flushDMA()</a> from hal.o(i._ZN8touchgfx3HAL8flushDMAEv) referenced from stm32f7hal.o(.constdata__ZTV10STM32F7HAL)
 <LI><a href="#[b2]">touchgfx::HAL::flushDMA()</a> from hal.o(i._ZN8touchgfx3HAL8flushDMAEv) referenced from hal.o(.constdata__ZTVN8touchgfx3HALE)
 <LI><a href="#[b7]">touchgfx::HAL::blockCopy(void*, const void*, unsigned)</a> from hal.o(i._ZN8touchgfx3HAL9blockCopyEPvPKvj) referenced from stm32f7hal.o(.constdata__ZTV10STM32F7HAL)
 <LI><a href="#[b7]">touchgfx::HAL::blockCopy(void*, const void*, unsigned)</a> from hal.o(i._ZN8touchgfx3HAL9blockCopyEPvPKvj) referenced from hal.o(.constdata__ZTVN8touchgfx3HALE)
 <LI><a href="#[c3]">touchgfx::HAL::taskDelay(unsigned short)</a> from hal.o(i._ZN8touchgfx3HAL9taskDelayEt) referenced from stm32f7hal.o(.constdata__ZTV10STM32F7HAL)
 <LI><a href="#[c3]">touchgfx::HAL::taskDelay(unsigned short)</a> from hal.o(i._ZN8touchgfx3HAL9taskDelayEt) referenced from hal.o(.constdata__ZTVN8touchgfx3HALE)
 <LI><a href="#[af]">touchgfx::HAL::taskEntry()</a> from hal.o(i._ZN8touchgfx3HAL9taskEntryEv) referenced from stm32f7hal.o(.constdata__ZTV10STM32F7HAL)
 <LI><a href="#[af]">touchgfx::HAL::taskEntry()</a> from hal.o(i._ZN8touchgfx3HAL9taskEntryEv) referenced from hal.o(.constdata__ZTVN8touchgfx3HALE)
 <LI><a href="#[16]">touchgfx::LCD::drawStringLTR(const touchgfx::Rect&, const touchgfx::Rect&, const touchgfx::LCD::StringVisuals&, const unsigned short*, std::__va_list)</a> from lcd.o(i._ZN8touchgfx3LCD13drawStringLTRERKNS_4RectES3_RKNS0_13StringVisualsEPKtSt9__va_list) referenced 2 times from texts.o(.data)
 <LI><a href="#[95]">touchgfx::Rect::Rect()</a> from application.o(i._ZN8touchgfx4RectC1Ev) referenced from application.o(t._ZN8touchgfx6VectorINS_4RectELt8EEC1Ev)
 <LI><a href="#[12f]">touchgfx::View&lang;Screen1Presenter&rang;::~View()</a> from screen1viewbase.o(i._ZN8touchgfx4ViewI16Screen1PresenterED1Ev) referenced from screen1viewbase.o(.constdata__ZTVN8touchgfx4ViewI16Screen1PresenterEE)
 <LI><a href="#[133]">touchgfx::Image::setBitmap(const touchgfx::Bitmap&)</a> from image.o(i._ZN8touchgfx5Image9setBitmapERKNS_6BitmapE) referenced from image.o(.constdata__ZTVN8touchgfx5ImageE)
 <LI><a href="#[8b]">touchgfx::BlitOp::BlitOp()</a> from hal.o(i._ZN8touchgfx6BlitOpC1Ev) referenced from stm32f7dma.o(i._ZN10STM32F7DMAC1Ev)
 <LI><a href="#[107]">touchgfx::Button::setBitmaps(const touchgfx::Bitmap&, const touchgfx::Bitmap&)</a> from button.o(i._ZN8touchgfx6Button10setBitmapsERKNS_6BitmapES3_) referenced from buttonwithlabel.o(.constdata__ZTVN8touchgfx15ButtonWithLabelE)
 <LI><a href="#[107]">touchgfx::Button::setBitmaps(const touchgfx::Bitmap&, const touchgfx::Bitmap&)</a> from button.o(i._ZN8touchgfx6Button10setBitmapsERKNS_6BitmapES3_) referenced from screen1viewbase.o(.constdata__ZTVN8touchgfx9DraggableINS_15ButtonWithLabelEEE)
 <LI><a href="#[130]">touchgfx::Screen::setupScreen()</a> from screen1viewbase.o(i._ZN8touchgfx6Screen11setupScreenEv) referenced from screen1viewbase.o(.constdata__ZTVN8touchgfx4ViewI16Screen1PresenterEE)
 <LI><a href="#[130]">touchgfx::Screen::setupScreen()</a> from screen1viewbase.o(i._ZN8touchgfx6Screen11setupScreenEv) referenced from screen.o(.constdata__ZTVN8touchgfx6ScreenE)
 <LI><a href="#[d5]">touchgfx::Screen::handleKeyEvent(unsigned char)</a> from screen1view.o(i._ZN8touchgfx6Screen14handleKeyEventEh) referenced from screen1view.o(.constdata__ZTV11Screen1View)
 <LI><a href="#[d5]">touchgfx::Screen::handleKeyEvent(unsigned char)</a> from screen1view.o(i._ZN8touchgfx6Screen14handleKeyEventEh) referenced from screen1viewbase.o(.constdata__ZTV15Screen1ViewBase)
 <LI><a href="#[d5]">touchgfx::Screen::handleKeyEvent(unsigned char)</a> from screen1view.o(i._ZN8touchgfx6Screen14handleKeyEventEh) referenced from screen1viewbase.o(.constdata__ZTVN8touchgfx4ViewI16Screen1PresenterEE)
 <LI><a href="#[d5]">touchgfx::Screen::handleKeyEvent(unsigned char)</a> from screen1view.o(i._ZN8touchgfx6Screen14handleKeyEventEh) referenced from screen.o(.constdata__ZTVN8touchgfx6ScreenE)
 <LI><a href="#[d9]">touchgfx::Screen::tearDownScreen()</a> from screen1viewbase.o(i._ZN8touchgfx6Screen14tearDownScreenEv) referenced from screen1viewbase.o(.constdata__ZTV15Screen1ViewBase)
 <LI><a href="#[d9]">touchgfx::Screen::tearDownScreen()</a> from screen1viewbase.o(i._ZN8touchgfx6Screen14tearDownScreenEv) referenced from screen1viewbase.o(.constdata__ZTVN8touchgfx4ViewI16Screen1PresenterEE)
 <LI><a href="#[d9]">touchgfx::Screen::tearDownScreen()</a> from screen1viewbase.o(i._ZN8touchgfx6Screen14tearDownScreenEv) referenced from screen.o(.constdata__ZTVN8touchgfx6ScreenE)
 <LI><a href="#[cf]">touchgfx::Screen::afterTransition()</a> from screen1view.o(i._ZN8touchgfx6Screen15afterTransitionEv) referenced from screen1view.o(.constdata__ZTV11Screen1View)
 <LI><a href="#[cf]">touchgfx::Screen::afterTransition()</a> from screen1view.o(i._ZN8touchgfx6Screen15afterTransitionEv) referenced from screen1viewbase.o(.constdata__ZTV15Screen1ViewBase)
 <LI><a href="#[cf]">touchgfx::Screen::afterTransition()</a> from screen1view.o(i._ZN8touchgfx6Screen15afterTransitionEv) referenced from screen1viewbase.o(.constdata__ZTVN8touchgfx4ViewI16Screen1PresenterEE)
 <LI><a href="#[cf]">touchgfx::Screen::afterTransition()</a> from screen1view.o(i._ZN8touchgfx6Screen15afterTransitionEv) referenced from screen.o(.constdata__ZTVN8touchgfx6ScreenE)
 <LI><a href="#[d2]">touchgfx::Screen::handleDragEvent(const touchgfx::DragEvent&)</a> from screen.o(i._ZN8touchgfx6Screen15handleDragEventERKNS_9DragEventE) referenced from screen1view.o(.constdata__ZTV11Screen1View)
 <LI><a href="#[d2]">touchgfx::Screen::handleDragEvent(const touchgfx::DragEvent&)</a> from screen.o(i._ZN8touchgfx6Screen15handleDragEventERKNS_9DragEventE) referenced from screen1viewbase.o(.constdata__ZTV15Screen1ViewBase)
 <LI><a href="#[d2]">touchgfx::Screen::handleDragEvent(const touchgfx::DragEvent&)</a> from screen.o(i._ZN8touchgfx6Screen15handleDragEventERKNS_9DragEventE) referenced from screen1viewbase.o(.constdata__ZTVN8touchgfx4ViewI16Screen1PresenterEE)
 <LI><a href="#[d2]">touchgfx::Screen::handleDragEvent(const touchgfx::DragEvent&)</a> from screen.o(i._ZN8touchgfx6Screen15handleDragEventERKNS_9DragEventE) referenced from screen.o(.constdata__ZTVN8touchgfx6ScreenE)
 <LI><a href="#[da]">touchgfx::Screen::handleTickEvent()</a> from screen1viewbase.o(i._ZN8touchgfx6Screen15handleTickEventEv) referenced from screen1viewbase.o(.constdata__ZTV15Screen1ViewBase)
 <LI><a href="#[da]">touchgfx::Screen::handleTickEvent()</a> from screen1viewbase.o(i._ZN8touchgfx6Screen15handleTickEventEv) referenced from screen1viewbase.o(.constdata__ZTVN8touchgfx4ViewI16Screen1PresenterEE)
 <LI><a href="#[da]">touchgfx::Screen::handleTickEvent()</a> from screen1viewbase.o(i._ZN8touchgfx6Screen15handleTickEventEv) referenced from screen.o(.constdata__ZTVN8touchgfx6ScreenE)
 <LI><a href="#[d1]">touchgfx::Screen::handleClickEvent(const touchgfx::ClickEvent&)</a> from screen.o(i._ZN8touchgfx6Screen16handleClickEventERKNS_10ClickEventE) referenced from screen1view.o(.constdata__ZTV11Screen1View)
 <LI><a href="#[d1]">touchgfx::Screen::handleClickEvent(const touchgfx::ClickEvent&)</a> from screen.o(i._ZN8touchgfx6Screen16handleClickEventERKNS_10ClickEventE) referenced from screen1viewbase.o(.constdata__ZTV15Screen1ViewBase)
 <LI><a href="#[d1]">touchgfx::Screen::handleClickEvent(const touchgfx::ClickEvent&)</a> from screen.o(i._ZN8touchgfx6Screen16handleClickEventERKNS_10ClickEventE) referenced from screen1viewbase.o(.constdata__ZTVN8touchgfx4ViewI16Screen1PresenterEE)
 <LI><a href="#[d1]">touchgfx::Screen::handleClickEvent(const touchgfx::ClickEvent&)</a> from screen.o(i._ZN8touchgfx6Screen16handleClickEventERKNS_10ClickEventE) referenced from screen.o(.constdata__ZTVN8touchgfx6ScreenE)
 <LI><a href="#[d3]">touchgfx::Screen::handleGestureEvent(const touchgfx::GestureEvent&)</a> from screen.o(i._ZN8touchgfx6Screen18handleGestureEventERKNS_12GestureEventE) referenced from screen1view.o(.constdata__ZTV11Screen1View)
 <LI><a href="#[d3]">touchgfx::Screen::handleGestureEvent(const touchgfx::GestureEvent&)</a> from screen.o(i._ZN8touchgfx6Screen18handleGestureEventERKNS_12GestureEventE) referenced from screen1viewbase.o(.constdata__ZTV15Screen1ViewBase)
 <LI><a href="#[d3]">touchgfx::Screen::handleGestureEvent(const touchgfx::GestureEvent&)</a> from screen.o(i._ZN8touchgfx6Screen18handleGestureEventERKNS_12GestureEventE) referenced from screen1viewbase.o(.constdata__ZTVN8touchgfx4ViewI16Screen1PresenterEE)
 <LI><a href="#[d3]">touchgfx::Screen::handleGestureEvent(const touchgfx::GestureEvent&)</a> from screen.o(i._ZN8touchgfx6Screen18handleGestureEventERKNS_12GestureEventE) referenced from screen.o(.constdata__ZTVN8touchgfx6ScreenE)
 <LI><a href="#[cd]">touchgfx::Screen::draw(touchgfx::Rect&)</a> from screen.o(i._ZN8touchgfx6Screen4drawERNS_4RectE) referenced from screen1view.o(.constdata__ZTV11Screen1View)
 <LI><a href="#[cd]">touchgfx::Screen::draw(touchgfx::Rect&)</a> from screen.o(i._ZN8touchgfx6Screen4drawERNS_4RectE) referenced from screen1viewbase.o(.constdata__ZTV15Screen1ViewBase)
 <LI><a href="#[cd]">touchgfx::Screen::draw(touchgfx::Rect&)</a> from screen.o(i._ZN8touchgfx6Screen4drawERNS_4RectE) referenced from screen1viewbase.o(.constdata__ZTVN8touchgfx4ViewI16Screen1PresenterEE)
 <LI><a href="#[cd]">touchgfx::Screen::draw(touchgfx::Rect&)</a> from screen.o(i._ZN8touchgfx6Screen4drawERNS_4RectE) referenced from screen.o(.constdata__ZTVN8touchgfx6ScreenE)
 <LI><a href="#[134]">touchgfx::Screen::~Screen()</a> from screen.o(i._ZN8touchgfx6ScreenD1Ev) referenced from screen.o(.constdata__ZTVN8touchgfx6ScreenE)
 <LI><a href="#[f9]">touchgfx::Widget::getLastChild(short, short, touchgfx::Drawable**)</a> from abstractbutton.o(i._ZN8touchgfx6Widget12getLastChildEssPPNS_8DrawableE) referenced from buttonwithlabel.o(.constdata__ZTVN8touchgfx15ButtonWithLabelE)
 <LI><a href="#[f9]">touchgfx::Widget::getLastChild(short, short, touchgfx::Drawable**)</a> from abstractbutton.o(i._ZN8touchgfx6Widget12getLastChildEssPPNS_8DrawableE) referenced from screen1view.o(.constdata__ZTVN8touchgfx23TextAreaWithOneWildcardE)
 <LI><a href="#[f9]">touchgfx::Widget::getLastChild(short, short, touchgfx::Drawable**)</a> from abstractbutton.o(i._ZN8touchgfx6Widget12getLastChildEssPPNS_8DrawableE) referenced from screen1view.o(.constdata__ZTVN8touchgfx24TextAreaWithWildcardBaseE)
 <LI><a href="#[f9]">touchgfx::Widget::getLastChild(short, short, touchgfx::Drawable**)</a> from abstractbutton.o(i._ZN8touchgfx6Widget12getLastChildEssPPNS_8DrawableE) referenced from image.o(.constdata__ZTVN8touchgfx5ImageE)
 <LI><a href="#[f9]">touchgfx::Widget::getLastChild(short, short, touchgfx::Drawable**)</a> from abstractbutton.o(i._ZN8touchgfx6Widget12getLastChildEssPPNS_8DrawableE) referenced from screen1view.o(.constdata__ZTVN8touchgfx6WidgetE)
 <LI><a href="#[f9]">touchgfx::Widget::getLastChild(short, short, touchgfx::Drawable**)</a> from abstractbutton.o(i._ZN8touchgfx6Widget12getLastChildEssPPNS_8DrawableE) referenced from textarea.o(.constdata__ZTVN8touchgfx8TextAreaE)
 <LI><a href="#[f9]">touchgfx::Widget::getLastChild(short, short, touchgfx::Drawable**)</a> from abstractbutton.o(i._ZN8touchgfx6Widget12getLastChildEssPPNS_8DrawableE) referenced from screen1viewbase.o(.constdata__ZTVN8touchgfx9DraggableINS_15ButtonWithLabelEEE)
 <LI><a href="#[f9]">touchgfx::Widget::getLastChild(short, short, touchgfx::Drawable**)</a> from abstractbutton.o(i._ZN8touchgfx6Widget12getLastChildEssPPNS_8DrawableE) referenced from screen1viewbase.o(.constdata__ZTVN8touchgfx9DraggableINS_8TextAreaEEE)
 <LI><a href="#[135]">touchgfx::Widget::~Widget__sub_object()</a> from screen1view.o(i._ZN8touchgfx6WidgetD2Ev) referenced from screen1view.o(.constdata__ZTVN8touchgfx6WidgetE)
 <LI><a href="#[137]">touchgfx::Callback&lang;FrontendApplicationBase, void, void, void&rang;::execute()</a> from frontendapplicationbase.o(t._ZN8touchgfx8CallbackI23FrontendApplicationBasevvvE7executeEv) referenced from frontendapplicationbase.o(.constdata__ZTVN8touchgfx8CallbackI23FrontendApplicationBasevvvEE)
 <LI><a href="#[136]">touchgfx::Callback&lang;FrontendApplicationBase, void, void, void&rang;::~Callback()</a> from frontendapplicationbase.o(i._ZN8touchgfx8CallbackI23FrontendApplicationBasevvvED1Ev) referenced from frontendapplicationbase.o(.constdata__ZTVN8touchgfx8CallbackI23FrontendApplicationBasevvvEE)
 <LI><a href="#[105]">touchgfx::Drawable::moveRelative(short, short)</a> from drawable.o(i._ZN8touchgfx8Drawable12moveRelativeEss) referenced from buttonwithlabel.o(.constdata__ZTVN8touchgfx15ButtonWithLabelE)
 <LI><a href="#[105]">touchgfx::Drawable::moveRelative(short, short)</a> from drawable.o(i._ZN8touchgfx8Drawable12moveRelativeEss) referenced from screen1view.o(.constdata__ZTVN8touchgfx23TextAreaWithOneWildcardE)
 <LI><a href="#[105]">touchgfx::Drawable::moveRelative(short, short)</a> from drawable.o(i._ZN8touchgfx8Drawable12moveRelativeEss) referenced from screen1view.o(.constdata__ZTVN8touchgfx24TextAreaWithWildcardBaseE)
 <LI><a href="#[105]">touchgfx::Drawable::moveRelative(short, short)</a> from drawable.o(i._ZN8touchgfx8Drawable12moveRelativeEss) referenced from image.o(.constdata__ZTVN8touchgfx5ImageE)
 <LI><a href="#[105]">touchgfx::Drawable::moveRelative(short, short)</a> from drawable.o(i._ZN8touchgfx8Drawable12moveRelativeEss) referenced from screen1view.o(.constdata__ZTVN8touchgfx6WidgetE)
 <LI><a href="#[105]">touchgfx::Drawable::moveRelative(short, short)</a> from drawable.o(i._ZN8touchgfx8Drawable12moveRelativeEss) referenced from drawable.o(.constdata__ZTVN8touchgfx8DrawableE)
 <LI><a href="#[105]">touchgfx::Drawable::moveRelative(short, short)</a> from drawable.o(i._ZN8touchgfx8Drawable12moveRelativeEss) referenced from textarea.o(.constdata__ZTVN8touchgfx8TextAreaE)
 <LI><a href="#[105]">touchgfx::Drawable::moveRelative(short, short)</a> from drawable.o(i._ZN8touchgfx8Drawable12moveRelativeEss) referenced from container.o(.constdata__ZTVN8touchgfx9ContainerE)
 <LI><a href="#[105]">touchgfx::Drawable::moveRelative(short, short)</a> from drawable.o(i._ZN8touchgfx8Drawable12moveRelativeEss) referenced from screen1viewbase.o(.constdata__ZTVN8touchgfx9DraggableINS_15ButtonWithLabelEEE)
 <LI><a href="#[105]">touchgfx::Drawable::moveRelative(short, short)</a> from drawable.o(i._ZN8touchgfx8Drawable12moveRelativeEss) referenced from screen1viewbase.o(.constdata__ZTVN8touchgfx9DraggableINS_8TextAreaEEE)
 <LI><a href="#[106]">touchgfx::Drawable::setupDrawChain(const touchgfx::Rect&, touchgfx::Drawable**)</a> from abstractbutton.o(i._ZN8touchgfx8Drawable14setupDrawChainERKNS_4RectEPPS0_) referenced from buttonwithlabel.o(.constdata__ZTVN8touchgfx15ButtonWithLabelE)
 <LI><a href="#[106]">touchgfx::Drawable::setupDrawChain(const touchgfx::Rect&, touchgfx::Drawable**)</a> from abstractbutton.o(i._ZN8touchgfx8Drawable14setupDrawChainERKNS_4RectEPPS0_) referenced from screen1view.o(.constdata__ZTVN8touchgfx23TextAreaWithOneWildcardE)
 <LI><a href="#[106]">touchgfx::Drawable::setupDrawChain(const touchgfx::Rect&, touchgfx::Drawable**)</a> from abstractbutton.o(i._ZN8touchgfx8Drawable14setupDrawChainERKNS_4RectEPPS0_) referenced from screen1view.o(.constdata__ZTVN8touchgfx24TextAreaWithWildcardBaseE)
 <LI><a href="#[106]">touchgfx::Drawable::setupDrawChain(const touchgfx::Rect&, touchgfx::Drawable**)</a> from abstractbutton.o(i._ZN8touchgfx8Drawable14setupDrawChainERKNS_4RectEPPS0_) referenced from image.o(.constdata__ZTVN8touchgfx5ImageE)
 <LI><a href="#[106]">touchgfx::Drawable::setupDrawChain(const touchgfx::Rect&, touchgfx::Drawable**)</a> from abstractbutton.o(i._ZN8touchgfx8Drawable14setupDrawChainERKNS_4RectEPPS0_) referenced from screen1view.o(.constdata__ZTVN8touchgfx6WidgetE)
 <LI><a href="#[106]">touchgfx::Drawable::setupDrawChain(const touchgfx::Rect&, touchgfx::Drawable**)</a> from abstractbutton.o(i._ZN8touchgfx8Drawable14setupDrawChainERKNS_4RectEPPS0_) referenced from drawable.o(.constdata__ZTVN8touchgfx8DrawableE)
 <LI><a href="#[106]">touchgfx::Drawable::setupDrawChain(const touchgfx::Rect&, touchgfx::Drawable**)</a> from abstractbutton.o(i._ZN8touchgfx8Drawable14setupDrawChainERKNS_4RectEPPS0_) referenced from textarea.o(.constdata__ZTVN8touchgfx8TextAreaE)
 <LI><a href="#[106]">touchgfx::Drawable::setupDrawChain(const touchgfx::Rect&, touchgfx::Drawable**)</a> from abstractbutton.o(i._ZN8touchgfx8Drawable14setupDrawChainERKNS_4RectEPPS0_) referenced from screen1viewbase.o(.constdata__ZTVN8touchgfx9DraggableINS_15ButtonWithLabelEEE)
 <LI><a href="#[106]">touchgfx::Drawable::setupDrawChain(const touchgfx::Rect&, touchgfx::Drawable**)</a> from abstractbutton.o(i._ZN8touchgfx8Drawable14setupDrawChainERKNS_4RectEPPS0_) referenced from screen1viewbase.o(.constdata__ZTVN8touchgfx9DraggableINS_8TextAreaEEE)
 <LI><a href="#[103]">touchgfx::Drawable::handleDragEvent(const touchgfx::DragEvent&)</a> from screen1view.o(i._ZN8touchgfx8Drawable15handleDragEventERKNS_9DragEventE) referenced from buttonwithlabel.o(.constdata__ZTVN8touchgfx15ButtonWithLabelE)
 <LI><a href="#[103]">touchgfx::Drawable::handleDragEvent(const touchgfx::DragEvent&)</a> from screen1view.o(i._ZN8touchgfx8Drawable15handleDragEventERKNS_9DragEventE) referenced from screen1view.o(.constdata__ZTVN8touchgfx23TextAreaWithOneWildcardE)
 <LI><a href="#[103]">touchgfx::Drawable::handleDragEvent(const touchgfx::DragEvent&)</a> from screen1view.o(i._ZN8touchgfx8Drawable15handleDragEventERKNS_9DragEventE) referenced from screen1view.o(.constdata__ZTVN8touchgfx24TextAreaWithWildcardBaseE)
 <LI><a href="#[103]">touchgfx::Drawable::handleDragEvent(const touchgfx::DragEvent&)</a> from screen1view.o(i._ZN8touchgfx8Drawable15handleDragEventERKNS_9DragEventE) referenced from image.o(.constdata__ZTVN8touchgfx5ImageE)
 <LI><a href="#[103]">touchgfx::Drawable::handleDragEvent(const touchgfx::DragEvent&)</a> from screen1view.o(i._ZN8touchgfx8Drawable15handleDragEventERKNS_9DragEventE) referenced from screen1view.o(.constdata__ZTVN8touchgfx6WidgetE)
 <LI><a href="#[103]">touchgfx::Drawable::handleDragEvent(const touchgfx::DragEvent&)</a> from screen1view.o(i._ZN8touchgfx8Drawable15handleDragEventERKNS_9DragEventE) referenced from drawable.o(.constdata__ZTVN8touchgfx8DrawableE)
 <LI><a href="#[103]">touchgfx::Drawable::handleDragEvent(const touchgfx::DragEvent&)</a> from screen1view.o(i._ZN8touchgfx8Drawable15handleDragEventERKNS_9DragEventE) referenced from textarea.o(.constdata__ZTVN8touchgfx8TextAreaE)
 <LI><a href="#[103]">touchgfx::Drawable::handleDragEvent(const touchgfx::DragEvent&)</a> from screen1view.o(i._ZN8touchgfx8Drawable15handleDragEventERKNS_9DragEventE) referenced from container.o(.constdata__ZTVN8touchgfx9ContainerE)
 <LI><a href="#[104]">touchgfx::Drawable::handleTickEvent()</a> from screen1view.o(i._ZN8touchgfx8Drawable15handleTickEventEv) referenced from buttonwithlabel.o(.constdata__ZTVN8touchgfx15ButtonWithLabelE)
 <LI><a href="#[104]">touchgfx::Drawable::handleTickEvent()</a> from screen1view.o(i._ZN8touchgfx8Drawable15handleTickEventEv) referenced from screen1view.o(.constdata__ZTVN8touchgfx23TextAreaWithOneWildcardE)
 <LI><a href="#[104]">touchgfx::Drawable::handleTickEvent()</a> from screen1view.o(i._ZN8touchgfx8Drawable15handleTickEventEv) referenced from screen1view.o(.constdata__ZTVN8touchgfx24TextAreaWithWildcardBaseE)
 <LI><a href="#[104]">touchgfx::Drawable::handleTickEvent()</a> from screen1view.o(i._ZN8touchgfx8Drawable15handleTickEventEv) referenced from image.o(.constdata__ZTVN8touchgfx5ImageE)
 <LI><a href="#[104]">touchgfx::Drawable::handleTickEvent()</a> from screen1view.o(i._ZN8touchgfx8Drawable15handleTickEventEv) referenced from screen1view.o(.constdata__ZTVN8touchgfx6WidgetE)
 <LI><a href="#[104]">touchgfx::Drawable::handleTickEvent()</a> from screen1view.o(i._ZN8touchgfx8Drawable15handleTickEventEv) referenced from drawable.o(.constdata__ZTVN8touchgfx8DrawableE)
 <LI><a href="#[104]">touchgfx::Drawable::handleTickEvent()</a> from screen1view.o(i._ZN8touchgfx8Drawable15handleTickEventEv) referenced from textarea.o(.constdata__ZTVN8touchgfx8TextAreaE)
 <LI><a href="#[104]">touchgfx::Drawable::handleTickEvent()</a> from screen1view.o(i._ZN8touchgfx8Drawable15handleTickEventEv) referenced from container.o(.constdata__ZTVN8touchgfx9ContainerE)
 <LI><a href="#[104]">touchgfx::Drawable::handleTickEvent()</a> from screen1view.o(i._ZN8touchgfx8Drawable15handleTickEventEv) referenced from screen1viewbase.o(.constdata__ZTVN8touchgfx9DraggableINS_15ButtonWithLabelEEE)
 <LI><a href="#[104]">touchgfx::Drawable::handleTickEvent()</a> from screen1view.o(i._ZN8touchgfx8Drawable15handleTickEventEv) referenced from screen1viewbase.o(.constdata__ZTVN8touchgfx9DraggableINS_8TextAreaEEE)
 <LI><a href="#[126]">touchgfx::Drawable::handleClickEvent(const touchgfx::ClickEvent&)</a> from screen1view.o(i._ZN8touchgfx8Drawable16handleClickEventERKNS_10ClickEventE) referenced from screen1view.o(.constdata__ZTVN8touchgfx23TextAreaWithOneWildcardE)
 <LI><a href="#[126]">touchgfx::Drawable::handleClickEvent(const touchgfx::ClickEvent&)</a> from screen1view.o(i._ZN8touchgfx8Drawable16handleClickEventERKNS_10ClickEventE) referenced from screen1view.o(.constdata__ZTVN8touchgfx24TextAreaWithWildcardBaseE)
 <LI><a href="#[126]">touchgfx::Drawable::handleClickEvent(const touchgfx::ClickEvent&)</a> from screen1view.o(i._ZN8touchgfx8Drawable16handleClickEventERKNS_10ClickEventE) referenced from image.o(.constdata__ZTVN8touchgfx5ImageE)
 <LI><a href="#[126]">touchgfx::Drawable::handleClickEvent(const touchgfx::ClickEvent&)</a> from screen1view.o(i._ZN8touchgfx8Drawable16handleClickEventERKNS_10ClickEventE) referenced from screen1view.o(.constdata__ZTVN8touchgfx6WidgetE)
 <LI><a href="#[126]">touchgfx::Drawable::handleClickEvent(const touchgfx::ClickEvent&)</a> from screen1view.o(i._ZN8touchgfx8Drawable16handleClickEventERKNS_10ClickEventE) referenced from drawable.o(.constdata__ZTVN8touchgfx8DrawableE)
 <LI><a href="#[126]">touchgfx::Drawable::handleClickEvent(const touchgfx::ClickEvent&)</a> from screen1view.o(i._ZN8touchgfx8Drawable16handleClickEventERKNS_10ClickEventE) referenced from textarea.o(.constdata__ZTVN8touchgfx8TextAreaE)
 <LI><a href="#[126]">touchgfx::Drawable::handleClickEvent(const touchgfx::ClickEvent&)</a> from screen1view.o(i._ZN8touchgfx8Drawable16handleClickEventERKNS_10ClickEventE) referenced from container.o(.constdata__ZTVN8touchgfx9ContainerE)
 <LI><a href="#[126]">touchgfx::Drawable::handleClickEvent(const touchgfx::ClickEvent&)</a> from screen1view.o(i._ZN8touchgfx8Drawable16handleClickEventERKNS_10ClickEventE) referenced from screen1viewbase.o(.constdata__ZTVN8touchgfx9DraggableINS_8TextAreaEEE)
 <LI><a href="#[102]">touchgfx::Drawable::handleGestureEvent(const touchgfx::GestureEvent&)</a> from screen1view.o(i._ZN8touchgfx8Drawable18handleGestureEventERKNS_12GestureEventE) referenced from buttonwithlabel.o(.constdata__ZTVN8touchgfx15ButtonWithLabelE)
 <LI><a href="#[102]">touchgfx::Drawable::handleGestureEvent(const touchgfx::GestureEvent&)</a> from screen1view.o(i._ZN8touchgfx8Drawable18handleGestureEventERKNS_12GestureEventE) referenced from screen1view.o(.constdata__ZTVN8touchgfx23TextAreaWithOneWildcardE)
 <LI><a href="#[102]">touchgfx::Drawable::handleGestureEvent(const touchgfx::GestureEvent&)</a> from screen1view.o(i._ZN8touchgfx8Drawable18handleGestureEventERKNS_12GestureEventE) referenced from screen1view.o(.constdata__ZTVN8touchgfx24TextAreaWithWildcardBaseE)
 <LI><a href="#[102]">touchgfx::Drawable::handleGestureEvent(const touchgfx::GestureEvent&)</a> from screen1view.o(i._ZN8touchgfx8Drawable18handleGestureEventERKNS_12GestureEventE) referenced from image.o(.constdata__ZTVN8touchgfx5ImageE)
 <LI><a href="#[102]">touchgfx::Drawable::handleGestureEvent(const touchgfx::GestureEvent&)</a> from screen1view.o(i._ZN8touchgfx8Drawable18handleGestureEventERKNS_12GestureEventE) referenced from screen1view.o(.constdata__ZTVN8touchgfx6WidgetE)
 <LI><a href="#[102]">touchgfx::Drawable::handleGestureEvent(const touchgfx::GestureEvent&)</a> from screen1view.o(i._ZN8touchgfx8Drawable18handleGestureEventERKNS_12GestureEventE) referenced from drawable.o(.constdata__ZTVN8touchgfx8DrawableE)
 <LI><a href="#[102]">touchgfx::Drawable::handleGestureEvent(const touchgfx::GestureEvent&)</a> from screen1view.o(i._ZN8touchgfx8Drawable18handleGestureEventERKNS_12GestureEventE) referenced from textarea.o(.constdata__ZTVN8touchgfx8TextAreaE)
 <LI><a href="#[102]">touchgfx::Drawable::handleGestureEvent(const touchgfx::GestureEvent&)</a> from screen1view.o(i._ZN8touchgfx8Drawable18handleGestureEventERKNS_12GestureEventE) referenced from container.o(.constdata__ZTVN8touchgfx9ContainerE)
 <LI><a href="#[102]">touchgfx::Drawable::handleGestureEvent(const touchgfx::GestureEvent&)</a> from screen1view.o(i._ZN8touchgfx8Drawable18handleGestureEventERKNS_12GestureEventE) referenced from screen1viewbase.o(.constdata__ZTVN8touchgfx9DraggableINS_15ButtonWithLabelEEE)
 <LI><a href="#[102]">touchgfx::Drawable::handleGestureEvent(const touchgfx::GestureEvent&)</a> from screen1view.o(i._ZN8touchgfx8Drawable18handleGestureEventERKNS_12GestureEventE) referenced from screen1viewbase.o(.constdata__ZTVN8touchgfx9DraggableINS_8TextAreaEEE)
 <LI><a href="#[fc]">touchgfx::Drawable::setX(short)</a> from screen1view.o(i._ZN8touchgfx8Drawable4setXEs) referenced from buttonwithlabel.o(.constdata__ZTVN8touchgfx15ButtonWithLabelE)
 <LI><a href="#[fc]">touchgfx::Drawable::setX(short)</a> from screen1view.o(i._ZN8touchgfx8Drawable4setXEs) referenced from screen1view.o(.constdata__ZTVN8touchgfx23TextAreaWithOneWildcardE)
 <LI><a href="#[fc]">touchgfx::Drawable::setX(short)</a> from screen1view.o(i._ZN8touchgfx8Drawable4setXEs) referenced from screen1view.o(.constdata__ZTVN8touchgfx24TextAreaWithWildcardBaseE)
 <LI><a href="#[fc]">touchgfx::Drawable::setX(short)</a> from screen1view.o(i._ZN8touchgfx8Drawable4setXEs) referenced from image.o(.constdata__ZTVN8touchgfx5ImageE)
 <LI><a href="#[fc]">touchgfx::Drawable::setX(short)</a> from screen1view.o(i._ZN8touchgfx8Drawable4setXEs) referenced from screen1view.o(.constdata__ZTVN8touchgfx6WidgetE)
 <LI><a href="#[fc]">touchgfx::Drawable::setX(short)</a> from screen1view.o(i._ZN8touchgfx8Drawable4setXEs) referenced from drawable.o(.constdata__ZTVN8touchgfx8DrawableE)
 <LI><a href="#[fc]">touchgfx::Drawable::setX(short)</a> from screen1view.o(i._ZN8touchgfx8Drawable4setXEs) referenced from textarea.o(.constdata__ZTVN8touchgfx8TextAreaE)
 <LI><a href="#[fc]">touchgfx::Drawable::setX(short)</a> from screen1view.o(i._ZN8touchgfx8Drawable4setXEs) referenced from container.o(.constdata__ZTVN8touchgfx9ContainerE)
 <LI><a href="#[fc]">touchgfx::Drawable::setX(short)</a> from screen1view.o(i._ZN8touchgfx8Drawable4setXEs) referenced from screen1viewbase.o(.constdata__ZTVN8touchgfx9DraggableINS_15ButtonWithLabelEEE)
 <LI><a href="#[fc]">touchgfx::Drawable::setX(short)</a> from screen1view.o(i._ZN8touchgfx8Drawable4setXEs) referenced from screen1viewbase.o(.constdata__ZTVN8touchgfx9DraggableINS_8TextAreaEEE)
 <LI><a href="#[fd]">touchgfx::Drawable::setY(short)</a> from screen1view.o(i._ZN8touchgfx8Drawable4setYEs) referenced from buttonwithlabel.o(.constdata__ZTVN8touchgfx15ButtonWithLabelE)
[...]
</UL>
<BR>[Calls]<UL><LI><a href="#[39f]">&gt;&gt;</a>&nbsp;&nbsp;&nbsp;vPortExitCritical
<LI><a href="#[39d]">&gt;&gt;</a>&nbsp;&nbsp;&nbsp;vPortEnterCritical
<LI><a href="#[3b3]">&gt;&gt;</a>&nbsp;&nbsp;&nbsp;xTaskRemoveFromEventList
<LI><a href="#[3b4]">&gt;&gt;</a>&nbsp;&nbsp;&nbsp;vTaskMissedYield
</UL>
<BR>[Called By]<UL><LI><a href="#[31b]">&gt;&gt;</a>&nbsp;&nbsp;&nbsp;xQueueGenericSend
<LI><a href="#[31e]">&gt;&gt;</a>&nbsp;&nbsp;&nbsp;xQueueGenericReceive
</UL>

<P><STRONG><a name="[398]"></a>prvAddCurrentTaskToDelayedList</STRONG> (Thumb, 124 bytes, Stack size 24 bytes, tasks.o(i.prvAddCurrentTaskToDelayedList))
<BR><BR>[Stack]<UL><LI>Max Depth = 32<LI>Call Chain = prvAddCurrentTaskToDelayedList &rArr; vListInsert
</UL>
<BR>[Calls]<UL><LI><a href="#[39a]">&gt;&gt;</a>&nbsp;&nbsp;&nbsp;vListInsertEnd
<LI><a href="#[39b]">&gt;&gt;</a>&nbsp;&nbsp;&nbsp;vListInsert
<LI><a href="#[399]">&gt;&gt;</a>&nbsp;&nbsp;&nbsp;uxListRemove
</UL>
<BR>[Called By]<UL><LI><a href="#[38f]">&gt;&gt;</a>&nbsp;&nbsp;&nbsp;vTaskDelay
<LI><a href="#[3bc]">&gt;&gt;</a>&nbsp;&nbsp;&nbsp;vTaskPlaceOnEventList
</UL>

<P><STRONG><a name="[39c]"></a>prvAddNewTaskToReadyList</STRONG> (Thumb, 150 bytes, Stack size 8 bytes, tasks.o(i.prvAddNewTaskToReadyList))
<BR><BR>[Stack]<UL><LI>Max Depth = 16<LI>Call Chain = prvAddNewTaskToReadyList &rArr; prvInitialiseTaskLists
</UL>
<BR>[Calls]<UL><LI><a href="#[39a]">&gt;&gt;</a>&nbsp;&nbsp;&nbsp;vListInsertEnd
<LI><a href="#[39f]">&gt;&gt;</a>&nbsp;&nbsp;&nbsp;vPortExitCritical
<LI><a href="#[39d]">&gt;&gt;</a>&nbsp;&nbsp;&nbsp;vPortEnterCritical
<LI><a href="#[39e]">&gt;&gt;</a>&nbsp;&nbsp;&nbsp;prvInitialiseTaskLists
</UL>
<BR>[Called By]<UL><LI><a href="#[397]">&gt;&gt;</a>&nbsp;&nbsp;&nbsp;xTaskCreate
</UL>

<P><STRONG><a name="[3a0]"></a>prvCheckTasksWaitingTermination</STRONG> (Thumb, 86 bytes, Stack size 16 bytes, tasks.o(i.prvCheckTasksWaitingTermination))
<BR><BR>[Stack]<UL><LI>Max Depth = 80<LI>Call Chain = prvCheckTasksWaitingTermination &rArr; prvDeleteTCB &rArr; vPortFree &rArr; xTaskResumeAll &rArr; xTaskIncrementTick
</UL>
<BR>[Calls]<UL><LI><a href="#[399]">&gt;&gt;</a>&nbsp;&nbsp;&nbsp;uxListRemove
<LI><a href="#[3a2]">&gt;&gt;</a>&nbsp;&nbsp;&nbsp;xTaskResumeAll
<LI><a href="#[3a1]">&gt;&gt;</a>&nbsp;&nbsp;&nbsp;vTaskSuspendAll
<LI><a href="#[39f]">&gt;&gt;</a>&nbsp;&nbsp;&nbsp;vPortExitCritical
<LI><a href="#[39d]">&gt;&gt;</a>&nbsp;&nbsp;&nbsp;vPortEnterCritical
<LI><a href="#[3a3]">&gt;&gt;</a>&nbsp;&nbsp;&nbsp;prvDeleteTCB
</UL>
<BR>[Called By]<UL><LI><a href="#[93]">&gt;&gt;</a>&nbsp;&nbsp;&nbsp;prvIdleTask
</UL>

<P><STRONG><a name="[3a3]"></a>prvDeleteTCB</STRONG> (Thumb, 18 bytes, Stack size 8 bytes, tasks.o(i.prvDeleteTCB))
<BR><BR>[Stack]<UL><LI>Max Depth = 64<LI>Call Chain = prvDeleteTCB &rArr; vPortFree &rArr; xTaskResumeAll &rArr; xTaskIncrementTick
</UL>
<BR>[Calls]<UL><LI><a href="#[3a8]">&gt;&gt;</a>&nbsp;&nbsp;&nbsp;vPortFree
</UL>
<BR>[Called By]<UL><LI><a href="#[3a0]">&gt;&gt;</a>&nbsp;&nbsp;&nbsp;prvCheckTasksWaitingTermination
</UL>

<P><STRONG><a name="[93]"></a>prvIdleTask</STRONG> (Thumb, 36 bytes, Stack size 0 bytes, tasks.o(i.prvIdleTask))
<BR><BR>[Stack]<UL><LI>Max Depth = 80<LI>Call Chain = prvIdleTask &rArr; prvCheckTasksWaitingTermination &rArr; prvDeleteTCB &rArr; vPortFree &rArr; xTaskResumeAll &rArr; xTaskIncrementTick
</UL>
<BR>[Calls]<UL><LI><a href="#[3a0]">&gt;&gt;</a>&nbsp;&nbsp;&nbsp;prvCheckTasksWaitingTermination
<LI><a href="#[3a9]">&gt;&gt;</a>&nbsp;&nbsp;&nbsp;vApplicationIdleHook
</UL>
<BR>[Address Reference Count : 1]<UL><LI> tasks.o(i.vTaskStartScheduler)
</UL>
<P><STRONG><a name="[3ac]"></a>prvInitialiseNewTask</STRONG> (Thumb, 186 bytes, Stack size 40 bytes, tasks.o(i.prvInitialiseNewTask))
<BR><BR>[Stack]<UL><LI>Max Depth = 40 + Unknown Stack Size
<LI>Call Chain = prvInitialiseNewTask
</UL>
<BR>[Calls]<UL><LI><a href="#[3ad]">&gt;&gt;</a>&nbsp;&nbsp;&nbsp;vListInitialiseItem
<LI><a href="#[3ae]">&gt;&gt;</a>&nbsp;&nbsp;&nbsp;pxPortInitialiseStack
<LI><a href="#[17a]">&gt;&gt;</a>&nbsp;&nbsp;&nbsp;__aeabi_memset
</UL>
<BR>[Called By]<UL><LI><a href="#[397]">&gt;&gt;</a>&nbsp;&nbsp;&nbsp;xTaskCreate
</UL>

<P><STRONG><a name="[39e]"></a>prvInitialiseTaskLists</STRONG> (Thumb, 70 bytes, Stack size 8 bytes, tasks.o(i.prvInitialiseTaskLists))
<BR><BR>[Stack]<UL><LI>Max Depth = 8<LI>Call Chain = prvInitialiseTaskLists
</UL>
<BR>[Calls]<UL><LI><a href="#[3af]">&gt;&gt;</a>&nbsp;&nbsp;&nbsp;vListInitialise
</UL>
<BR>[Called By]<UL><LI><a href="#[39c]">&gt;&gt;</a>&nbsp;&nbsp;&nbsp;prvAddNewTaskToReadyList
</UL>

<P><STRONG><a name="[3c6]"></a>prvResetNextTaskUnblockTime</STRONG> (Thumb, 42 bytes, Stack size 0 bytes, tasks.o(i.prvResetNextTaskUnblockTime))
<BR><BR>[Called By]<UL><LI><a href="#[3a2]">&gt;&gt;</a>&nbsp;&nbsp;&nbsp;xTaskResumeAll
<LI><a href="#[290]">&gt;&gt;</a>&nbsp;&nbsp;&nbsp;xTaskIncrementTick
</UL>

<P><STRONG><a name="[392]"></a>inHandlerMode</STRONG> (Thumb, 16 bytes, Stack size 0 bytes, cmsis_os.o(i.inHandlerMode))
<BR><BR>[Called By]<UL><LI><a href="#[199]">&gt;&gt;</a>&nbsp;&nbsp;&nbsp;osMessagePut
<LI><a href="#[28d]">&gt;&gt;</a>&nbsp;&nbsp;&nbsp;osMessageGet
<LI><a href="#[28e]">&gt;&gt;</a>&nbsp;&nbsp;&nbsp;osKernelSysTick
</UL>

<P><STRONG><a name="[396]"></a>makeFreeRtosPriority</STRONG> (Thumb, 14 bytes, Stack size 0 bytes, cmsis_os.o(i.makeFreeRtosPriority))
<BR><BR>[Called By]<UL><LI><a href="#[2b1]">&gt;&gt;</a>&nbsp;&nbsp;&nbsp;osThreadCreate
</UL>

<P><STRONG><a name="[3b6]"></a>prvHeapInit</STRONG> (Thumb, 98 bytes, Stack size 12 bytes, heap_4.o(i.prvHeapInit))
<BR><BR>[Stack]<UL><LI>Max Depth = 12<LI>Call Chain = prvHeapInit
</UL>
<BR>[Called By]<UL><LI><a href="#[3b5]">&gt;&gt;</a>&nbsp;&nbsp;&nbsp;pvPortMalloc
</UL>

<P><STRONG><a name="[3b7]"></a>prvInsertBlockIntoFreeList</STRONG> (Thumb, 96 bytes, Stack size 8 bytes, heap_4.o(i.prvInsertBlockIntoFreeList))
<BR><BR>[Stack]<UL><LI>Max Depth = 8<LI>Call Chain = prvInsertBlockIntoFreeList
</UL>
<BR>[Called By]<UL><LI><a href="#[3a8]">&gt;&gt;</a>&nbsp;&nbsp;&nbsp;vPortFree
<LI><a href="#[3b5]">&gt;&gt;</a>&nbsp;&nbsp;&nbsp;pvPortMalloc
</UL>

<P><STRONG><a name="[91]"></a>prvTaskExitError</STRONG> (Thumb, 68 bytes, Stack size 0 bytes, port.o(i.prvTaskExitError))
<BR>[Address Reference Count : 1]<UL><LI> port.o(i.pxPortInitialiseStack)
</UL>
<P><STRONG><a name="[92]"></a>IdleTaskHook(void*)</STRONG> (Thumb, 40 bytes, Stack size 16 bytes, oswrappers.o(i._Z12IdleTaskHookPv))
<BR><BR>[Stack]<UL><LI>Max Depth = 24<LI>Call Chain = IdleTaskHook(void*) &rArr; touchgfx::HAL::setMCUActive(bool)
</UL>
<BR>[Calls]<UL><LI><a href="#[2d0]">&gt;&gt;</a>&nbsp;&nbsp;&nbsp;touchgfx::HAL::setMCUActive(bool)
</UL>
<BR>[Address Reference Count : 1]<UL><LI> oswrappers.o(i.vApplicationIdleHook)
</UL>
<P><STRONG><a name="[2b0]"></a>DeInitStateMachine</STRONG> (Thumb, 82 bytes, Stack size 0 bytes, usbh_core.o(i.DeInitStateMachine))
<BR><BR>[Called By]<UL><LI><a href="#[26c]">&gt;&gt;</a>&nbsp;&nbsp;&nbsp;USBH_Init
<LI><a href="#[2bf]">&gt;&gt;</a>&nbsp;&nbsp;&nbsp;USBH_Process
</UL>

<P><STRONG><a name="[2ae]"></a>USBH_HandleEnum</STRONG> (Thumb, 396 bytes, Stack size 24 bytes, usbh_core.o(i.USBH_HandleEnum))
<BR><BR>[Stack]<UL><LI>Max Depth = 336<LI>Call Chain = USBH_HandleEnum &rArr; USBH_Get_StringDesc &rArr; USBH_GetDescriptor &rArr; USBH_CtlReq &rArr; USBH_HandleControl &rArr; USBH_CtlSendData &rArr; USBH_LL_SubmitURB &rArr; HAL_HCD_HC_SubmitRequest &rArr; USB_HC_StartXfer &rArr; USB_WritePacket
</UL>
<BR>[Calls]<UL><LI><a href="#[199]">&gt;&gt;</a>&nbsp;&nbsp;&nbsp;osMessagePut
<LI><a href="#[2a5]">&gt;&gt;</a>&nbsp;&nbsp;&nbsp;USBH_Delay
<LI><a href="#[2af]">&gt;&gt;</a>&nbsp;&nbsp;&nbsp;USBH_SetAddress
<LI><a href="#[29c]">&gt;&gt;</a>&nbsp;&nbsp;&nbsp;USBH_OpenPipe
<LI><a href="#[2ab]">&gt;&gt;</a>&nbsp;&nbsp;&nbsp;USBH_Get_StringDesc
<LI><a href="#[2a9]">&gt;&gt;</a>&nbsp;&nbsp;&nbsp;USBH_Get_DevDesc
<LI><a href="#[2a7]">&gt;&gt;</a>&nbsp;&nbsp;&nbsp;USBH_Get_CfgDesc
</UL>
<BR>[Called By]<UL><LI><a href="#[2bf]">&gt;&gt;</a>&nbsp;&nbsp;&nbsp;USBH_Process
</UL>

<P><STRONG><a name="[2b8]"></a>USBH_HandleSof</STRONG> (Thumb, 28 bytes, Stack size 8 bytes, usbh_core.o(i.USBH_HandleSof))
<BR><BR>[Stack]<UL><LI>Max Depth = 8<LI>Call Chain = USBH_HandleSof
</UL>
<BR>[Called By]<UL><LI><a href="#[1eb]">&gt;&gt;</a>&nbsp;&nbsp;&nbsp;USBH_LL_IncTimer
</UL>

<P><STRONG><a name="[9f]"></a>USBH_Process_OS</STRONG> (Thumb, 42 bytes, Stack size 24 bytes, usbh_core.o(i.USBH_Process_OS))
<BR><BR>[Stack]<UL><LI>Max Depth = 392<LI>Call Chain = USBH_Process_OS &rArr; USBH_Process &rArr; USBH_HandleEnum &rArr; USBH_Get_StringDesc &rArr; USBH_GetDescriptor &rArr; USBH_CtlReq &rArr; USBH_HandleControl &rArr; USBH_CtlSendData &rArr; USBH_LL_SubmitURB &rArr; HAL_HCD_HC_SubmitRequest &rArr; USB_HC_StartXfer &rArr; USB_WritePacket
</UL>
<BR>[Calls]<UL><LI><a href="#[28d]">&gt;&gt;</a>&nbsp;&nbsp;&nbsp;osMessageGet
<LI><a href="#[2bf]">&gt;&gt;</a>&nbsp;&nbsp;&nbsp;USBH_Process
</UL>
<BR>[Address Reference Count : 1]<UL><LI> usbh_core.o(.constdata)
</UL>
<P><STRONG><a name="[2a2]"></a>USBH_HandleControl</STRONG> (Thumb, 634 bytes, Stack size 24 bytes, usbh_ctlreq.o(i.USBH_HandleControl))
<BR><BR>[Stack]<UL><LI>Max Depth = 232<LI>Call Chain = USBH_HandleControl &rArr; USBH_CtlSendData &rArr; USBH_LL_SubmitURB &rArr; HAL_HCD_HC_SubmitRequest &rArr; USB_HC_StartXfer &rArr; USB_WritePacket
</UL>
<BR>[Calls]<UL><LI><a href="#[199]">&gt;&gt;</a>&nbsp;&nbsp;&nbsp;osMessagePut
<LI><a href="#[2ad]">&gt;&gt;</a>&nbsp;&nbsp;&nbsp;USBH_LL_Stop
<LI><a href="#[19e]">&gt;&gt;</a>&nbsp;&nbsp;&nbsp;USBH_LL_GetURBState
<LI><a href="#[2a4]">&gt;&gt;</a>&nbsp;&nbsp;&nbsp;USBH_CtlSendSetup
<LI><a href="#[2a3]">&gt;&gt;</a>&nbsp;&nbsp;&nbsp;USBH_CtlSendData
<LI><a href="#[2a1]">&gt;&gt;</a>&nbsp;&nbsp;&nbsp;USBH_CtlReceiveData
</UL>
<BR>[Called By]<UL><LI><a href="#[1a8]">&gt;&gt;</a>&nbsp;&nbsp;&nbsp;USBH_CtlReq
</UL>

<P><STRONG><a name="[2a8]"></a>USBH_ParseCfgDesc</STRONG> (Thumb, 218 bytes, Stack size 40 bytes, usbh_ctlreq.o(i.USBH_ParseCfgDesc))
<BR><BR>[Stack]<UL><LI>Max Depth = 48<LI>Call Chain = USBH_ParseCfgDesc &rArr; USBH_GetNextDesc
</UL>
<BR>[Calls]<UL><LI><a href="#[2bc]">&gt;&gt;</a>&nbsp;&nbsp;&nbsp;USBH_GetNextDesc
<LI><a href="#[2bd]">&gt;&gt;</a>&nbsp;&nbsp;&nbsp;USBH_ParseInterfaceDesc
<LI><a href="#[2be]">&gt;&gt;</a>&nbsp;&nbsp;&nbsp;USBH_ParseEPDesc
</UL>
<BR>[Called By]<UL><LI><a href="#[2a7]">&gt;&gt;</a>&nbsp;&nbsp;&nbsp;USBH_Get_CfgDesc
</UL>

<P><STRONG><a name="[2aa]"></a>USBH_ParseDevDesc</STRONG> (Thumb, 88 bytes, Stack size 8 bytes, usbh_ctlreq.o(i.USBH_ParseDevDesc))
<BR><BR>[Stack]<UL><LI>Max Depth = 8<LI>Call Chain = USBH_ParseDevDesc
</UL>
<BR>[Called By]<UL><LI><a href="#[2a9]">&gt;&gt;</a>&nbsp;&nbsp;&nbsp;USBH_Get_DevDesc
</UL>

<P><STRONG><a name="[2be]"></a>USBH_ParseEPDesc</STRONG> (Thumb, 32 bytes, Stack size 0 bytes, usbh_ctlreq.o(i.USBH_ParseEPDesc))
<BR><BR>[Called By]<UL><LI><a href="#[2a8]">&gt;&gt;</a>&nbsp;&nbsp;&nbsp;USBH_ParseCfgDesc
</UL>

<P><STRONG><a name="[2bd]"></a>USBH_ParseInterfaceDesc</STRONG> (Thumb, 38 bytes, Stack size 0 bytes, usbh_ctlreq.o(i.USBH_ParseInterfaceDesc))
<BR><BR>[Called By]<UL><LI><a href="#[2a8]">&gt;&gt;</a>&nbsp;&nbsp;&nbsp;USBH_ParseCfgDesc
</UL>

<P><STRONG><a name="[2ac]"></a>USBH_ParseStringDesc</STRONG> (Thumb, 54 bytes, Stack size 12 bytes, usbh_ctlreq.o(i.USBH_ParseStringDesc))
<BR><BR>[Stack]<UL><LI>Max Depth = 12<LI>Call Chain = USBH_ParseStringDesc
</UL>
<BR>[Called By]<UL><LI><a href="#[2ab]">&gt;&gt;</a>&nbsp;&nbsp;&nbsp;USBH_Get_StringDesc
</UL>

<P><STRONG><a name="[296]"></a>USBH_GetFreePipe</STRONG> (Thumb, 40 bytes, Stack size 0 bytes, usbh_pipes.o(i.USBH_GetFreePipe))
<BR><BR>[Called By]<UL><LI><a href="#[295]">&gt;&gt;</a>&nbsp;&nbsp;&nbsp;USBH_AllocPipe
</UL>

<P><STRONG><a name="[19c]"></a>CDC_ProcessReception</STRONG> (Thumb, 138 bytes, Stack size 24 bytes, usbh_cdc.o(i.CDC_ProcessReception))
<BR><BR>[Stack]<UL><LI>Max Depth = 232<LI>Call Chain = CDC_ProcessReception &rArr; USBH_BulkReceiveData &rArr; USBH_LL_SubmitURB &rArr; HAL_HCD_HC_SubmitRequest &rArr; USB_HC_StartXfer &rArr; USB_WritePacket
</UL>
<BR>[Calls]<UL><LI><a href="#[199]">&gt;&gt;</a>&nbsp;&nbsp;&nbsp;osMessagePut
<LI><a href="#[19e]">&gt;&gt;</a>&nbsp;&nbsp;&nbsp;USBH_LL_GetURBState
<LI><a href="#[19f]">&gt;&gt;</a>&nbsp;&nbsp;&nbsp;USBH_LL_GetLastXferSize
<LI><a href="#[1a0]">&gt;&gt;</a>&nbsp;&nbsp;&nbsp;USBH_CDC_ReceiveCallback
<LI><a href="#[19d]">&gt;&gt;</a>&nbsp;&nbsp;&nbsp;USBH_BulkReceiveData
</UL>
<BR>[Called By]<UL><LI><a href="#[13]">&gt;&gt;</a>&nbsp;&nbsp;&nbsp;USBH_CDC_Process
</UL>

<P><STRONG><a name="[1a1]"></a>CDC_ProcessTransmission</STRONG> (Thumb, 190 bytes, Stack size 24 bytes, usbh_cdc.o(i.CDC_ProcessTransmission))
<BR><BR>[Stack]<UL><LI>Max Depth = 232<LI>Call Chain = CDC_ProcessTransmission &rArr; USBH_BulkSendData &rArr; USBH_LL_SubmitURB &rArr; HAL_HCD_HC_SubmitRequest &rArr; USB_HC_StartXfer &rArr; USB_WritePacket
</UL>
<BR>[Calls]<UL><LI><a href="#[199]">&gt;&gt;</a>&nbsp;&nbsp;&nbsp;osMessagePut
<LI><a href="#[19e]">&gt;&gt;</a>&nbsp;&nbsp;&nbsp;USBH_LL_GetURBState
<LI><a href="#[1a3]">&gt;&gt;</a>&nbsp;&nbsp;&nbsp;USBH_CDC_TransmitCallback
<LI><a href="#[1a2]">&gt;&gt;</a>&nbsp;&nbsp;&nbsp;USBH_BulkSendData
</UL>
<BR>[Called By]<UL><LI><a href="#[13]">&gt;&gt;</a>&nbsp;&nbsp;&nbsp;USBH_CDC_Process
</UL>

<P><STRONG><a name="[1a7]"></a>GetLineCoding</STRONG> (Thumb, 36 bytes, Stack size 16 bytes, usbh_cdc.o(i.GetLineCoding))
<BR><BR>[Stack]<UL><LI>Max Depth = 272<LI>Call Chain = GetLineCoding &rArr; USBH_CtlReq &rArr; USBH_HandleControl &rArr; USBH_CtlSendData &rArr; USBH_LL_SubmitURB &rArr; HAL_HCD_HC_SubmitRequest &rArr; USB_HC_StartXfer &rArr; USB_WritePacket
</UL>
<BR>[Calls]<UL><LI><a href="#[1a8]">&gt;&gt;</a>&nbsp;&nbsp;&nbsp;USBH_CtlReq
</UL>
<BR>[Called By]<UL><LI><a href="#[13]">&gt;&gt;</a>&nbsp;&nbsp;&nbsp;USBH_CDC_Process
<LI><a href="#[12]">&gt;&gt;</a>&nbsp;&nbsp;&nbsp;USBH_CDC_ClassRequest
</UL>

<P><STRONG><a name="[28f]"></a>SetLineCoding</STRONG> (Thumb, 36 bytes, Stack size 16 bytes, usbh_cdc.o(i.SetLineCoding))
<BR><BR>[Stack]<UL><LI>Max Depth = 272<LI>Call Chain = SetLineCoding &rArr; USBH_CtlReq &rArr; USBH_HandleControl &rArr; USBH_CtlSendData &rArr; USBH_LL_SubmitURB &rArr; HAL_HCD_HC_SubmitRequest &rArr; USB_HC_StartXfer &rArr; USB_WritePacket
</UL>
<BR>[Calls]<UL><LI><a href="#[1a8]">&gt;&gt;</a>&nbsp;&nbsp;&nbsp;USBH_CtlReq
</UL>
<BR>[Called By]<UL><LI><a href="#[13]">&gt;&gt;</a>&nbsp;&nbsp;&nbsp;USBH_CDC_Process
</UL>

<P><STRONG><a name="[12]"></a>USBH_CDC_ClassRequest</STRONG> (Thumb, 40 bytes, Stack size 16 bytes, usbh_cdc.o(i.USBH_CDC_ClassRequest))
<BR><BR>[Stack]<UL><LI>Max Depth = 288<LI>Call Chain = USBH_CDC_ClassRequest &rArr; GetLineCoding &rArr; USBH_CtlReq &rArr; USBH_HandleControl &rArr; USBH_CtlSendData &rArr; USBH_LL_SubmitURB &rArr; HAL_HCD_HC_SubmitRequest &rArr; USB_HC_StartXfer &rArr; USB_WritePacket
</UL>
<BR>[Calls]<UL><LI><a href="#[1a7]">&gt;&gt;</a>&nbsp;&nbsp;&nbsp;GetLineCoding
</UL>
<BR>[Address Reference Count : 1]<UL><LI> usbh_cdc.o(.data)
</UL>
<P><STRONG><a name="[11]"></a>USBH_CDC_InterfaceDeInit</STRONG> (Thumb, 112 bytes, Stack size 16 bytes, usbh_cdc.o(i.USBH_CDC_InterfaceDeInit))
<BR><BR>[Stack]<UL><LI>Max Depth = 92<LI>Call Chain = USBH_CDC_InterfaceDeInit &rArr; USBH_ClosePipe &rArr; USBH_LL_ClosePipe &rArr; HAL_HCD_HC_Halt &rArr; USB_HC_Halt
</UL>
<BR>[Calls]<UL><LI><a href="#[298]">&gt;&gt;</a>&nbsp;&nbsp;&nbsp;USBH_ClosePipe
<LI><a href="#[299]">&gt;&gt;</a>&nbsp;&nbsp;&nbsp;USBH_FreePipe
<LI><a href="#[171]">&gt;&gt;</a>&nbsp;&nbsp;&nbsp;free
</UL>
<BR>[Address Reference Count : 1]<UL><LI> usbh_cdc.o(.data)
</UL>
<P><STRONG><a name="[10]"></a>USBH_CDC_InterfaceInit</STRONG> (Thumb, 502 bytes, Stack size 32 bytes, usbh_cdc.o(i.USBH_CDC_InterfaceInit))
<BR><BR>[Stack]<UL><LI>Max Depth = 220<LI>Call Chain = USBH_CDC_InterfaceInit &rArr; USBH_OpenPipe &rArr; USBH_LL_OpenPipe &rArr; HAL_HCD_HC_Init &rArr; USB_HC_Init
</UL>
<BR>[Calls]<UL><LI><a href="#[29d]">&gt;&gt;</a>&nbsp;&nbsp;&nbsp;USBH_LL_SetToggle
<LI><a href="#[29c]">&gt;&gt;</a>&nbsp;&nbsp;&nbsp;USBH_OpenPipe
<LI><a href="#[295]">&gt;&gt;</a>&nbsp;&nbsp;&nbsp;USBH_AllocPipe
<LI><a href="#[29b]">&gt;&gt;</a>&nbsp;&nbsp;&nbsp;USBH_SelectInterface
<LI><a href="#[29a]">&gt;&gt;</a>&nbsp;&nbsp;&nbsp;USBH_FindInterface
<LI><a href="#[16e]">&gt;&gt;</a>&nbsp;&nbsp;&nbsp;malloc
</UL>
<BR>[Address Reference Count : 1]<UL><LI> usbh_cdc.o(.data)
</UL>
<P><STRONG><a name="[13]"></a>USBH_CDC_Process</STRONG> (Thumb, 200 bytes, Stack size 24 bytes, usbh_cdc.o(i.USBH_CDC_Process))
<BR><BR>[Stack]<UL><LI>Max Depth = 296<LI>Call Chain = USBH_CDC_Process &rArr; SetLineCoding &rArr; USBH_CtlReq &rArr; USBH_HandleControl &rArr; USBH_CtlSendData &rArr; USBH_LL_SubmitURB &rArr; HAL_HCD_HC_SubmitRequest &rArr; USB_HC_StartXfer &rArr; USB_WritePacket
</UL>
<BR>[Calls]<UL><LI><a href="#[29e]">&gt;&gt;</a>&nbsp;&nbsp;&nbsp;USBH_CDC_LineCodingChanged
<LI><a href="#[28f]">&gt;&gt;</a>&nbsp;&nbsp;&nbsp;SetLineCoding
<LI><a href="#[1a7]">&gt;&gt;</a>&nbsp;&nbsp;&nbsp;GetLineCoding
<LI><a href="#[1a1]">&gt;&gt;</a>&nbsp;&nbsp;&nbsp;CDC_ProcessTransmission
<LI><a href="#[19c]">&gt;&gt;</a>&nbsp;&nbsp;&nbsp;CDC_ProcessReception
<LI><a href="#[29f]">&gt;&gt;</a>&nbsp;&nbsp;&nbsp;USBH_ClrFeature
</UL>
<BR>[Address Reference Count : 1]<UL><LI> usbh_cdc.o(.data)
</UL>
<P><STRONG><a name="[14]"></a>USBH_CDC_SOFProcess</STRONG> (Thumb, 6 bytes, Stack size 0 bytes, usbh_cdc.o(i.USBH_CDC_SOFProcess))
<BR>[Address Reference Count : 1]<UL><LI> usbh_cdc.o(.data)
</UL>
<P><STRONG><a name="[33c]"></a>touchgfx::prepareTransition(touchgfx::Screen**, touchgfx::Presenter**, touchgfx::Transition**)</STRONG> (Thumb, 96 bytes, Stack size 24 bytes, frontendapplicationbase.o(i._ZN8touchgfx17prepareTransitionEPPNS_6ScreenEPPNS_9PresenterEPPNS_10TransitionE))
<BR><BR>[Stack]<UL><LI>Max Depth = 24<LI>Call Chain = touchgfx::prepareTransition(touchgfx::Screen**, touchgfx::Presenter**, touchgfx::Transition**)
</UL>
<BR>[Calls]<UL><LI><a href="#[33d]">&gt;&gt;</a>&nbsp;&nbsp;&nbsp;touchgfx::Application::getInstance()
<LI><a href="#[331]">&gt;&gt;</a>&nbsp;&nbsp;&nbsp;touchgfx::Application::clearAllTimerWidgets()
</UL>
<BR>[Called By]<UL><LI><a href="#[316]">&gt;&gt;</a>&nbsp;&nbsp;&nbsp;T2* touchgfx::makeTransition&lang;Screen1View, Screen1Presenter, touchgfx::NoTransition, Model&rang;(touchgfx::Screen**, touchgfx::Presenter**, touchgfx::MVPHeap&, touchgfx::Transition**, T4*)
</UL>

<P><STRONG><a name="[154]"></a>__sti___9_texts_cpp_454ca793</STRONG> (Thumb, 16 bytes, Stack size 0 bytes, texts.o(i.__sti___9_texts_cpp_454ca793))
<BR>[Address Reference Count : 1]<UL><LI> texts.o(.init_array)
</UL>
<P><STRONG><a name="[155]"></a>__sti___21_typedtextdatabase_cpp_42ef4e5b</STRONG> (Thumb, 28 bytes, Stack size 8 bytes, typedtextdatabase.o(i.__sti___21_typedtextdatabase_cpp_42ef4e5b))
<BR><BR>[Stack]<UL><LI>Max Depth = 124<LI>Call Chain = __sti___21_typedtextdatabase_cpp_42ef4e5b &rArr; getFont_verdana_40_4bpp() &rArr; touchgfx::InternalFlashFont::InternalFlashFont(const touchgfx::GlyphNode*, unsigned short, unsigned short, unsigned char, unsigned char, unsigned char, unsigned char, const unsigned char*, const touchgfx::KerningNode*, unsigned short, unsigned short) &rArr; touchgfx::ConstFont::ConstFont__sub_object(const touchgfx::GlyphNode*, unsigned short, unsigned short, unsigned char, unsigned char, unsigned char, unsigned char, unsigned short, unsigned short)
</UL>
<BR>[Calls]<UL><LI><a href="#[2f0]">&gt;&gt;</a>&nbsp;&nbsp;&nbsp;getFont_verdana_40_4bpp()
<LI><a href="#[2ef]">&gt;&gt;</a>&nbsp;&nbsp;&nbsp;getFont_verdana_20_4bpp()
<LI><a href="#[2ec]">&gt;&gt;</a>&nbsp;&nbsp;&nbsp;getFont_verdana_10_4bpp()
</UL>
<BR>[Address Reference Count : 1]<UL><LI> typedtextdatabase.o(.init_array)
</UL><P>
<H3>
Undefined Global Symbols
</H3><HR></body></html>
