Component: ARM Compiler 6.9 Tool: armlink [5ced1b00]

==============================================================================

Section Cross References

    startup_stm32f407xx.o(RESET) refers to startup_stm32f407xx.o(STACK) for __initial_sp
    startup_stm32f407xx.o(RESET) refers to startup_stm32f407xx.o(.text) for Reset_Handler
    startup_stm32f407xx.o(RESET) refers to stm32f4xx_it.o(.text.NMI_Handler) for NMI_Handler
    startup_stm32f407xx.o(RESET) refers to stm32f4xx_it.o(.text.HardFault_Handler) for HardFault_Handler
    startup_stm32f407xx.o(RESET) refers to stm32f4xx_it.o(.text.MemManage_Handler) for MemManage_Handler
    startup_stm32f407xx.o(RESET) refers to stm32f4xx_it.o(.text.BusFault_Handler) for BusFault_Handler
    startup_stm32f407xx.o(RESET) refers to stm32f4xx_it.o(.text.UsageFault_Handler) for UsageFault_Handler
    startup_stm32f407xx.o(RESET) refers to stm32f4xx_it.o(.text.SVC_Handler) for SVC_Handler
    startup_stm32f407xx.o(RESET) refers to stm32f4xx_it.o(.text.DebugMon_Handler) for DebugMon_Handler
    startup_stm32f407xx.o(RESET) refers to stm32f4xx_it.o(.text.PendSV_Handler) for PendSV_Handler
    startup_stm32f407xx.o(RESET) refers to stm32f4xx_it.o(.text.SysTick_Handler) for SysTick_Handler
    startup_stm32f407xx.o(RESET) refers to stm32f4xx_it.o(.text.OTG_FS_IRQHandler) for OTG_FS_IRQHandler
    startup_stm32f407xx.o(.text) refers to system_stm32f4xx.o(.text.SystemInit) for SystemInit
    startup_stm32f407xx.o(.text) refers to entry.o(.ARM.Collect$$$$00000000) for __main
    main.o(.text.main) refers to stm32f4xx_hal.o(.text.HAL_Init) for HAL_Init
    main.o(.text.main) refers to main.o(.text.SystemClock_Config) for SystemClock_Config
    main.o(.text.main) refers to stm32f4xx_hal_uart.o(.text.HAL_UART_Init) for HAL_UART_Init
    main.o(.text.main) refers to tstring.o(.text.t_strlenw) for t_strlenw
    main.o(.text.main) refers to tstring.o(.text.t_strlenf) for t_strlenf
    main.o(.text.main) refers to tstring.o(.text.t_strchrw) for t_strchrw
    main.o(.text.main) refers to tstring.o(.text.t_strcpyw) for t_strcpyw
    main.o(.text.main) refers to tstring.o(.text.t_strcmpw) for t_strcmpw
    main.o(.text.main) refers to tstring.o(.text.t_strupr) for t_strupr
    main.o(.text.main) refers to tstring.o(.text.t_strlwr) for t_strlwr
    main.o(.text.main) refers to tstring.o(.text.t_strcatw) for t_strcatw
    main.o(.text.main) refers to stm32f4xx_hal_gpio.o(.text.HAL_GPIO_WritePin) for HAL_GPIO_WritePin
    main.o(.text.main) refers to stm32f4xx_hal_gpio.o(.text.HAL_GPIO_Init) for HAL_GPIO_Init
    main.o(.text.main) refers to main.o(.bss.huart2) for huart2
    main.o(.text.main) refers to stm32f4xx_hal_uart.o(.text.HAL_UART_Transmit) for HAL_UART_Transmit
    main.o(.text.main) refers to main.o(.rodata.str1.1) for .L.str
    main.o(.text.main) refers to printf3.o(i.__0sprintf$3) for __2sprintf
    main.o(.text.main) refers to stm32f4xx_hal.o(.text.HAL_Delay) for HAL_Delay
    main.o(.text.main) refers to strlen.o(.text) for strlen
    main.o(.ARM.exidx.text.main) refers to main.o(.text.main) for [Anonymous Symbol]
    main.o(.text.SystemClock_Config) refers to stm32f4xx_hal_rcc.o(.text.HAL_RCC_OscConfig) for HAL_RCC_OscConfig
    main.o(.text.SystemClock_Config) refers to stm32f4xx_hal_rcc.o(.text.HAL_RCC_ClockConfig) for HAL_RCC_ClockConfig
    main.o(.text.SystemClock_Config) refers to stm32f4xx_hal_rcc_ex.o(.text.HAL_RCCEx_PeriphCLKConfig) for HAL_RCCEx_PeriphCLKConfig
    main.o(.ARM.exidx.text.SystemClock_Config) refers to main.o(.text.SystemClock_Config) for [Anonymous Symbol]
    main.o(.ARM.exidx.text.Error_Handler) refers to main.o(.text.Error_Handler) for [Anonymous Symbol]
    usb_host.o(.text.MX_USB_HOST_Init) refers to usbh_core.o(.text.USBH_Init) for USBH_Init
    usb_host.o(.text.MX_USB_HOST_Init) refers to usbh_core.o(.text.USBH_RegisterClass) for USBH_RegisterClass
    usb_host.o(.text.MX_USB_HOST_Init) refers to usbh_core.o(.text.USBH_Start) for USBH_Start
    usb_host.o(.text.MX_USB_HOST_Init) refers to usb_host.o(.bss.hUsbHostFS) for hUsbHostFS
    usb_host.o(.text.MX_USB_HOST_Init) refers to usb_host.o(.text.USBH_UserProcess) for USBH_UserProcess
    usb_host.o(.text.MX_USB_HOST_Init) refers to usbh_cdc.o(.data.CDC_Class) for CDC_Class
    usb_host.o(.ARM.exidx.text.MX_USB_HOST_Init) refers to usb_host.o(.text.MX_USB_HOST_Init) for [Anonymous Symbol]
    usb_host.o(.text.USBH_UserProcess) refers to usb_host.o(.bss.Appli_state) for Appli_state
    usb_host.o(.ARM.exidx.text.USBH_UserProcess) refers to usb_host.o(.text.USBH_UserProcess) for [Anonymous Symbol]
    usb_host.o(.text.MX_USB_HOST_Process) refers to usbh_core.o(.text.USBH_Process) for USBH_Process
    usb_host.o(.text.MX_USB_HOST_Process) refers to usb_host.o(.bss.hUsbHostFS) for hUsbHostFS
    usb_host.o(.ARM.exidx.text.MX_USB_HOST_Process) refers to usb_host.o(.text.MX_USB_HOST_Process) for [Anonymous Symbol]
[...]
    Removing stm32f4xx_hal_flash.o(.ARM.exidx.text.HAL_FLASH_Program_IT), (8 bytes).
    Removing stm32f4xx_hal_flash.o(.text.HAL_FLASH_IRQHandler), (200 bytes).
    Removing stm32f4xx_hal_flash.o(.ARM.exidx.text.HAL_FLASH_IRQHandler), (8 bytes).
    Removing stm32f4xx_hal_flash.o(.text.FLASH_SetErrorCode), (124 bytes).
    Removing stm32f4xx_hal_flash.o(.ARM.exidx.text.FLASH_SetErrorCode), (8 bytes).
    Removing stm32f4xx_hal_flash.o(.text.HAL_FLASH_OperationErrorCallback), (2 bytes).
    Removing stm32f4xx_hal_flash.o(.ARM.exidx.text.HAL_FLASH_OperationErrorCallback), (8 bytes).
    Removing stm32f4xx_hal_flash.o(.text.HAL_FLASH_EndOfOperationCallback), (2 bytes).
    Removing stm32f4xx_hal_flash.o(.ARM.exidx.text.HAL_FLASH_EndOfOperationCallback), (8 bytes).
    Removing stm32f4xx_hal_flash.o(.text.HAL_FLASH_Unlock), (40 bytes).
    Removing stm32f4xx_hal_flash.o(.ARM.exidx.text.HAL_FLASH_Unlock), (8 bytes).
    Removing stm32f4xx_hal_flash.o(.text.HAL_FLASH_Lock), (20 bytes).
    Removing stm32f4xx_hal_flash.o(.ARM.exidx.text.HAL_FLASH_Lock), (8 bytes).
    Removing stm32f4xx_hal_flash.o(.text.HAL_FLASH_OB_Unlock), (40 bytes).
    Removing stm32f4xx_hal_flash.o(.ARM.exidx.text.HAL_FLASH_OB_Unlock), (8 bytes).
    Removing stm32f4xx_hal_flash.o(.text.HAL_FLASH_OB_Lock), (20 bytes).
    Removing stm32f4xx_hal_flash.o(.ARM.exidx.text.HAL_FLASH_OB_Lock), (8 bytes).
    Removing stm32f4xx_hal_flash.o(.text.HAL_FLASH_OB_Launch), (24 bytes).
    Removing stm32f4xx_hal_flash.o(.ARM.exidx.text.HAL_FLASH_OB_Launch), (8 bytes).
    Removing stm32f4xx_hal_flash.o(.text.HAL_FLASH_GetError), (12 bytes).
    Removing stm32f4xx_hal_flash.o(.ARM.exidx.text.HAL_FLASH_GetError), (8 bytes).
    Removing stm32f4xx_hal_flash.o(.bss.pFlash), (32 bytes).
    Removing stm32f4xx_hal_flash_ex.o(.text), (0 bytes).
    Removing stm32f4xx_hal_flash_ex.o(.text.HAL_FLASHEx_Erase), (168 bytes).
    Removing stm32f4xx_hal_flash_ex.o(.ARM.exidx.text.HAL_FLASHEx_Erase), (8 bytes).
    Removing stm32f4xx_hal_flash_ex.o(.text.FLASH_MassErase), (36 bytes).
    Removing stm32f4xx_hal_flash_ex.o(.ARM.exidx.text.FLASH_MassErase), (8 bytes).
    Removing stm32f4xx_hal_flash_ex.o(.text.FLASH_Erase_Sector), (60 bytes).
    Removing stm32f4xx_hal_flash_ex.o(.ARM.exidx.text.FLASH_Erase_Sector), (8 bytes).
    Removing stm32f4xx_hal_flash_ex.o(.text.FLASH_FlushCaches), (92 bytes).
    Removing stm32f4xx_hal_flash_ex.o(.ARM.exidx.text.FLASH_FlushCaches), (8 bytes).
    Removing stm32f4xx_hal_flash_ex.o(.text.HAL_FLASHEx_Erase_IT), (104 bytes).
    Removing stm32f4xx_hal_flash_ex.o(.ARM.exidx.text.HAL_FLASHEx_Erase_IT), (8 bytes).
    Removing stm32f4xx_hal_flash_ex.o(.text.HAL_FLASHEx_OBProgram), (168 bytes).
    Removing stm32f4xx_hal_flash_ex.o(.ARM.exidx.text.HAL_FLASHEx_OBProgram), (8 bytes).
    Removing stm32f4xx_hal_flash_ex.o(.text.HAL_FLASHEx_OBGetConfig), (52 bytes).
    Removing stm32f4xx_hal_flash_ex.o(.ARM.exidx.text.HAL_FLASHEx_OBGetConfig), (8 bytes).
    Removing stm32f4xx_hal_flash_ramfunc.o(.text), (0 bytes).
    Removing stm32f4xx_hal_gpio.o(.text), (0 bytes).
    Removing stm32f4xx_hal_gpio.o(.ARM.exidx.text.HAL_GPIO_Init), (8 bytes).
    Removing stm32f4xx_hal_gpio.o(.text.HAL_GPIO_DeInit), (236 bytes).
    Removing stm32f4xx_hal_gpio.o(.ARM.exidx.text.HAL_GPIO_DeInit), (8 bytes).
    Removing stm32f4xx_hal_gpio.o(.text.HAL_GPIO_ReadPin), (10 bytes).
    Removing stm32f4xx_hal_gpio.o(.ARM.exidx.text.HAL_GPIO_ReadPin), (8 bytes).
    Removing stm32f4xx_hal_gpio.o(.ARM.exidx.text.HAL_GPIO_WritePin), (8 bytes).
    Removing stm32f4xx_hal_gpio.o(.text.HAL_GPIO_TogglePin), (8 bytes).
    Removing stm32f4xx_hal_gpio.o(.ARM.exidx.text.HAL_GPIO_TogglePin), (8 bytes).
    Removing stm32f4xx_hal_gpio.o(.text.HAL_GPIO_LockPin), (40 bytes).
    Removing stm32f4xx_hal_gpio.o(.ARM.exidx.text.HAL_GPIO_LockPin), (8 bytes).
    Removing stm32f4xx_hal_gpio.o(.text.HAL_GPIO_EXTI_IRQHandler), (20 bytes).
    Removing stm32f4xx_hal_gpio.o(.ARM.exidx.text.HAL_GPIO_EXTI_IRQHandler), (8 bytes).
    Removing stm32f4xx_hal_gpio.o(.text.HAL_GPIO_EXTI_Callback), (2 bytes).
    Removing stm32f4xx_hal_gpio.o(.ARM.exidx.text.HAL_GPIO_EXTI_Callback), (8 bytes).
    Removing stm32f4xx_hal_dma_ex.o(.text), (0 bytes).
    Removing stm32f4xx_hal_dma_ex.o(.text.HAL_DMAEx_MultiBufferStart), (116 bytes).
    Removing stm32f4xx_hal_dma_ex.o(.ARM.exidx.text.HAL_DMAEx_MultiBufferStart), (8 bytes).
    Removing stm32f4xx_hal_dma_ex.o(.text.HAL_DMAEx_MultiBufferStart_IT), (748 bytes).
    Removing stm32f4xx_hal_dma_ex.o(.ARM.exidx.text.HAL_DMAEx_MultiBufferStart_IT), (8 bytes).
    Removing stm32f4xx_hal_dma_ex.o(.text.HAL_DMAEx_ChangeMemory), (20 bytes).
    Removing stm32f4xx_hal_dma_ex.o(.ARM.exidx.text.HAL_DMAEx_ChangeMemory), (8 bytes).
    Removing stm32f4xx_hal_dma.o(.text), (0 bytes).
    Removing stm32f4xx_hal_dma.o(.text.HAL_DMA_Init), (300 bytes).
    Removing stm32f4xx_hal_dma.o(.ARM.exidx.text.HAL_DMA_Init), (8 bytes).
    Removing stm32f4xx_hal_dma.o(.text.DMA_CalcBaseAndBitshift), (52 bytes).
    Removing stm32f4xx_hal_dma.o(.ARM.exidx.text.DMA_CalcBaseAndBitshift), (8 bytes).
    Removing stm32f4xx_hal_dma.o(.text.HAL_DMA_DeInit), (78 bytes).
    Removing stm32f4xx_hal_dma.o(.ARM.exidx.text.HAL_DMA_DeInit), (8 bytes).
    Removing stm32f4xx_hal_dma.o(.text.HAL_DMA_Start), (66 bytes).
    Removing stm32f4xx_hal_dma.o(.ARM.exidx.text.HAL_DMA_Start), (8 bytes).
    Removing stm32f4xx_hal_dma.o(.text.DMA_SetConfig), (46 bytes).
    Removing stm32f4xx_hal_dma.o(.ARM.exidx.text.DMA_SetConfig), (8 bytes).
    Removing stm32f4xx_hal_dma.o(.text.HAL_DMA_Start_IT), (108 bytes).
    Removing stm32f4xx_hal_dma.o(.ARM.exidx.text.HAL_DMA_Start_IT), (8 bytes).
    Removing stm32f4xx_hal_dma.o(.text.HAL_DMA_Abort), (142 bytes).
    Removing stm32f4xx_hal_dma.o(.ARM.exidx.text.HAL_DMA_Abort), (8 bytes).
    Removing stm32f4xx_hal_dma.o(.text.HAL_DMA_Abort_IT), (36 bytes).
    Removing stm32f4xx_hal_dma.o(.ARM.exidx.text.HAL_DMA_Abort_IT), (8 bytes).
    Removing stm32f4xx_hal_dma.o(.text.HAL_DMA_PollForTransfer), (320 bytes).
    Removing stm32f4xx_hal_dma.o(.ARM.exidx.text.HAL_DMA_PollForTransfer), (8 bytes).
    Removing stm32f4xx_hal_dma.o(.text.HAL_DMA_IRQHandler), (384 bytes).
    Removing stm32f4xx_hal_dma.o(.ARM.exidx.text.HAL_DMA_IRQHandler), (8 bytes).
    Removing stm32f4xx_hal_dma.o(.text.HAL_DMA_RegisterCallback), (82 bytes).
    Removing stm32f4xx_hal_dma.o(.ARM.exidx.text.HAL_DMA_RegisterCallback), (8 bytes).
    Removing stm32f4xx_hal_dma.o(.text.HAL_DMA_UnRegisterCallback), (108 bytes).
    Removing stm32f4xx_hal_dma.o(.ARM.exidx.text.HAL_DMA_UnRegisterCallback), (8 bytes).
    Removing stm32f4xx_hal_dma.o(.text.HAL_DMA_GetState), (6 bytes).
    Removing stm32f4xx_hal_dma.o(.ARM.exidx.text.HAL_DMA_GetState), (8 bytes).
    Removing stm32f4xx_hal_dma.o(.text.HAL_DMA_GetError), (4 bytes).
    Removing stm32f4xx_hal_dma.o(.ARM.exidx.text.HAL_DMA_GetError), (8 bytes).
    Removing stm32f4xx_hal_pwr.o(.text), (0 bytes).
    Removing stm32f4xx_hal_pwr.o(.text.HAL_PWR_DeInit), (24 bytes).
    Removing stm32f4xx_hal_pwr.o(.ARM.exidx.text.HAL_PWR_DeInit), (8 bytes).
    Removing stm32f4xx_hal_pwr.o(.text.HAL_PWR_EnableBkUpAccess), (12 bytes).
    Removing stm32f4xx_hal_pwr.o(.ARM.exidx.text.HAL_PWR_EnableBkUpAccess), (8 bytes).
    Removing stm32f4xx_hal_pwr.o(.text.HAL_PWR_DisableBkUpAccess), (12 bytes).
    Removing stm32f4xx_hal_pwr.o(.ARM.exidx.text.HAL_PWR_DisableBkUpAccess), (8 bytes).
    Removing stm32f4xx_hal_pwr.o(.text.HAL_PWR_ConfigPVD), (120 bytes).
    Removing stm32f4xx_hal_pwr.o(.ARM.exidx.text.HAL_PWR_ConfigPVD), (8 bytes).
    Removing stm32f4xx_hal_pwr.o(.text.HAL_PWR_EnablePVD), (12 bytes).
    Removing stm32f4xx_hal_pwr.o(.ARM.exidx.text.HAL_PWR_EnablePVD), (8 bytes).
    Removing stm32f4xx_hal_pwr.o(.text.HAL_PWR_DisablePVD), (12 bytes).
    Removing stm32f4xx_hal_pwr.o(.ARM.exidx.text.HAL_PWR_DisablePVD), (8 bytes).
    Removing stm32f4xx_hal_pwr.o(.text.HAL_PWR_EnableWakeUpPin), (16 bytes).
    Removing stm32f4xx_hal_pwr.o(.ARM.exidx.text.HAL_PWR_EnableWakeUpPin), (8 bytes).
    Removing stm32f4xx_hal_pwr.o(.text.HAL_PWR_DisableWakeUpPin), (16 bytes).
    Removing stm32f4xx_hal_pwr.o(.ARM.exidx.text.HAL_PWR_DisableWakeUpPin), (8 bytes).
    Removing stm32f4xx_hal_pwr.o(.text.HAL_PWR_EnterSLEEPMode), (28 bytes).
    Removing stm32f4xx_hal_pwr.o(.ARM.exidx.text.HAL_PWR_EnterSLEEPMode), (8 bytes).
    Removing stm32f4xx_hal_pwr.o(.text.HAL_PWR_EnterSTOPMode), (56 bytes).
    Removing stm32f4xx_hal_pwr.o(.ARM.exidx.text.HAL_PWR_EnterSTOPMode), (8 bytes).
    Removing stm32f4xx_hal_pwr.o(.text.HAL_PWR_EnterSTANDBYMode), (32 bytes).
    Removing stm32f4xx_hal_pwr.o(.ARM.exidx.text.HAL_PWR_EnterSTANDBYMode), (8 bytes).
    Removing stm32f4xx_hal_pwr.o(.text.HAL_PWR_PVD_IRQHandler), (32 bytes).
    Removing stm32f4xx_hal_pwr.o(.ARM.exidx.text.HAL_PWR_PVD_IRQHandler), (8 bytes).
    Removing stm32f4xx_hal_pwr.o(.text.HAL_PWR_PVDCallback), (2 bytes).
    Removing stm32f4xx_hal_pwr.o(.ARM.exidx.text.HAL_PWR_PVDCallback), (8 bytes).
    Removing stm32f4xx_hal_pwr.o(.text.HAL_PWR_EnableSleepOnExit), (16 bytes).
    Removing stm32f4xx_hal_pwr.o(.ARM.exidx.text.HAL_PWR_EnableSleepOnExit), (8 bytes).
    Removing stm32f4xx_hal_pwr.o(.text.HAL_PWR_DisableSleepOnExit), (16 bytes).
    Removing stm32f4xx_hal_pwr.o(.ARM.exidx.text.HAL_PWR_DisableSleepOnExit), (8 bytes).
    Removing stm32f4xx_hal_pwr.o(.text.HAL_PWR_EnableSEVOnPend), (16 bytes).
    Removing stm32f4xx_hal_pwr.o(.ARM.exidx.text.HAL_PWR_EnableSEVOnPend), (8 bytes).
    Removing stm32f4xx_hal_pwr.o(.text.HAL_PWR_DisableSEVOnPend), (16 bytes).
    Removing stm32f4xx_hal_pwr.o(.ARM.exidx.text.HAL_PWR_DisableSEVOnPend), (8 bytes).
    Removing stm32f4xx_hal_pwr_ex.o(.text), (0 bytes).
    Removing stm32f4xx_hal_pwr_ex.o(.text.HAL_PWREx_EnableBkUpReg), (56 bytes).
    Removing stm32f4xx_hal_pwr_ex.o(.ARM.exidx.text.HAL_PWREx_EnableBkUpReg), (8 bytes).
    Removing stm32f4xx_hal_pwr_ex.o(.text.HAL_PWREx_DisableBkUpReg), (56 bytes).
    Removing stm32f4xx_hal_pwr_ex.o(.ARM.exidx.text.HAL_PWREx_DisableBkUpReg), (8 bytes).
    Removing stm32f4xx_hal_pwr_ex.o(.text.HAL_PWREx_EnableFlashPowerDown), (12 bytes).
    Removing stm32f4xx_hal_pwr_ex.o(.ARM.exidx.text.HAL_PWREx_EnableFlashPowerDown), (8 bytes).
    Removing stm32f4xx_hal_pwr_ex.o(.text.HAL_PWREx_DisableFlashPowerDown), (12 bytes).
    Removing stm32f4xx_hal_pwr_ex.o(.ARM.exidx.text.HAL_PWREx_DisableFlashPowerDown), (8 bytes).
    Removing stm32f4xx_hal_pwr_ex.o(.text.HAL_PWREx_GetVoltageRange), (16 bytes).
    Removing stm32f4xx_hal_pwr_ex.o(.ARM.exidx.text.HAL_PWREx_GetVoltageRange), (8 bytes).
    Removing stm32f4xx_hal_pwr_ex.o(.text.HAL_PWREx_ControlVoltageScaling), (96 bytes).
    Removing stm32f4xx_hal_pwr_ex.o(.ARM.exidx.text.HAL_PWREx_ControlVoltageScaling), (8 bytes).
    Removing stm32f4xx_hal_cortex.o(.text), (0 bytes).
    Removing stm32f4xx_hal_cortex.o(.ARM.exidx.text.HAL_NVIC_SetPriorityGrouping), (8 bytes).
    Removing stm32f4xx_hal_cortex.o(.ARM.exidx.text.HAL_NVIC_SetPriority), (8 bytes).
    Removing stm32f4xx_hal_cortex.o(.text.HAL_NVIC_EnableIRQ), (24 bytes).
    Removing stm32f4xx_hal_cortex.o(.ARM.exidx.text.HAL_NVIC_EnableIRQ), (8 bytes).
    Removing stm32f4xx_hal_cortex.o(.text.HAL_NVIC_DisableIRQ), (24 bytes).
    Removing stm32f4xx_hal_cortex.o(.ARM.exidx.text.HAL_NVIC_DisableIRQ), (8 bytes).
    Removing stm32f4xx_hal_cortex.o(.text.HAL_NVIC_SystemReset), (4 bytes).
    Removing stm32f4xx_hal_cortex.o(.ARM.exidx.text.HAL_NVIC_SystemReset), (8 bytes).
    Removing stm32f4xx_hal_cortex.o(.text.NVIC_SystemReset), (36 bytes).
    Removing stm32f4xx_hal_cortex.o(.ARM.exidx.text.NVIC_SystemReset), (8 bytes).
    Removing stm32f4xx_hal_cortex.o(.ARM.exidx.text.HAL_SYSTICK_Config), (8 bytes).
    Removing stm32f4xx_hal_cortex.o(.text.HAL_MPU_Disable), (24 bytes).
    Removing stm32f4xx_hal_cortex.o(.ARM.exidx.text.HAL_MPU_Disable), (8 bytes).
    Removing stm32f4xx_hal_cortex.o(.text.HAL_MPU_Enable), (32 bytes).
    Removing stm32f4xx_hal_cortex.o(.ARM.exidx.text.HAL_MPU_Enable), (8 bytes).
    Removing stm32f4xx_hal_cortex.o(.text.HAL_MPU_ConfigRegion), (80 bytes).
    Removing stm32f4xx_hal_cortex.o(.ARM.exidx.text.HAL_MPU_ConfigRegion), (8 bytes).
    Removing stm32f4xx_hal_cortex.o(.text.HAL_NVIC_GetPriorityGrouping), (16 bytes).
    Removing stm32f4xx_hal_cortex.o(.ARM.exidx.text.HAL_NVIC_GetPriorityGrouping), (8 bytes).
    Removing stm32f4xx_hal_cortex.o(.text.HAL_NVIC_GetPriority), (92 bytes).
    Removing stm32f4xx_hal_cortex.o(.ARM.exidx.text.HAL_NVIC_GetPriority), (8 bytes).
    Removing stm32f4xx_hal_cortex.o(.text.HAL_NVIC_SetPendingIRQ), (24 bytes).
    Removing stm32f4xx_hal_cortex.o(.ARM.exidx.text.HAL_NVIC_SetPendingIRQ), (8 bytes).
    Removing stm32f4xx_hal_cortex.o(.text.HAL_NVIC_GetPendingIRQ), (32 bytes).
    Removing stm32f4xx_hal_cortex.o(.ARM.exidx.text.HAL_NVIC_GetPendingIRQ), (8 bytes).
    Removing stm32f4xx_hal_cortex.o(.text.HAL_NVIC_ClearPendingIRQ), (24 bytes).
    Removing stm32f4xx_hal_cortex.o(.ARM.exidx.text.HAL_NVIC_ClearPendingIRQ), (8 bytes).
    Removing stm32f4xx_hal_cortex.o(.text.HAL_NVIC_GetActive), (32 bytes).
    Removing stm32f4xx_hal_cortex.o(.ARM.exidx.text.HAL_NVIC_GetActive), (8 bytes).
    Removing stm32f4xx_hal_cortex.o(.text.HAL_SYSTICK_CLKSourceConfig), (24 bytes).
    Removing stm32f4xx_hal_cortex.o(.ARM.exidx.text.HAL_SYSTICK_CLKSourceConfig), (8 bytes).
    Removing stm32f4xx_hal_cortex.o(.text.HAL_SYSTICK_IRQHandler), (4 bytes).
    Removing stm32f4xx_hal_cortex.o(.ARM.exidx.text.HAL_SYSTICK_IRQHandler), (8 bytes).
    Removing stm32f4xx_hal_cortex.o(.text.HAL_SYSTICK_Callback), (2 bytes).
    Removing stm32f4xx_hal_cortex.o(.ARM.exidx.text.HAL_SYSTICK_Callback), (8 bytes).
    Removing stm32f4xx_hal.o(.text), (0 bytes).
    Removing stm32f4xx_hal.o(.ARM.exidx.text.HAL_Init), (8 bytes).
    Removing stm32f4xx_hal.o(.ARM.exidx.text.HAL_InitTick), (8 bytes).
    Removing stm32f4xx_hal.o(.text.HAL_MspInit), (2 bytes).
    Removing stm32f4xx_hal.o(.ARM.exidx.text.HAL_MspInit), (8 bytes).
    Removing stm32f4xx_hal.o(.text.HAL_DeInit), (44 bytes).
    Removing stm32f4xx_hal.o(.ARM.exidx.text.HAL_DeInit), (8 bytes).
    Removing stm32f4xx_hal.o(.text.HAL_MspDeInit), (2 bytes).
    Removing stm32f4xx_hal.o(.ARM.exidx.text.HAL_MspDeInit), (8 bytes).
    Removing stm32f4xx_hal.o(.ARM.exidx.text.HAL_IncTick), (8 bytes).
    Removing stm32f4xx_hal.o(.ARM.exidx.text.HAL_GetTick), (8 bytes).
    Removing stm32f4xx_hal.o(.text.HAL_GetTickPrio), (12 bytes).
    Removing stm32f4xx_hal.o(.ARM.exidx.text.HAL_GetTickPrio), (8 bytes).
    Removing stm32f4xx_hal.o(.text.HAL_SetTickFreq), (24 bytes).
    Removing stm32f4xx_hal.o(.ARM.exidx.text.HAL_SetTickFreq), (8 bytes).
    Removing stm32f4xx_hal.o(.text.HAL_GetTickFreq), (12 bytes).
    Removing stm32f4xx_hal.o(.ARM.exidx.text.HAL_GetTickFreq), (8 bytes).
    Removing stm32f4xx_hal.o(.ARM.exidx.text.HAL_Delay), (8 bytes).
    Removing stm32f4xx_hal.o(.text.HAL_SuspendTick), (16 bytes).
    Removing stm32f4xx_hal.o(.ARM.exidx.text.HAL_SuspendTick), (8 bytes).
    Removing stm32f4xx_hal.o(.text.HAL_ResumeTick), (16 bytes).
    Removing stm32f4xx_hal.o(.ARM.exidx.text.HAL_ResumeTick), (8 bytes).
    Removing stm32f4xx_hal.o(.text.HAL_GetHalVersion), (8 bytes).
    Removing stm32f4xx_hal.o(.ARM.exidx.text.HAL_GetHalVersion), (8 bytes).
    Removing stm32f4xx_hal.o(.text.HAL_GetREVID), (12 bytes).
    Removing stm32f4xx_hal.o(.ARM.exidx.text.HAL_GetREVID), (8 bytes).
    Removing stm32f4xx_hal.o(.text.HAL_GetDEVID), (16 bytes).
    Removing stm32f4xx_hal.o(.ARM.exidx.text.HAL_GetDEVID), (8 bytes).
    Removing stm32f4xx_hal.o(.text.HAL_DBGMCU_EnableDBGSleepMode), (16 bytes).
    Removing stm32f4xx_hal.o(.ARM.exidx.text.HAL_DBGMCU_EnableDBGSleepMode), (8 bytes).
    Removing stm32f4xx_hal.o(.text.HAL_DBGMCU_DisableDBGSleepMode), (16 bytes).
    Removing stm32f4xx_hal.o(.ARM.exidx.text.HAL_DBGMCU_DisableDBGSleepMode), (8 bytes).
    Removing stm32f4xx_hal.o(.text.HAL_DBGMCU_EnableDBGStopMode), (16 bytes).
    Removing stm32f4xx_hal.o(.ARM.exidx.text.HAL_DBGMCU_EnableDBGStopMode), (8 bytes).
    Removing stm32f4xx_hal.o(.text.HAL_DBGMCU_DisableDBGStopMode), (16 bytes).
    Removing stm32f4xx_hal.o(.ARM.exidx.text.HAL_DBGMCU_DisableDBGStopMode), (8 bytes).
    Removing stm32f4xx_hal.o(.text.HAL_DBGMCU_EnableDBGStandbyMode), (16 bytes).
    Removing stm32f4xx_hal.o(.ARM.exidx.text.HAL_DBGMCU_EnableDBGStandbyMode), (8 bytes).
    Removing stm32f4xx_hal.o(.text.HAL_DBGMCU_DisableDBGStandbyMode), (16 bytes).
    Removing stm32f4xx_hal.o(.ARM.exidx.text.HAL_DBGMCU_DisableDBGStandbyMode), (8 bytes).
    Removing stm32f4xx_hal.o(.text.HAL_EnableCompensationCell), (12 bytes).
    Removing stm32f4xx_hal.o(.ARM.exidx.text.HAL_EnableCompensationCell), (8 bytes).
    Removing stm32f4xx_hal.o(.text.HAL_DisableCompensationCell), (12 bytes).
    Removing stm32f4xx_hal.o(.ARM.exidx.text.HAL_DisableCompensationCell), (8 bytes).
    Removing stm32f4xx_hal.o(.text.HAL_GetUID), (20 bytes).
    Removing stm32f4xx_hal.o(.ARM.exidx.text.HAL_GetUID), (8 bytes).
    Removing system_stm32f4xx.o(.text), (0 bytes).
    Removing system_stm32f4xx.o(.ARM.exidx.text.SystemInit), (8 bytes).
    Removing system_stm32f4xx.o(.text.SystemCoreClockUpdate), (116 bytes).
    Removing system_stm32f4xx.o(.ARM.exidx.text.SystemCoreClockUpdate), (8 bytes).
    Removing usbh_core.o(.text), (0 bytes).
    Removing usbh_core.o(.text.USBH_Init), (46 bytes).
    Removing usbh_core.o(.ARM.exidx.text.USBH_Init), (8 bytes).
    Removing usbh_core.o(.text.DeInitStateMachine), (70 bytes).
    Removing usbh_core.o(.ARM.exidx.text.DeInitStateMachine), (8 bytes).
    Removing usbh_core.o(.text.USBH_DeInit), (32 bytes).
    Removing usbh_core.o(.ARM.exidx.text.USBH_DeInit), (8 bytes).
    Removing usbh_core.o(.text.USBH_RegisterClass), (28 bytes).
    Removing usbh_core.o(.ARM.exidx.text.USBH_RegisterClass), (8 bytes).
    Removing usbh_core.o(.text.USBH_SelectInterface), (20 bytes).
    Removing usbh_core.o(.ARM.exidx.text.USBH_SelectInterface), (8 bytes).
    Removing usbh_core.o(.text.USBH_GetActiveClass), (6 bytes).
    Removing usbh_core.o(.ARM.exidx.text.USBH_GetActiveClass), (8 bytes).
    Removing usbh_core.o(.text.USBH_FindInterface), (72 bytes).
    Removing usbh_core.o(.ARM.exidx.text.USBH_FindInterface), (8 bytes).
    Removing usbh_core.o(.text.USBH_FindInterfaceIndex), (46 bytes).
    Removing usbh_core.o(.ARM.exidx.text.USBH_FindInterfaceIndex), (8 bytes).
    Removing usbh_core.o(.text.USBH_Start), (20 bytes).
    Removing usbh_core.o(.ARM.exidx.text.USBH_Start), (8 bytes).
    Removing usbh_core.o(.text.USBH_Stop), (36 bytes).
    Removing usbh_core.o(.ARM.exidx.text.USBH_Stop), (8 bytes).
    Removing usbh_core.o(.text.USBH_ReEnumerate), (30 bytes).
    Removing usbh_core.o(.ARM.exidx.text.USBH_ReEnumerate), (8 bytes).
    Removing usbh_core.o(.text.USBH_Process), (588 bytes).
    Removing usbh_core.o(.ARM.exidx.text.USBH_Process), (8 bytes).
    Removing usbh_core.o(.text.USBH_LL_SetTimer), (6 bytes).
    Removing usbh_core.o(.ARM.exidx.text.USBH_LL_SetTimer), (8 bytes).
    Removing usbh_core.o(.ARM.exidx.text.USBH_LL_IncTimer), (8 bytes).
    Removing usbh_core.o(.ARM.exidx.text.USBH_LL_Connect), (8 bytes).
    Removing usbh_core.o(.ARM.exidx.text.USBH_LL_Disconnect), (8 bytes).
    Removing usbh_ctlreq.o(.text), (0 bytes).
    Removing usbh_ctlreq.o(.text.USBH_Get_DevDesc), (120 bytes).
    Removing usbh_ctlreq.o(.ARM.exidx.text.USBH_Get_DevDesc), (8 bytes).
    Removing usbh_ctlreq.o(.text.USBH_GetDescriptor), (64 bytes).
    Removing usbh_ctlreq.o(.ARM.exidx.text.USBH_GetDescriptor), (8 bytes).
    Removing usbh_ctlreq.o(.text.USBH_Get_CfgDesc), (262 bytes).
    Removing usbh_ctlreq.o(.ARM.exidx.text.USBH_Get_CfgDesc), (8 bytes).
    Removing usbh_ctlreq.o(.text.USBH_Get_StringDesc), (78 bytes).
    Removing usbh_ctlreq.o(.ARM.exidx.text.USBH_Get_StringDesc), (8 bytes).
    Removing usbh_ctlreq.o(.text.USBH_CtlReq), (392 bytes).
    Removing usbh_ctlreq.o(.ARM.exidx.text.USBH_CtlReq), (8 bytes).
    Removing usbh_ctlreq.o(.text.USBH_SetAddress), (26 bytes).
    Removing usbh_ctlreq.o(.ARM.exidx.text.USBH_SetAddress), (8 bytes).
    Removing usbh_ctlreq.o(.text.USBH_SetCfg), (26 bytes).
    Removing usbh_ctlreq.o(.ARM.exidx.text.USBH_SetCfg), (8 bytes).
    Removing usbh_ctlreq.o(.text.USBH_SetInterface), (28 bytes).
    Removing usbh_ctlreq.o(.ARM.exidx.text.USBH_SetInterface), (8 bytes).
    Removing usbh_ctlreq.o(.text.USBH_ClrFeature), (26 bytes).
    Removing usbh_ctlreq.o(.ARM.exidx.text.USBH_ClrFeature), (8 bytes).
    Removing usbh_ctlreq.o(.text.USBH_GetNextDesc), (12 bytes).
    Removing usbh_ctlreq.o(.ARM.exidx.text.USBH_GetNextDesc), (8 bytes).
    Removing usbh_ioreq.o(.text), (0 bytes).
    Removing usbh_ioreq.o(.text.USBH_CtlSendSetup), (32 bytes).
    Removing usbh_ioreq.o(.ARM.exidx.text.USBH_CtlSendSetup), (8 bytes).
    Removing usbh_ioreq.o(.text.USBH_CtlSendData), (44 bytes).
    Removing usbh_ioreq.o(.ARM.exidx.text.USBH_CtlSendData), (8 bytes).
    Removing usbh_ioreq.o(.text.USBH_CtlReceiveData), (34 bytes).
    Removing usbh_ioreq.o(.ARM.exidx.text.USBH_CtlReceiveData), (8 bytes).
    Removing usbh_ioreq.o(.text.USBH_BulkSendData), (44 bytes).
    Removing usbh_ioreq.o(.ARM.exidx.text.USBH_BulkSendData), (8 bytes).
    Removing usbh_ioreq.o(.text.USBH_BulkReceiveData), (34 bytes).
    Removing usbh_ioreq.o(.ARM.exidx.text.USBH_BulkReceiveData), (8 bytes).
    Removing usbh_ioreq.o(.text.USBH_InterruptReceiveData), (34 bytes).
    Removing usbh_ioreq.o(.ARM.exidx.text.USBH_InterruptReceiveData), (8 bytes).
    Removing usbh_ioreq.o(.text.USBH_InterruptSendData), (34 bytes).
    Removing usbh_ioreq.o(.ARM.exidx.text.USBH_InterruptSendData), (8 bytes).
    Removing usbh_ioreq.o(.text.USBH_IsocReceiveData), (36 bytes).
    Removing usbh_ioreq.o(.ARM.exidx.text.USBH_IsocReceiveData), (8 bytes).
    Removing usbh_ioreq.o(.text.USBH_IsocSendData), (36 bytes).
    Removing usbh_ioreq.o(.ARM.exidx.text.USBH_IsocSendData), (8 bytes).
    Removing usbh_pipes.o(.text), (0 bytes).
    Removing usbh_pipes.o(.text.USBH_OpenPipe), (36 bytes).
    Removing usbh_pipes.o(.ARM.exidx.text.USBH_OpenPipe), (8 bytes).
    Removing usbh_pipes.o(.text.USBH_ClosePipe), (10 bytes).
    Removing usbh_pipes.o(.ARM.exidx.text.USBH_ClosePipe), (8 bytes).
    Removing usbh_pipes.o(.text.USBH_AllocPipe), (44 bytes).
    Removing usbh_pipes.o(.ARM.exidx.text.USBH_AllocPipe), (8 bytes).
    Removing usbh_pipes.o(.ARM.exidx.text.USBH_FreePipe), (8 bytes).
    Removing usbh_cdc.o(.text), (0 bytes).
    Removing usbh_cdc.o(.text.USBH_CDC_InterfaceInit), (318 bytes).
    Removing usbh_cdc.o(.ARM.exidx.text.USBH_CDC_InterfaceInit), (8 bytes).
    Removing usbh_cdc.o(.text.USBH_CDC_InterfaceDeInit), (100 bytes).
    Removing usbh_cdc.o(.ARM.exidx.text.USBH_CDC_InterfaceDeInit), (8 bytes).
    Removing usbh_cdc.o(.text.USBH_CDC_ClassRequest), (38 bytes).
    Removing usbh_cdc.o(.ARM.exidx.text.USBH_CDC_ClassRequest), (8 bytes).
    Removing usbh_cdc.o(.text.USBH_CDC_Process), (386 bytes).
    Removing usbh_cdc.o(.ARM.exidx.text.USBH_CDC_Process), (8 bytes).
    Removing usbh_cdc.o(.text.USBH_CDC_SOFProcess), (4 bytes).
    Removing usbh_cdc.o(.ARM.exidx.text.USBH_CDC_SOFProcess), (8 bytes).
    Removing usbh_cdc.o(.text.USBH_CDC_Stop), (52 bytes).
    Removing usbh_cdc.o(.ARM.exidx.text.USBH_CDC_Stop), (8 bytes).
    Removing usbh_cdc.o(.text.USBH_CDC_SetLineCoding), (24 bytes).
    Removing usbh_cdc.o(.ARM.exidx.text.USBH_CDC_SetLineCoding), (8 bytes).
    Removing usbh_cdc.o(.text.USBH_CDC_GetLineCoding), (36 bytes).
    Removing usbh_cdc.o(.ARM.exidx.text.USBH_CDC_GetLineCoding), (8 bytes).
    Removing usbh_cdc.o(.text.USBH_CDC_GetLastReceivedDataSize), (32 bytes).
    Removing usbh_cdc.o(.ARM.exidx.text.USBH_CDC_GetLastReceivedDataSize), (8 bytes).
    Removing usbh_cdc.o(.text.USBH_CDC_Transmit), (36 bytes).
    Removing usbh_cdc.o(.ARM.exidx.text.USBH_CDC_Transmit), (8 bytes).
    Removing usbh_cdc.o(.text.USBH_CDC_Receive), (38 bytes).
    Removing usbh_cdc.o(.ARM.exidx.text.USBH_CDC_Receive), (8 bytes).
    Removing usbh_cdc.o(.text.USBH_CDC_TransmitCallback), (2 bytes).
    Removing usbh_cdc.o(.ARM.exidx.text.USBH_CDC_TransmitCallback), (8 bytes).
    Removing usbh_cdc.o(.text.USBH_CDC_ReceiveCallback), (2 bytes).
    Removing usbh_cdc.o(.ARM.exidx.text.USBH_CDC_ReceiveCallback), (8 bytes).
    Removing usbh_cdc.o(.text.USBH_CDC_LineCodingChanged), (2 bytes).
    Removing usbh_cdc.o(.ARM.exidx.text.USBH_CDC_LineCodingChanged), (8 bytes).
    Removing usbh_cdc.o(.text.GetLineCoding), (18 bytes).
    Removing usbh_cdc.o(.ARM.exidx.text.GetLineCoding), (8 bytes).
    Removing usbh_cdc.o(.rodata.str1.1), (4 bytes).
    Removing usbh_cdc.o(.data.CDC_Class), (32 bytes).
    Removing dadd.o(.text), (334 bytes).
    Removing dmul.o(.text), (228 bytes).
    Removing ddiv.o(.text), (222 bytes).
    Removing dfixul.o(.text), (48 bytes).
    Removing cdrcmple.o(.text), (48 bytes).
    Removing depilogue.o(.text), (186 bytes).

1031 unused section(s) (total 46577 bytes) removed from the image.

==============================================================================

Image Symbol Table

    Local Symbols

    Symbol Name                              Value     Ov Type        Size  Object(Section)

    ../clib/microlib/division.c              0x00000000   Number         0  uldiv.o ABSOLUTE
    ../clib/microlib/division.c              0x00000000   Number         0  uidiv.o ABSOLUTE
    ../clib/microlib/init/entry.s            0x00000000   Number         0  entry11a.o ABSOLUTE
    ../clib/microlib/init/entry.s            0x00000000   Number         0  entry10b.o ABSOLUTE
    ../clib/microlib/init/entry.s            0x00000000   Number         0  entry2.o ABSOLUTE
    ../clib/microlib/init/entry.s            0x00000000   Number         0  entry.o ABSOLUTE
    ../clib/microlib/init/entry.s            0x00000000   Number         0  entry5.o ABSOLUTE
    ../clib/microlib/init/entry.s            0x00000000   Number         0  entry7a.o ABSOLUTE
    ../clib/microlib/init/entry.s            0x00000000   Number         0  entry11b.o ABSOLUTE
    ../clib/microlib/init/entry.s            0x00000000   Number         0  entry8a.o ABSOLUTE
    ../clib/microlib/init/entry.s            0x00000000   Number         0  entry7b.o ABSOLUTE
    ../clib/microlib/init/entry.s            0x00000000   Number         0  entry8b.o ABSOLUTE
    ../clib/microlib/init/entry.s            0x00000000   Number         0  entry9a.o ABSOLUTE
    ../clib/microlib/init/entry.s            0x00000000   Number         0  entry9b.o ABSOLUTE
    ../clib/microlib/init/entry.s            0x00000000   Number         0  entry10a.o ABSOLUTE
    ../clib/microlib/longlong.c              0x00000000   Number         0  llushr.o ABSOLUTE
    ../clib/microlib/longlong.c              0x00000000   Number         0  llsshr.o ABSOLUTE
    ../clib/microlib/longlong.c              0x00000000   Number         0  llshl.o ABSOLUTE
    ../clib/microlib/malloc/malloc.c         0x00000000   Number         0  malloc.o ABSOLUTE
    ../clib/microlib/malloc/malloc.c         0x00000000   Number         0  malloca.o ABSOLUTE
    ../clib/microlib/malloc/malloc.c         0x00000000   Number         0  mallocra.o ABSOLUTE
    ../clib/microlib/malloc/malloc.c         0x00000000   Number         0  mallocr.o ABSOLUTE
    ../clib/microlib/malloc/mvars.c          0x00000000   Number         0  mvars.o ABSOLUTE
    ../clib/microlib/printf/printf.c         0x00000000   Number         0  printf8.o ABSOLUTE
    ../clib/microlib/printf/printf.c         0x00000000   Number         0  printfa.o ABSOLUTE
    ../clib/microlib/printf/printf.c         0x00000000   Number         0  printf7.o ABSOLUTE
    ../clib/microlib/printf/printf.c         0x00000000   Number         0  printf6.o ABSOLUTE
    ../clib/microlib/printf/printf.c         0x00000000   Number         0  printf5.o ABSOLUTE
    ../clib/microlib/printf/printf.c         0x00000000   Number         0  printf4.o ABSOLUTE
    ../clib/microlib/printf/printf.c         0x00000000   Number         0  printf3.o ABSOLUTE
    ../clib/microlib/printf/printf.c         0x00000000   Number         0  printf2.o ABSOLUTE
    ../clib/microlib/printf/printf.c         0x00000000   Number         0  printf1.o ABSOLUTE
    ../clib/microlib/printf/printf.c         0x00000000   Number         0  printf0.o ABSOLUTE
    ../clib/microlib/printf/printf.c         0x00000000   Number         0  printfb.o ABSOLUTE
    ../clib/microlib/printf/stubs.s          0x00000000   Number         0  stubs.o ABSOLUTE
    ../clib/microlib/stdio/fputc.c           0x00000000   Number         0  fputc_h.o ABSOLUTE
    ../clib/microlib/stdio/fputc.c           0x00000000   Number         0  fputc.o ABSOLUTE
    ../clib/microlib/stdio/semi.s            0x00000000   Number         0  semi.o ABSOLUTE
    ../clib/microlib/stdio/streams.c         0x00000000   Number         0  stdout.o ABSOLUTE
    ../clib/microlib/string/memcpy.c         0x00000000   Number         0  memcpyb.o ABSOLUTE
    ../clib/microlib/string/memcpy.c         0x00000000   Number         0  memcpya.o ABSOLUTE
    ../clib/microlib/string/memset.c         0x00000000   Number         0  memseta.o ABSOLUTE
    ../clib/microlib/string/strlen.c         0x00000000   Number         0  strlen.o ABSOLUTE
    ../clib/microlib/stubs.s                 0x00000000   Number         0  iusesemip.o ABSOLUTE
    ../clib/microlib/stubs.s                 0x00000000   Number         0  iusefp.o ABSOLUTE
    ../fplib/microlib/fpadd.c                0x00000000   Number         0  dadd.o ABSOLUTE
    ../fplib/microlib/fpdiv.c                0x00000000   Number         0  ddiv.o ABSOLUTE
    ../fplib/microlib/fpepilogue.c           0x00000000   Number         0  depilogue.o ABSOLUTE
    ../fplib/microlib/fpfix.c                0x00000000   Number         0  dfixul.o ABSOLUTE
    ../fplib/microlib/fpmul.c                0x00000000   Number         0  dmul.o ABSOLUTE
    cdrcmple.s                               0x00000000   Number         0  cdrcmple.o ABSOLUTE
    dc.s                                     0x00000000   Number         0  dc.o ABSOLUTE
    handlers.s                               0x00000000   Number         0  handlers.o ABSOLUTE
    init.s                                   0x00000000   Number         0  init.o ABSOLUTE
    main.c                                   0x00000000   Number         0  main.o ABSOLUTE
    startup_stm32f407xx.s                    0x00000000   Number         0  startup_stm32f407xx.o ABSOLUTE
    stm32f4xx_hal.c                          0x00000000   Number         0  stm32f4xx_hal.o ABSOLUTE
    stm32f4xx_hal_cortex.c                   0x00000000   Number         0  stm32f4xx_hal_cortex.o ABSOLUTE
    stm32f4xx_hal_dma.c                      0x00000000   Number         0  stm32f4xx_hal_dma.o ABSOLUTE
    stm32f4xx_hal_dma_ex.c                   0x00000000   Number         0  stm32f4xx_hal_dma_ex.o ABSOLUTE
    stm32f4xx_hal_flash.c                    0x00000000   Number         0  stm32f4xx_hal_flash.o ABSOLUTE
    stm32f4xx_hal_flash_ex.c                 0x00000000   Number         0  stm32f4xx_hal_flash_ex.o ABSOLUTE
    stm32f4xx_hal_flash_ramfunc.c            0x00000000   Number         0  stm32f4xx_hal_flash_ramfunc.o ABSOLUTE
    stm32f4xx_hal_gpio.c                     0x00000000   Number         0  stm32f4xx_hal_gpio.o ABSOLUTE
    stm32f4xx_hal_hcd.c                      0x00000000   Number         0  stm32f4xx_hal_hcd.o ABSOLUTE
    stm32f4xx_hal_i2c.c                      0x00000000   Number         0  stm32f4xx_hal_i2c.o ABSOLUTE
    stm32f4xx_hal_i2c_ex.c                   0x00000000   Number         0  stm32f4xx_hal_i2c_ex.o ABSOLUTE
    stm32f4xx_hal_i2s.c                      0x00000000   Number         0  stm32f4xx_hal_i2s.o ABSOLUTE
    stm32f4xx_hal_i2s_ex.c                   0x00000000   Number         0  stm32f4xx_hal_i2s_ex.o ABSOLUTE
    stm32f4xx_hal_msp.c                      0x00000000   Number         0  stm32f4xx_hal_msp.o ABSOLUTE
    stm32f4xx_hal_pwr.c                      0x00000000   Number         0  stm32f4xx_hal_pwr.o ABSOLUTE
    stm32f4xx_hal_pwr_ex.c                   0x00000000   Number         0  stm32f4xx_hal_pwr_ex.o ABSOLUTE
    stm32f4xx_hal_rcc.c                      0x00000000   Number         0  stm32f4xx_hal_rcc.o ABSOLUTE
    stm32f4xx_hal_rcc_ex.c                   0x00000000   Number         0  stm32f4xx_hal_rcc_ex.o ABSOLUTE
    stm32f4xx_hal_spi.c                      0x00000000   Number         0  stm32f4xx_hal_spi.o ABSOLUTE
    stm32f4xx_hal_tim.c                      0x00000000   Number         0  stm32f4xx_hal_tim.o ABSOLUTE
    stm32f4xx_hal_tim_ex.c                   0x00000000   Number         0  stm32f4xx_hal_tim_ex.o ABSOLUTE
    stm32f4xx_hal_uart.c                     0x00000000   Number         0  stm32f4xx_hal_uart.o ABSOLUTE
    stm32f4xx_it.c                           0x00000000   Number         0  stm32f4xx_it.o ABSOLUTE
    stm32f4xx_ll_usb.c                       0x00000000   Number         0  stm32f4xx_ll_usb.o ABSOLUTE
    system_stm32f4xx.c                       0x00000000   Number         0  system_stm32f4xx.o ABSOLUTE
    tstring.c                                0x00000000   Number         0  tstring.o ABSOLUTE
    usb_host.c                               0x00000000   Number         0  usb_host.o ABSOLUTE
    usbh_cdc.c                               0x00000000   Number         0  usbh_cdc.o ABSOLUTE
    usbh_conf.c                              0x00000000   Number         0  usbh_conf.o ABSOLUTE
    usbh_core.c                              0x00000000   Number         0  usbh_core.o ABSOLUTE
    usbh_ctlreq.c                            0x00000000   Number         0  usbh_ctlreq.o ABSOLUTE
    usbh_ioreq.c                             0x00000000   Number         0  usbh_ioreq.o ABSOLUTE
    usbh_pipes.c                             0x00000000   Number         0  usbh_pipes.o ABSOLUTE
    usbh_platform.c                          0x00000000   Number         0  usbh_platform.o ABSOLUTE
    RESET                                    0x08000000   Section      392  startup_stm32f407xx.o(RESET)
    .ARM.Collect$$$$00000000                 0x08000188   Section        0  entry.o(.ARM.Collect$$$$00000000)
    .ARM.Collect$$$$00000001                 0x08000188   Section        4  entry2.o(.ARM.Collect$$$$00000001)
    .ARM.Collect$$$$00000004                 0x0800018c   Section        4  entry5.o(.ARM.Collect$$$$00000004)
    .ARM.Collect$$$$00000008                 0x08000190   Section        0  entry7b.o(.ARM.Collect$$$$00000008)
    .ARM.Collect$$$$0000000A                 0x08000190   Section        0  entry8b.o(.ARM.Collect$$$$0000000A)
    .ARM.Collect$$$$0000000B                 0x08000190   Section        8  entry9a.o(.ARM.Collect$$$$0000000B)
    .ARM.Collect$$$$0000000D                 0x08000198   Section        0  entry10a.o(.ARM.Collect$$$$0000000D)
    .ARM.Collect$$$$0000000F                 0x08000198   Section        0  entry11a.o(.ARM.Collect$$$$0000000F)
    .ARM.Collect$$$$00002712                 0x08000198   Section        4  entry2.o(.ARM.Collect$$$$00002712)
    __lit__00000000                          0x08000198   Data           4  entry2.o(.ARM.Collect$$$$00002712)
    .text                                    0x0800019c   Section       36  startup_stm32f407xx.o(.text)
    $v0                                      0x0800019c   Number         0  startup_stm32f407xx.o(.text)
    .text                                    0x080001c0   Section        0  uldiv.o(.text)
    .text                                    0x08000222   Section        0  memseta.o(.text)
    .text                                    0x08000246   Section        0  strlen.o(.text)
    .text                                    0x08000254   Section        0  uidiv.o(.text)
    .text                                    0x08000280   Section        0  llshl.o(.text)
    .text                                    0x0800029e   Section        0  llushr.o(.text)
    .text                                    0x080002c0   Section       36  init.o(.text)
    [Anonymous Symbol]                       0x080002e4   Section        0  stm32f4xx_it.o(.text.BusFault_Handler)
    [Anonymous Symbol]                       0x080002e6   Section        0  stm32f4xx_it.o(.text.DebugMon_Handler)
    [Anonymous Symbol]                       0x080002e8   Section        0  stm32f4xx_hal.o(.text.HAL_Delay)
    [Anonymous Symbol]                       0x08000308   Section        0  stm32f4xx_hal_gpio.o(.text.HAL_GPIO_Init)
    __arm_cp.0_0                             0x08000484   Number         4  stm32f4xx_hal_gpio.o(.text.HAL_GPIO_Init)
    __arm_cp.0_1                             0x08000488   Number         4  stm32f4xx_hal_gpio.o(.text.HAL_GPIO_Init)
    __arm_cp.0_2                             0x0800048c   Number         4  stm32f4xx_hal_gpio.o(.text.HAL_GPIO_Init)
    __arm_cp.0_3                             0x08000490   Number         4  stm32f4xx_hal_gpio.o(.text.HAL_GPIO_Init)
    __arm_cp.0_4                             0x08000494   Number         4  stm32f4xx_hal_gpio.o(.text.HAL_GPIO_Init)
    __arm_cp.0_5                             0x08000498   Number         4  stm32f4xx_hal_gpio.o(.text.HAL_GPIO_Init)
    __arm_cp.0_6                             0x0800049c   Number         4  stm32f4xx_hal_gpio.o(.text.HAL_GPIO_Init)
    [Anonymous Symbol]                       0x080004a0   Section        0  stm32f4xx_hal_gpio.o(.text.HAL_GPIO_WritePin)
    [Anonymous Symbol]                       0x080004ac   Section        0  stm32f4xx_hal.o(.text.HAL_GetTick)
    __arm_cp.6_0                             0x080004b4   Number         4  stm32f4xx_hal.o(.text.HAL_GetTick)
    [Anonymous Symbol]                       0x080004b8   Section        0  usbh_conf.o(.text.HAL_HCD_Connect_Callback)
    [Anonymous Symbol]                       0x080004c0   Section        0  usbh_conf.o(.text.HAL_HCD_Disconnect_Callback)
    [Anonymous Symbol]                       0x080004c8   Section        0  usbh_conf.o(.text.HAL_HCD_HC_NotifyURBChange_Callback)
    [Anonymous Symbol]                       0x080004cc   Section        0  stm32f4xx_hal_hcd.o(.text.HAL_HCD_IRQHandler)
    __arm_cp.7_0                             0x08000bfc   Number         4  stm32f4xx_hal_hcd.o(.text.HAL_HCD_IRQHandler)
    [Anonymous Symbol]                       0x08000c00   Section        0  usbh_conf.o(.text.HAL_HCD_SOF_Callback)
    [Anonymous Symbol]                       0x08000c08   Section        0  stm32f4xx_hal_hcd.o(.text.HAL_HCD_Start)
    [Anonymous Symbol]                       0x08000c36   Section        0  stm32f4xx_hal_hcd.o(.text.HAL_HCD_Stop)
    [Anonymous Symbol]                       0x08000c5c   Section        0  stm32f4xx_hal.o(.text.HAL_IncTick)
    [Anonymous Symbol]                       0x08000c68   Section        0  stm32f4xx_hal.o(.text.HAL_Init)
    __arm_cp.0_0                             0x08000c98   Number         4  stm32f4xx_hal.o(.text.HAL_Init)
    [Anonymous Symbol]                       0x08000c9c   Section        0  stm32f4xx_hal.o(.text.HAL_InitTick)
    __arm_cp.1_0                             0x08000cd4   Number         4  stm32f4xx_hal.o(.text.HAL_InitTick)
    [Anonymous Symbol]                       0x08000cd8   Section        0  stm32f4xx_hal_msp.o(.text.HAL_MspInit)
    __arm_cp.0_0                             0x08000d10   Number         4  stm32f4xx_hal_msp.o(.text.HAL_MspInit)
    [Anonymous Symbol]                       0x08000d14   Section        0  stm32f4xx_hal_cortex.o(.text.HAL_NVIC_SetPriority)
    __arm_cp.1_0                             0x08000d6c   Number         4  stm32f4xx_hal_cortex.o(.text.HAL_NVIC_SetPriority)
    [Anonymous Symbol]                       0x08000d70   Section        0  stm32f4xx_hal_cortex.o(.text.HAL_NVIC_SetPriorityGrouping)
    __arm_cp.0_0                             0x08000d88   Number         4  stm32f4xx_hal_cortex.o(.text.HAL_NVIC_SetPriorityGrouping)
    __arm_cp.0_1                             0x08000d8c   Number         4  stm32f4xx_hal_cortex.o(.text.HAL_NVIC_SetPriorityGrouping)
    [Anonymous Symbol]                       0x08000d90   Section        0  stm32f4xx_hal_rcc_ex.o(.text.HAL_RCCEx_PeriphCLKConfig)
    __arm_cp.0_0                             0x08000eb8   Number         4  stm32f4xx_hal_rcc_ex.o(.text.HAL_RCCEx_PeriphCLKConfig)
    __arm_cp.0_1                             0x08000ebc   Number         4  stm32f4xx_hal_rcc_ex.o(.text.HAL_RCCEx_PeriphCLKConfig)
    __arm_cp.0_3                             0x08000ec0   Number         4  stm32f4xx_hal_rcc_ex.o(.text.HAL_RCCEx_PeriphCLKConfig)
    __arm_cp.0_4                             0x08000ec4   Number         4  stm32f4xx_hal_rcc_ex.o(.text.HAL_RCCEx_PeriphCLKConfig)
    [Anonymous Symbol]                       0x08000ec8   Section        0  stm32f4xx_hal_rcc.o(.text.HAL_RCC_ClockConfig)
    __arm_cp.2_0                             0x08000fec   Number         4  stm32f4xx_hal_rcc.o(.text.HAL_RCC_ClockConfig)
    __arm_cp.2_1                             0x08000ff0   Number         4  stm32f4xx_hal_rcc.o(.text.HAL_RCC_ClockConfig)
    [Anonymous Symbol]                       0x08000ff4   Section        0  stm32f4xx_hal_rcc.o(.text.HAL_RCC_GetPCLK1Freq)
    [Anonymous Symbol]                       0x08001008   Section        0  stm32f4xx_hal_rcc.o(.text.HAL_RCC_GetPCLK2Freq)
    __arm_cp.9_0                             0x0800101c   Number         4  stm32f4xx_hal_rcc.o(.text.HAL_RCC_GetPCLK2Freq)
    __arm_cp.9_1                             0x08001020   Number         4  stm32f4xx_hal_rcc.o(.text.HAL_RCC_GetPCLK2Freq)
    __arm_cp.9_2                             0x08001024   Number         4  stm32f4xx_hal_rcc.o(.text.HAL_RCC_GetPCLK2Freq)
    [Anonymous Symbol]                       0x08001028   Section        0  stm32f4xx_hal_rcc.o(.text.HAL_RCC_GetSysClockFreq)
    __arm_cp.3_1                             0x0800107c   Number         4  stm32f4xx_hal_rcc.o(.text.HAL_RCC_GetSysClockFreq)
    __arm_cp.3_2                             0x08001080   Number         4  stm32f4xx_hal_rcc.o(.text.HAL_RCC_GetSysClockFreq)
    [Anonymous Symbol]                       0x08001084   Section        0  stm32f4xx_hal_rcc.o(.text.HAL_RCC_OscConfig)
    __arm_cp.1_0                             0x0800139c   Number         4  stm32f4xx_hal_rcc.o(.text.HAL_RCC_OscConfig)
    __arm_cp.1_1                             0x080013a0   Number         4  stm32f4xx_hal_rcc.o(.text.HAL_RCC_OscConfig)
    __arm_cp.1_2                             0x080013a4   Number         4  stm32f4xx_hal_rcc.o(.text.HAL_RCC_OscConfig)
    __arm_cp.1_3                             0x080013a8   Number         4  stm32f4xx_hal_rcc.o(.text.HAL_RCC_OscConfig)
    [Anonymous Symbol]                       0x080013ac   Section        0  stm32f4xx_hal_cortex.o(.text.HAL_SYSTICK_Config)
    __arm_cp.6_0                             0x080013cc   Number         4  stm32f4xx_hal_cortex.o(.text.HAL_SYSTICK_Config)
    __arm_cp.6_1                             0x080013d0   Number         4  stm32f4xx_hal_cortex.o(.text.HAL_SYSTICK_Config)
    [Anonymous Symbol]                       0x080013d4   Section        0  stm32f4xx_hal_uart.o(.text.HAL_UART_Init)
    [Anonymous Symbol]                       0x08001430   Section        0  stm32f4xx_hal_msp.o(.text.HAL_UART_MspInit)
    __arm_cp.7_0                             0x08001494   Number         4  stm32f4xx_hal_msp.o(.text.HAL_UART_MspInit)
    __arm_cp.7_1                             0x08001498   Number         4  stm32f4xx_hal_msp.o(.text.HAL_UART_MspInit)
    [Anonymous Symbol]                       0x0800149c   Section        0  stm32f4xx_hal_uart.o(.text.HAL_UART_Transmit)
    [Anonymous Symbol]                       0x08001544   Section        0  stm32f4xx_it.o(.text.HardFault_Handler)
    [Anonymous Symbol]                       0x08001546   Section        0  stm32f4xx_it.o(.text.MemManage_Handler)
    [Anonymous Symbol]                       0x08001548   Section        0  stm32f4xx_it.o(.text.NMI_Handler)
    [Anonymous Symbol]                       0x0800154c   Section        0  stm32f4xx_it.o(.text.OTG_FS_IRQHandler)
    __arm_cp.9_0                             0x08001554   Number         4  stm32f4xx_it.o(.text.OTG_FS_IRQHandler)
    [Anonymous Symbol]                       0x08001558   Section        0  stm32f4xx_it.o(.text.PendSV_Handler)
    [Anonymous Symbol]                       0x0800155a   Section        0  stm32f4xx_it.o(.text.SVC_Handler)
    [Anonymous Symbol]                       0x0800155c   Section        0  stm32f4xx_it.o(.text.SysTick_Handler)
    [Anonymous Symbol]                       0x08001560   Section        0  main.o(.text.SystemClock_Config)
    __arm_cp.1_0                             0x080015f4   Number         4  main.o(.text.SystemClock_Config)
    __arm_cp.1_1                             0x080015f8   Number         4  main.o(.text.SystemClock_Config)
    [Anonymous Symbol]                       0x080015fc   Section        0  system_stm32f4xx.o(.text.SystemInit)
    __arm_cp.0_0                             0x08001638   Number         4  system_stm32f4xx.o(.text.SystemInit)
    __arm_cp.0_1                             0x0800163c   Number         4  system_stm32f4xx.o(.text.SystemInit)
    __arm_cp.0_2                             0x08001640   Number         4  system_stm32f4xx.o(.text.SystemInit)
    __arm_cp.0_3                             0x08001644   Number         4  system_stm32f4xx.o(.text.SystemInit)
    [Anonymous Symbol]                       0x08001648   Section        0  stm32f4xx_hal_uart.o(.text.UART_SetConfig)
    UART_SetConfig                           0x08001649   Thumb Code   380  stm32f4xx_hal_uart.o(.text.UART_SetConfig)
    __arm_cp.2_0                             0x080017b8   Number         4  stm32f4xx_hal_uart.o(.text.UART_SetConfig)
    __arm_cp.2_1                             0x080017bc   Number         4  stm32f4xx_hal_uart.o(.text.UART_SetConfig)
    __arm_cp.2_2                             0x080017c0   Number         4  stm32f4xx_hal_uart.o(.text.UART_SetConfig)
    [Anonymous Symbol]                       0x080017c4   Section        0  stm32f4xx_hal_uart.o(.text.UART_WaitOnFlagUntilTimeout)
    UART_WaitOnFlagUntilTimeout              0x080017c5   Thumb Code    88  stm32f4xx_hal_uart.o(.text.UART_WaitOnFlagUntilTimeout)
    [Anonymous Symbol]                       0x0800181c   Section        0  usbh_pipes.o(.text.USBH_FreePipe)
    [Anonymous Symbol]                       0x08001834   Section        0  usbh_core.o(.text.USBH_LL_Connect)
    [Anonymous Symbol]                       0x0800185e   Section        0  usbh_core.o(.text.USBH_LL_Disconnect)
    [Anonymous Symbol]                       0x08001896   Section        0  usbh_core.o(.text.USBH_LL_IncTimer)
    [Anonymous Symbol]                       0x080018bc   Section        0  usbh_conf.o(.text.USBH_LL_Start)
    [Anonymous Symbol]                       0x080018dc   Section        0  usbh_conf.o(.text.USBH_LL_Stop)
    __arm_cp.9_0                             0x080018fc   Number         4  usbh_conf.o(.text.USBH_LL_Stop)
    [Anonymous Symbol]                       0x08001900   Section        0  stm32f4xx_ll_usb.o(.text.USB_DriveVbus)
    [Anonymous Symbol]                       0x08001942   Section        0  stm32f4xx_ll_usb.o(.text.USB_EnableGlobalInt)
    [Anonymous Symbol]                       0x08001950   Section        0  stm32f4xx_ll_usb.o(.text.USB_FlushRxFifo)
    [Anonymous Symbol]                       0x08001974   Section        0  stm32f4xx_ll_usb.o(.text.USB_FlushTxFifo)
    __arm_cp.7_0                             0x0800199c   Number         4  stm32f4xx_ll_usb.o(.text.USB_FlushTxFifo)
    [Anonymous Symbol]                       0x080019a0   Section        0  stm32f4xx_ll_usb.o(.text.USB_GetMode)
    [Anonymous Symbol]                       0x080019a8   Section        0  stm32f4xx_ll_usb.o(.text.USB_HC_Halt)
    [Anonymous Symbol]                       0x08001a40   Section        0  stm32f4xx_ll_usb.o(.text.USB_HC_ReadInterrupt)
    [Anonymous Symbol]                       0x08001a48   Section        0  stm32f4xx_ll_usb.o(.text.USB_InitFSLSPClkSel)
    [Anonymous Symbol]                       0x08001a7e   Section        0  stm32f4xx_ll_usb.o(.text.USB_ReadInterrupts)
    [Anonymous Symbol]                       0x08001a88   Section        0  stm32f4xx_ll_usb.o(.text.USB_ReadPacket)
    __arm_cp.17_0                            0x08001ab0   Number         4  stm32f4xx_ll_usb.o(.text.USB_ReadPacket)
    [Anonymous Symbol]                       0x08001ab4   Section        0  stm32f4xx_ll_usb.o(.text.USB_StopHost)
    __arm_cp.44_0                            0x08001b28   Number         4  stm32f4xx_ll_usb.o(.text.USB_StopHost)
    [Anonymous Symbol]                       0x08001b2c   Section        0  stm32f4xx_it.o(.text.UsageFault_Handler)
    [Anonymous Symbol]                       0x08001b30   Section        0  main.o(.text.main)
    __arm_cp.0_0                             0x08001e18   Number         4  main.o(.text.main)
    __arm_cp.0_1                             0x08001e1c   Number         4  main.o(.text.main)
    __arm_cp.0_2                             0x08001e20   Number         4  main.o(.text.main)
    __arm_cp.0_3                             0x08001e24   Number         4  main.o(.text.main)
    __arm_cp.0_4                             0x08001e28   Number         4  main.o(.text.main)
    __arm_cp.0_5                             0x08001e2c   Number         4  main.o(.text.main)
    __arm_cp.0_8                             0x08001e4c   Number         4  main.o(.text.main)
    __arm_cp.0_9                             0x08001e50   Number         4  main.o(.text.main)
    __arm_cp.0_10                            0x08001e54   Number         4  main.o(.text.main)
    __arm_cp.0_11                            0x08001e58   Number         4  main.o(.text.main)
    __arm_cp.0_12                            0x08001e5c   Number         4  main.o(.text.main)
    __arm_cp.0_13                            0x08001e60   Number         4  main.o(.text.main)
    __arm_cp.0_14                            0x08001e64   Number         4  main.o(.text.main)
    __arm_cp.0_15                            0x08001e68   Number         4  main.o(.text.main)
    __arm_cp.0_16                            0x08001e6c   Number         4  main.o(.text.main)
    [Anonymous Symbol]                       0x08001e78   Section        0  tstring.o(.text.t_strcatw)
    [Anonymous Symbol]                       0x08001e9a   Section        0  tstring.o(.text.t_strchrw)
    [Anonymous Symbol]                       0x08001eb2   Section        0  tstring.o(.text.t_strcmpw)
    [Anonymous Symbol]                       0x08001ecc   Section        0  tstring.o(.text.t_strcpyw)
    [Anonymous Symbol]                       0x08001edc   Section        0  tstring.o(.text.t_strlenf)
    [Anonymous Symbol]                       0x08001eea   Section        0  tstring.o(.text.t_strlenw)
    [Anonymous Symbol]                       0x08001efa   Section        0  tstring.o(.text.t_strlwr)
    [Anonymous Symbol]                       0x08001f16   Section        0  tstring.o(.text.t_strupr)
    i.__0sprintf$3                           0x08001f34   Section        0  printf3.o(i.__0sprintf$3)
    i.__scatterload_copy                     0x08001f5c   Section       14  handlers.o(i.__scatterload_copy)
    i.__scatterload_null                     0x08001f6a   Section        2  handlers.o(i.__scatterload_null)
    i.__scatterload_zeroinit                 0x08001f6c   Section       14  handlers.o(i.__scatterload_zeroinit)
    i._printf_core                           0x08001f7c   Section        0  printf3.o(i._printf_core)
    _printf_core                             0x08001f7d   Thumb Code   436  printf3.o(i._printf_core)
    i._sputc                                 0x08002134   Section        0  printf3.o(i._sputc)
    _sputc                                   0x08002135   Thumb Code    10  printf3.o(i._sputc)
    [Anonymous Symbol]                       0x08002156   Section        0  main.o(.rodata.str1.1)
    .L.str                                   0x08002156   Data           5  main.o(.rodata.str1.1)
    [Anonymous Symbol]                       0x20000000   Section        0  stm32f4xx_hal.o(.data..L_MergedGlobals)
    STACK                                    0x200002e8   Section     1024  startup_stm32f407xx.o(STACK)

    Global Symbols

    Symbol Name                              Value     Ov Type        Size  Object(Section)

    BuildAttributes$$THM_ISAv4$E$P$D$K$B$S$7EM$VFPi3$EXTD16$VFPS$VFMA$PE$A:L22UL41UL21$X:L11$S22US41US21$IEEE1$IW$~IW$USESV6$~STKCKD$USESV7$~SHL$OSPACE$ROPI$EBA8$MICROLIB$REQ8$PRES8$EABIv2 0x00000000   Number         0  anon$$obj.o ABSOLUTE
    _printf_a                                0x00000000   Number         0  stubs.o ABSOLUTE
    _printf_c                                0x00000000   Number         0  stubs.o ABSOLUTE
    _printf_charcount                        0x00000000   Number         0  stubs.o ABSOLUTE
    _printf_d                                0x00000000   Number         0  stubs.o ABSOLUTE
    _printf_e                                0x00000000   Number         0  stubs.o ABSOLUTE
    _printf_f                                0x00000000   Number         0  stubs.o ABSOLUTE
    _printf_flags                            0x00000000   Number         0  stubs.o ABSOLUTE
    _printf_fp_dec                           0x00000000   Number         0  stubs.o ABSOLUTE
    _printf_fp_hex                           0x00000000   Number         0  stubs.o ABSOLUTE
    _printf_g                                0x00000000   Number         0  stubs.o ABSOLUTE
    _printf_i                                0x00000000   Number         0  stubs.o ABSOLUTE
    _printf_int_dec                          0x00000000   Number         0  stubs.o ABSOLUTE
    _printf_l                                0x00000000   Number         0  stubs.o ABSOLUTE
    _printf_lc                               0x00000000   Number         0  stubs.o ABSOLUTE
    _printf_ll                               0x00000000   Number         0  stubs.o ABSOLUTE
    _printf_lld                              0x00000000   Number         0  stubs.o ABSOLUTE
    _printf_lli                              0x00000000   Number         0  stubs.o ABSOLUTE
    _printf_llo                              0x00000000   Number         0  stubs.o ABSOLUTE
    _printf_llu                              0x00000000   Number         0  stubs.o ABSOLUTE
    _printf_llx                              0x00000000   Number         0  stubs.o ABSOLUTE
    _printf_longlong_dec                     0x00000000   Number         0  stubs.o ABSOLUTE
    _printf_longlong_hex                     0x00000000   Number         0  stubs.o ABSOLUTE
    _printf_longlong_oct                     0x00000000   Number         0  stubs.o ABSOLUTE
    _printf_ls                               0x00000000   Number         0  stubs.o ABSOLUTE
    _printf_mbtowc                           0x00000000   Number         0  stubs.o ABSOLUTE
    _printf_n                                0x00000000   Number         0  stubs.o ABSOLUTE
    _printf_o                                0x00000000   Number         0  stubs.o ABSOLUTE
    _printf_p                                0x00000000   Number         0  stubs.o ABSOLUTE
    _printf_percent                          0x00000000   Number         0  stubs.o ABSOLUTE
    _printf_pre_padding                      0x00000000   Number         0  stubs.o ABSOLUTE
    _printf_return_value                     0x00000000   Number         0  stubs.o ABSOLUTE
    _printf_s                                0x00000000   Number         0  stubs.o ABSOLUTE
    _printf_sizespec                         0x00000000   Number         0  stubs.o ABSOLUTE
    _printf_str                              0x00000000   Number         0  stubs.o ABSOLUTE
    _printf_truncate_signed                  0x00000000   Number         0  stubs.o ABSOLUTE
    _printf_truncate_unsigned                0x00000000   Number         0  stubs.o ABSOLUTE
    _printf_u                                0x00000000   Number         0  stubs.o ABSOLUTE
    _printf_wc                               0x00000000   Number         0  stubs.o ABSOLUTE
    _printf_wctomb                           0x00000000   Number         0  stubs.o ABSOLUTE
    _printf_widthprec                        0x00000000   Number         0  stubs.o ABSOLUTE
    _printf_x                                0x00000000   Number         0  stubs.o ABSOLUTE
    __cpp_initialize__aeabi_                  - Undefined Weak Reference
    __cxa_finalize                            - Undefined Weak Reference
    __decompress                              - Undefined Weak Reference
    _clock_init                               - Undefined Weak Reference
    _microlib_exit                            - Undefined Weak Reference
    __Vectors_Size                           0x00000188   Number         0  startup_stm32f407xx.o ABSOLUTE
    __Vectors                                0x08000000   Data           4  startup_stm32f407xx.o(RESET)
    __Vectors_End                            0x08000188   Data           0  startup_stm32f407xx.o(RESET)
    __main                                   0x08000189   Thumb Code     0  entry.o(.ARM.Collect$$$$00000000)
    _main_stk                                0x08000189   Thumb Code     0  entry2.o(.ARM.Collect$$$$00000001)
    _main_scatterload                        0x0800018d   Thumb Code     0  entry5.o(.ARM.Collect$$$$00000004)
    __main_after_scatterload                 0x08000191   Thumb Code     0  entry5.o(.ARM.Collect$$$$00000004)
    _main_clock                              0x08000191   Thumb Code     0  entry7b.o(.ARM.Collect$$$$00000008)
    _main_cpp_init                           0x08000191   Thumb Code     0  entry8b.o(.ARM.Collect$$$$0000000A)
    _main_init                               0x08000191   Thumb Code     0  entry9a.o(.ARM.Collect$$$$0000000B)
    __rt_final_cpp                           0x08000199   Thumb Code     0  entry10a.o(.ARM.Collect$$$$0000000D)
    __rt_final_exit                          0x08000199   Thumb Code     0  entry11a.o(.ARM.Collect$$$$0000000F)
    Reset_Handler                            0x0800019d   Thumb Code     8  startup_stm32f407xx.o(.text)
    ADC_IRQHandler                           0x080001b7   Thumb Code     0  startup_stm32f407xx.o(.text)
    CAN1_RX0_IRQHandler                      0x080001b7   Thumb Code     0  startup_stm32f407xx.o(.text)
    CAN1_RX1_IRQHandler                      0x080001b7   Thumb Code     0  startup_stm32f407xx.o(.text)
    CAN1_SCE_IRQHandler                      0x080001b7   Thumb Code     0  startup_stm32f407xx.o(.text)
    CAN1_TX_IRQHandler                       0x080001b7   Thumb Code     0  startup_stm32f407xx.o(.text)
    CAN2_RX0_IRQHandler                      0x080001b7   Thumb Code     0  startup_stm32f407xx.o(.text)
    CAN2_RX1_IRQHandler                      0x080001b7   Thumb Code     0  startup_stm32f407xx.o(.text)
    CAN2_SCE_IRQHandler                      0x080001b7   Thumb Code     0  startup_stm32f407xx.o(.text)
    CAN2_TX_IRQHandler                       0x080001b7   Thumb Code     0  startup_stm32f407xx.o(.text)
    DCMI_IRQHandler                          0x080001b7   Thumb Code     0  startup_stm32f407xx.o(.text)
    DMA1_Stream0_IRQHandler                  0x080001b7   Thumb Code     0  startup_stm32f407xx.o(.text)
    DMA1_Stream1_IRQHandler                  0x080001b7   Thumb Code     0  startup_stm32f407xx.o(.text)
    DMA1_Stream2_IRQHandler                  0x080001b7   Thumb Code     0  startup_stm32f407xx.o(.text)
    DMA1_Stream3_IRQHandler                  0x080001b7   Thumb Code     0  startup_stm32f407xx.o(.text)
    DMA1_Stream4_IRQHandler                  0x080001b7   Thumb Code     0  startup_stm32f407xx.o(.text)
    DMA1_Stream5_IRQHandler                  0x080001b7   Thumb Code     0  startup_stm32f407xx.o(.text)
    DMA1_Stream6_IRQHandler                  0x080001b7   Thumb Code     0  startup_stm32f407xx.o(.text)
    DMA1_Stream7_IRQHandler                  0x080001b7   Thumb Code     0  startup_stm32f407xx.o(.text)
    DMA2_Stream0_IRQHandler                  0x080001b7   Thumb Code     0  startup_stm32f407xx.o(.text)
    DMA2_Stream1_IRQHandler                  0x080001b7   Thumb Code     0  startup_stm32f407xx.o(.text)
    DMA2_Stream2_IRQHandler                  0x080001b7   Thumb Code     0  startup_stm32f407xx.o(.text)
    DMA2_Stream3_IRQHandler                  0x080001b7   Thumb Code     0  startup_stm32f407xx.o(.text)
    DMA2_Stream4_IRQHandler                  0x080001b7   Thumb Code     0  startup_stm32f407xx.o(.text)
    DMA2_Stream5_IRQHandler                  0x080001b7   Thumb Code     0  startup_stm32f407xx.o(.text)
    DMA2_Stream6_IRQHandler                  0x080001b7   Thumb Code     0  startup_stm32f407xx.o(.text)
    DMA2_Stream7_IRQHandler                  0x080001b7   Thumb Code     0  startup_stm32f407xx.o(.text)
    ETH_IRQHandler                           0x080001b7   Thumb Code     0  startup_stm32f407xx.o(.text)
    ETH_WKUP_IRQHandler                      0x080001b7   Thumb Code     0  startup_stm32f407xx.o(.text)
    EXTI0_IRQHandler                         0x080001b7   Thumb Code     0  startup_stm32f407xx.o(.text)
    EXTI15_10_IRQHandler                     0x080001b7   Thumb Code     0  startup_stm32f407xx.o(.text)
    EXTI1_IRQHandler                         0x080001b7   Thumb Code     0  startup_stm32f407xx.o(.text)
    EXTI2_IRQHandler                         0x080001b7   Thumb Code     0  startup_stm32f407xx.o(.text)
    EXTI3_IRQHandler                         0x080001b7   Thumb Code     0  startup_stm32f407xx.o(.text)
    EXTI4_IRQHandler                         0x080001b7   Thumb Code     0  startup_stm32f407xx.o(.text)
    EXTI9_5_IRQHandler                       0x080001b7   Thumb Code     0  startup_stm32f407xx.o(.text)
    FLASH_IRQHandler                         0x080001b7   Thumb Code     0  startup_stm32f407xx.o(.text)
    FMC_IRQHandler                           0x080001b7   Thumb Code     0  startup_stm32f407xx.o(.text)
    FPU_IRQHandler                           0x080001b7   Thumb Code     0  startup_stm32f407xx.o(.text)
    HASH_RNG_IRQHandler                      0x080001b7   Thumb Code     0  startup_stm32f407xx.o(.text)
    I2C1_ER_IRQHandler                       0x080001b7   Thumb Code     0  startup_stm32f407xx.o(.text)
    I2C1_EV_IRQHandler                       0x080001b7   Thumb Code     0  startup_stm32f407xx.o(.text)
    I2C2_ER_IRQHandler                       0x080001b7   Thumb Code     0  startup_stm32f407xx.o(.text)
    I2C2_EV_IRQHandler                       0x080001b7   Thumb Code     0  startup_stm32f407xx.o(.text)
    I2C3_ER_IRQHandler                       0x080001b7   Thumb Code     0  startup_stm32f407xx.o(.text)
    I2C3_EV_IRQHandler                       0x080001b7   Thumb Code     0  startup_stm32f407xx.o(.text)
    OTG_FS_WKUP_IRQHandler                   0x080001b7   Thumb Code     0  startup_stm32f407xx.o(.text)
    OTG_HS_EP1_IN_IRQHandler                 0x080001b7   Thumb Code     0  startup_stm32f407xx.o(.text)
    OTG_HS_EP1_OUT_IRQHandler                0x080001b7   Thumb Code     0  startup_stm32f407xx.o(.text)
    OTG_HS_IRQHandler                        0x080001b7   Thumb Code     0  startup_stm32f407xx.o(.text)
    OTG_HS_WKUP_IRQHandler                   0x080001b7   Thumb Code     0  startup_stm32f407xx.o(.text)
    PVD_IRQHandler                           0x080001b7   Thumb Code     0  startup_stm32f407xx.o(.text)
    RCC_IRQHandler                           0x080001b7   Thumb Code     0  startup_stm32f407xx.o(.text)
    RTC_Alarm_IRQHandler                     0x080001b7   Thumb Code     0  startup_stm32f407xx.o(.text)
    RTC_WKUP_IRQHandler                      0x080001b7   Thumb Code     0  startup_stm32f407xx.o(.text)
    SDIO_IRQHandler                          0x080001b7   Thumb Code     0  startup_stm32f407xx.o(.text)
    SPI1_IRQHandler                          0x080001b7   Thumb Code     0  startup_stm32f407xx.o(.text)
    SPI2_IRQHandler                          0x080001b7   Thumb Code     0  startup_stm32f407xx.o(.text)
    SPI3_IRQHandler                          0x080001b7   Thumb Code     0  startup_stm32f407xx.o(.text)
    TAMP_STAMP_IRQHandler                    0x080001b7   Thumb Code     0  startup_stm32f407xx.o(.text)
    TIM1_BRK_TIM9_IRQHandler                 0x080001b7   Thumb Code     0  startup_stm32f407xx.o(.text)
    TIM1_CC_IRQHandler                       0x080001b7   Thumb Code     0  startup_stm32f407xx.o(.text)
    TIM1_TRG_COM_TIM11_IRQHandler            0x080001b7   Thumb Code     0  startup_stm32f407xx.o(.text)
    TIM1_UP_TIM10_IRQHandler                 0x080001b7   Thumb Code     0  startup_stm32f407xx.o(.text)
    TIM2_IRQHandler                          0x080001b7   Thumb Code     0  startup_stm32f407xx.o(.text)
    TIM3_IRQHandler                          0x080001b7   Thumb Code     0  startup_stm32f407xx.o(.text)
    TIM4_IRQHandler                          0x080001b7   Thumb Code     0  startup_stm32f407xx.o(.text)
    TIM5_IRQHandler                          0x080001b7   Thumb Code     0  startup_stm32f407xx.o(.text)
    TIM6_DAC_IRQHandler                      0x080001b7   Thumb Code     0  startup_stm32f407xx.o(.text)
    TIM7_IRQHandler                          0x080001b7   Thumb Code     0  startup_stm32f407xx.o(.text)
    TIM8_BRK_TIM12_IRQHandler                0x080001b7   Thumb Code     0  startup_stm32f407xx.o(.text)
    TIM8_CC_IRQHandler                       0x080001b7   Thumb Code     0  startup_stm32f407xx.o(.text)
    TIM8_TRG_COM_TIM14_IRQHandler            0x080001b7   Thumb Code     0  startup_stm32f407xx.o(.text)
    TIM8_UP_TIM13_IRQHandler                 0x080001b7   Thumb Code     0  startup_stm32f407xx.o(.text)
    UART4_IRQHandler                         0x080001b7   Thumb Code     0  startup_stm32f407xx.o(.text)
    UART5_IRQHandler                         0x080001b7   Thumb Code     0  startup_stm32f407xx.o(.text)
    USART1_IRQHandler                        0x080001b7   Thumb Code     0  startup_stm32f407xx.o(.text)
    USART2_IRQHandler                        0x080001b7   Thumb Code     0  startup_stm32f407xx.o(.text)
    USART3_IRQHandler                        0x080001b7   Thumb Code     0  startup_stm32f407xx.o(.text)
    USART6_IRQHandler                        0x080001b7   Thumb Code     0  startup_stm32f407xx.o(.text)
    WWDG_IRQHandler                          0x080001b7   Thumb Code     0  startup_stm32f407xx.o(.text)
    __aeabi_uldivmod                         0x080001c1   Thumb Code    98  uldiv.o(.text)
    __aeabi_memset                           0x08000223   Thumb Code    14  memseta.o(.text)
    __aeabi_memset4                          0x08000223   Thumb Code     0  memseta.o(.text)
    __aeabi_memset8                          0x08000223   Thumb Code     0  memseta.o(.text)
    __aeabi_memclr                           0x08000231   Thumb Code     4  memseta.o(.text)
    __aeabi_memclr4                          0x08000231   Thumb Code     0  memseta.o(.text)
    __aeabi_memclr8                          0x08000231   Thumb Code     0  memseta.o(.text)
    _memset$wrapper                          0x08000235   Thumb Code    18  memseta.o(.text)
    strlen                                   0x08000247   Thumb Code    14  strlen.o(.text)
    __aeabi_uidiv                            0x08000255   Thumb Code     0  uidiv.o(.text)
    __aeabi_uidivmod                         0x08000255   Thumb Code    44  uidiv.o(.text)
    __aeabi_llsl                             0x08000281   Thumb Code    30  llshl.o(.text)
    _ll_shift_l                              0x08000281   Thumb Code     0  llshl.o(.text)
    __aeabi_llsr                             0x0800029f   Thumb Code    32  llushr.o(.text)
    _ll_ushift_r                             0x0800029f   Thumb Code     0  llushr.o(.text)
    __scatterload                            0x080002c1   Thumb Code    28  init.o(.text)
    __scatterload_rt2                        0x080002c1   Thumb Code     0  init.o(.text)
    BusFault_Handler                         0x080002e5   Thumb Code     2  stm32f4xx_it.o(.text.BusFault_Handler)
    DebugMon_Handler                         0x080002e7   Thumb Code     2  stm32f4xx_it.o(.text.DebugMon_Handler)
    HAL_Delay                                0x080002e9   Thumb Code    36  stm32f4xx_hal.o(.text.HAL_Delay)
    HAL_GPIO_Init                            0x08000309   Thumb Code   408  stm32f4xx_hal_gpio.o(.text.HAL_GPIO_Init)
    HAL_GPIO_WritePin                        0x080004a1   Thumb Code    10  stm32f4xx_hal_gpio.o(.text.HAL_GPIO_WritePin)
    HAL_GetTick                              0x080004ad   Thumb Code    12  stm32f4xx_hal.o(.text.HAL_GetTick)
    HAL_HCD_Connect_Callback                 0x080004b9   Thumb Code     8  usbh_conf.o(.text.HAL_HCD_Connect_Callback)
    HAL_HCD_Disconnect_Callback              0x080004c1   Thumb Code     8  usbh_conf.o(.text.HAL_HCD_Disconnect_Callback)
    HAL_HCD_HC_NotifyURBChange_Callback      0x080004c9   Thumb Code     2  usbh_conf.o(.text.HAL_HCD_HC_NotifyURBChange_Callback)
    HAL_HCD_IRQHandler                       0x080004cd   Thumb Code  1844  stm32f4xx_hal_hcd.o(.text.HAL_HCD_IRQHandler)
    HAL_HCD_SOF_Callback                     0x08000c01   Thumb Code     8  usbh_conf.o(.text.HAL_HCD_SOF_Callback)
    HAL_HCD_Start                            0x08000c09   Thumb Code    46  stm32f4xx_hal_hcd.o(.text.HAL_HCD_Start)
    HAL_HCD_Stop                             0x08000c37   Thumb Code    38  stm32f4xx_hal_hcd.o(.text.HAL_HCD_Stop)
    HAL_IncTick                              0x08000c5d   Thumb Code    16  stm32f4xx_hal.o(.text.HAL_IncTick)
    HAL_Init                                 0x08000c69   Thumb Code    52  stm32f4xx_hal.o(.text.HAL_Init)
    HAL_InitTick                             0x08000c9d   Thumb Code    64  stm32f4xx_hal.o(.text.HAL_InitTick)
    HAL_MspInit                              0x08000cd9   Thumb Code    60  stm32f4xx_hal_msp.o(.text.HAL_MspInit)
    HAL_NVIC_SetPriority                     0x08000d15   Thumb Code    96  stm32f4xx_hal_cortex.o(.text.HAL_NVIC_SetPriority)
    HAL_NVIC_SetPriorityGrouping             0x08000d71   Thumb Code    32  stm32f4xx_hal_cortex.o(.text.HAL_NVIC_SetPriorityGrouping)
    HAL_RCCEx_PeriphCLKConfig                0x08000d91   Thumb Code   316  stm32f4xx_hal_rcc_ex.o(.text.HAL_RCCEx_PeriphCLKConfig)
    HAL_RCC_ClockConfig                      0x08000ec9   Thumb Code   304  stm32f4xx_hal_rcc.o(.text.HAL_RCC_ClockConfig)
    HAL_RCC_GetPCLK1Freq                     0x08000ff5   Thumb Code    32  stm32f4xx_hal_rcc.o(.text.HAL_RCC_GetPCLK1Freq)
    HAL_RCC_GetPCLK2Freq                     0x08001009   Thumb Code    32  stm32f4xx_hal_rcc.o(.text.HAL_RCC_GetPCLK2Freq)
    HAL_RCC_GetSysClockFreq                  0x08001029   Thumb Code    96  stm32f4xx_hal_rcc.o(.text.HAL_RCC_GetSysClockFreq)
    HAL_RCC_OscConfig                        0x08001085   Thumb Code   808  stm32f4xx_hal_rcc.o(.text.HAL_RCC_OscConfig)
    HAL_SYSTICK_Config                       0x080013ad   Thumb Code    40  stm32f4xx_hal_cortex.o(.text.HAL_SYSTICK_Config)
    HAL_UART_Init                            0x080013d5   Thumb Code    92  stm32f4xx_hal_uart.o(.text.HAL_UART_Init)
    HAL_UART_MspInit                         0x08001431   Thumb Code   108  stm32f4xx_hal_msp.o(.text.HAL_UART_MspInit)
    HAL_UART_Transmit                        0x0800149d   Thumb Code   168  stm32f4xx_hal_uart.o(.text.HAL_UART_Transmit)
    HardFault_Handler                        0x08001545   Thumb Code     2  stm32f4xx_it.o(.text.HardFault_Handler)
    MemManage_Handler                        0x08001547   Thumb Code     2  stm32f4xx_it.o(.text.MemManage_Handler)
    NMI_Handler                              0x08001549   Thumb Code     2  stm32f4xx_it.o(.text.NMI_Handler)
    OTG_FS_IRQHandler                        0x0800154d   Thumb Code    12  stm32f4xx_it.o(.text.OTG_FS_IRQHandler)
    PendSV_Handler                           0x08001559   Thumb Code     2  stm32f4xx_it.o(.text.PendSV_Handler)
    SVC_Handler                              0x0800155b   Thumb Code     2  stm32f4xx_it.o(.text.SVC_Handler)
    SysTick_Handler                          0x0800155d   Thumb Code     4  stm32f4xx_it.o(.text.SysTick_Handler)
    SystemClock_Config                       0x08001561   Thumb Code   156  main.o(.text.SystemClock_Config)
    SystemInit                               0x080015fd   Thumb Code    76  system_stm32f4xx.o(.text.SystemInit)
    USBH_FreePipe                            0x0800181d   Thumb Code    24  usbh_pipes.o(.text.USBH_FreePipe)
    USBH_LL_Connect                          0x08001835   Thumb Code    42  usbh_core.o(.text.USBH_LL_Connect)
    USBH_LL_Disconnect                       0x0800185f   Thumb Code    56  usbh_core.o(.text.USBH_LL_Disconnect)
    USBH_LL_IncTimer                         0x08001897   Thumb Code    38  usbh_core.o(.text.USBH_LL_IncTimer)
    USBH_LL_Start                            0x080018bd   Thumb Code    36  usbh_conf.o(.text.USBH_LL_Start)
    USBH_LL_Stop                             0x080018dd   Thumb Code    36  usbh_conf.o(.text.USBH_LL_Stop)
    USB_DriveVbus                            0x08001901   Thumb Code    66  stm32f4xx_ll_usb.o(.text.USB_DriveVbus)
    USB_EnableGlobalInt                      0x08001943   Thumb Code    12  stm32f4xx_ll_usb.o(.text.USB_EnableGlobalInt)
    USB_FlushRxFifo                          0x08001951   Thumb Code    40  stm32f4xx_ll_usb.o(.text.USB_FlushRxFifo)
    USB_FlushTxFifo                          0x08001975   Thumb Code    44  stm32f4xx_ll_usb.o(.text.USB_FlushTxFifo)
    USB_GetMode                              0x080019a1   Thumb Code     8  stm32f4xx_ll_usb.o(.text.USB_GetMode)
    USB_HC_Halt                              0x080019a9   Thumb Code   152  stm32f4xx_ll_usb.o(.text.USB_HC_Halt)
    USB_HC_ReadInterrupt                     0x08001a41   Thumb Code     8  stm32f4xx_ll_usb.o(.text.USB_HC_ReadInterrupt)
    USB_InitFSLSPClkSel                      0x08001a49   Thumb Code    54  stm32f4xx_ll_usb.o(.text.USB_InitFSLSPClkSel)
    USB_ReadInterrupts                       0x08001a7f   Thumb Code     8  stm32f4xx_ll_usb.o(.text.USB_ReadInterrupts)
    USB_ReadPacket                           0x08001a89   Thumb Code    44  stm32f4xx_ll_usb.o(.text.USB_ReadPacket)
    USB_StopHost                             0x08001ab5   Thumb Code   120  stm32f4xx_ll_usb.o(.text.USB_StopHost)
    UsageFault_Handler                       0x08001b2d   Thumb Code     2  stm32f4xx_it.o(.text.UsageFault_Handler)
    main                                     0x08001b31   Thumb Code   840  main.o(.text.main)
    t_strcatw                                0x08001e79   Thumb Code    34  tstring.o(.text.t_strcatw)
    t_strchrw                                0x08001e9b   Thumb Code    24  tstring.o(.text.t_strchrw)
    t_strcmpw                                0x08001eb3   Thumb Code    26  tstring.o(.text.t_strcmpw)
    t_strcpyw                                0x08001ecd   Thumb Code    16  tstring.o(.text.t_strcpyw)
    t_strlenf                                0x08001edd   Thumb Code    14  tstring.o(.text.t_strlenf)
    t_strlenw                                0x08001eeb   Thumb Code    16  tstring.o(.text.t_strlenw)
    t_strlwr                                 0x08001efb   Thumb Code    28  tstring.o(.text.t_strlwr)
    t_strupr                                 0x08001f17   Thumb Code    28  tstring.o(.text.t_strupr)
    __0sprintf$3                             0x08001f35   Thumb Code    34  printf3.o(i.__0sprintf$3)
    __1sprintf$3                             0x08001f35   Thumb Code     0  printf3.o(i.__0sprintf$3)
    __2sprintf                               0x08001f35   Thumb Code     0  printf3.o(i.__0sprintf$3)
    __scatterload_copy                       0x08001f5d   Thumb Code    14  handlers.o(i.__scatterload_copy)
    __scatterload_null                       0x08001f6b   Thumb Code     2  handlers.o(i.__scatterload_null)
    __scatterload_zeroinit                   0x08001f6d   Thumb Code    14  handlers.o(i.__scatterload_zeroinit)
    AHBPrescTable                            0x0800213e   Data          16  system_stm32f4xx.o(.rodata.AHBPrescTable)
    APBPrescTable                            0x0800214e   Data           8  system_stm32f4xx.o(.rodata.APBPrescTable)
    Region$$Table$$Base                      0x0800215c   Number         0  anon$$obj.o(Region$$Table)
    Region$$Table$$Limit                     0x0800217c   Number         0  anon$$obj.o(Region$$Table)
    uwTickFreq                               0x20000000   Data           1  stm32f4xx_hal.o(.data..L_MergedGlobals)
    uwTickPrio                               0x20000004   Data           4  stm32f4xx_hal.o(.data..L_MergedGlobals)
    uwTick                                   0x20000008   Data           4  stm32f4xx_hal.o(.data..L_MergedGlobals)
    SystemCoreClock                          0x2000000c   Data           4  system_stm32f4xx.o(.data.SystemCoreClock)
    hhcd_USB_OTG_FS                          0x20000010   Data         664  usbh_conf.o(.bss.hhcd_USB_OTG_FS)
    huart2                                   0x200002a8   Data          64  main.o(.bss.huart2)
    __initial_sp                             0x200006e8   Data           0  startup_stm32f407xx.o(STACK)



==============================================================================

Memory Map of the image

  Image Entry point : 0x08000189

  Load Region LR_IROM1 (Base: 0x08000000, Size: 0x00002190, Max: 0x00100000, ABSOLUTE)

    Execution Region ER_IROM1 (Exec base: 0x08000000, Load base: 0x08000000, Size: 0x0000217c, Max: 0x00100000, ABSOLUTE)

    Exec Addr    Load Addr    Size         Type   Attr      Idx    E Section Name        Object

    0x08000000   0x08000000   0x00000188   Data   RO            3    RESET               startup_stm32f407xx.o
    0x08000188   0x08000188   0x00000000   Code   RO         1417  * .ARM.Collect$$$$00000000  mc_w.l(entry.o)
    0x08000188   0x08000188   0x00000004   Code   RO         1715    .ARM.Collect$$$$00000001  mc_w.l(entry2.o)
    0x0800018c   0x0800018c   0x00000004   Code   RO         1718    .ARM.Collect$$$$00000004  mc_w.l(entry5.o)
    0x08000190   0x08000190   0x00000000   Code   RO         1720    .ARM.Collect$$$$00000008  mc_w.l(entry7b.o)
    0x08000190   0x08000190   0x00000000   Code   RO         1722    .ARM.Collect$$$$0000000A  mc_w.l(entry8b.o)
    0x08000190   0x08000190   0x00000008   Code   RO         1723    .ARM.Collect$$$$0000000B  mc_w.l(entry9a.o)
    0x08000198   0x08000198   0x00000000   Code   RO         1725    .ARM.Collect$$$$0000000D  mc_w.l(entry10a.o)
    0x08000198   0x08000198   0x00000000   Code   RO         1727    .ARM.Collect$$$$0000000F  mc_w.l(entry11a.o)
    0x08000198   0x08000198   0x00000004   Code   RO         1716    .ARM.Collect$$$$00002712  mc_w.l(entry2.o)
    0x0800019c   0x0800019c   0x00000024   Code   RO            4    .text               startup_stm32f407xx.o
    0x080001c0   0x080001c0   0x00000062   Code   RO         1420    .text               mc_w.l(uldiv.o)
    0x08000222   0x08000222   0x00000024   Code   RO         1422    .text               mc_w.l(memseta.o)
    0x08000246   0x08000246   0x0000000e   Code   RO         1424    .text               mc_w.l(strlen.o)
    0x08000254   0x08000254   0x0000002c   Code   RO         1734    .text               mc_w.l(uidiv.o)
    0x08000280   0x08000280   0x0000001e   Code   RO         1736    .text               mc_w.l(llshl.o)
    0x0800029e   0x0800029e   0x00000020   Code   RO         1738    .text               mc_w.l(llushr.o)
    0x080002be   0x080002be   0x00000002   PAD
    0x080002c0   0x080002c0   0x00000024   Code   RO         1757    .text               mc_w.l(init.o)
    0x080002e4   0x080002e4   0x00000002   Code   RO          126    .text.BusFault_Handler  stm32f4xx_it.o
    0x080002e6   0x080002e6   0x00000002   Code   RO          132    .text.DebugMon_Handler  stm32f4xx_it.o
    0x080002e8   0x080002e8   0x00000020   Code   RO         1193    .text.HAL_Delay     stm32f4xx_hal.o
    0x08000308   0x08000308   0x00000198   Code   RO          973    .text.HAL_GPIO_Init  stm32f4xx_hal_gpio.o
    0x080004a0   0x080004a0   0x0000000a   Code   RO          979    .text.HAL_GPIO_WritePin  stm32f4xx_hal_gpio.o
    0x080004aa   0x080004aa   0x00000002   PAD
    0x080004ac   0x080004ac   0x0000000c   Code   RO         1185    .text.HAL_GetTick   stm32f4xx_hal.o
    0x080004b8   0x080004b8   0x00000008   Code   RO           59    .text.HAL_HCD_Connect_Callback  usbh_conf.o
    0x080004c0   0x080004c0   0x00000008   Code   RO           61    .text.HAL_HCD_Disconnect_Callback  usbh_conf.o
    0x080004c8   0x080004c8   0x00000002   Code   RO           63    .text.HAL_HCD_HC_NotifyURBChange_Callback  usbh_conf.o
    0x080004ca   0x080004ca   0x00000002   PAD
    0x080004cc   0x080004cc   0x00000734   Code   RO          234    .text.HAL_HCD_IRQHandler  stm32f4xx_hal_hcd.o
    0x08000c00   0x08000c00   0x00000008   Code   RO           57    .text.HAL_HCD_SOF_Callback  usbh_conf.o
    0x08000c08   0x08000c08   0x0000002e   Code   RO          244    .text.HAL_HCD_Start  stm32f4xx_hal_hcd.o
    0x08000c36   0x08000c36   0x00000026   Code   RO          246    .text.HAL_HCD_Stop  stm32f4xx_hal_hcd.o
    0x08000c5c   0x08000c5c   0x0000000c   Code   RO         1183    .text.HAL_IncTick   stm32f4xx_hal.o
    0x08000c68   0x08000c68   0x00000034   Code   RO         1173    .text.HAL_Init      stm32f4xx_hal.o
    0x08000c9c   0x08000c9c   0x0000003c   Code   RO         1175    .text.HAL_InitTick  stm32f4xx_hal.o
    0x08000cd8   0x08000cd8   0x0000003c   Code   RO          150    .text.HAL_MspInit   stm32f4xx_hal_msp.o
    0x08000d14   0x08000d14   0x0000005c   Code   RO         1126    .text.HAL_NVIC_SetPriority  stm32f4xx_hal_cortex.o
    0x08000d70   0x08000d70   0x00000020   Code   RO         1124    .text.HAL_NVIC_SetPriorityGrouping  stm32f4xx_hal_cortex.o
    0x08000d90   0x08000d90   0x00000138   Code   RO          878    .text.HAL_RCCEx_PeriphCLKConfig  stm32f4xx_hal_rcc_ex.o
    0x08000ec8   0x08000ec8   0x0000012c   Code   RO          843    .text.HAL_RCC_ClockConfig  stm32f4xx_hal_rcc.o
    0x08000ff4   0x08000ff4   0x00000014   Code   RO          855    .text.HAL_RCC_GetPCLK1Freq  stm32f4xx_hal_rcc.o
    0x08001008   0x08001008   0x00000020   Code   RO          857    .text.HAL_RCC_GetPCLK2Freq  stm32f4xx_hal_rcc.o
    0x08001028   0x08001028   0x0000005c   Code   RO          845    .text.HAL_RCC_GetSysClockFreq  stm32f4xx_hal_rcc.o
    0x08001084   0x08001084   0x00000328   Code   RO          841    .text.HAL_RCC_OscConfig  stm32f4xx_hal_rcc.o
    0x080013ac   0x080013ac   0x00000028   Code   RO         1136    .text.HAL_SYSTICK_Config  stm32f4xx_hal_cortex.o
    0x080013d4   0x080013d4   0x0000005c   Code   RO          724    .text.HAL_UART_Init  stm32f4xx_hal_uart.o
    0x08001430   0x08001430   0x0000006c   Code   RO          164    .text.HAL_UART_MspInit  stm32f4xx_hal_msp.o
    0x0800149c   0x0800149c   0x000000a8   Code   RO          740    .text.HAL_UART_Transmit  stm32f4xx_hal_uart.o
    0x08001544   0x08001544   0x00000002   Code   RO          122    .text.HardFault_Handler  stm32f4xx_it.o
    0x08001546   0x08001546   0x00000002   Code   RO          124    .text.MemManage_Handler  stm32f4xx_it.o
    0x08001548   0x08001548   0x00000002   Code   RO          120    .text.NMI_Handler   stm32f4xx_it.o
    0x0800154a   0x0800154a   0x00000002   PAD
    0x0800154c   0x0800154c   0x0000000c   Code   RO          138    .text.OTG_FS_IRQHandler  stm32f4xx_it.o
    0x08001558   0x08001558   0x00000002   Code   RO          134    .text.PendSV_Handler  stm32f4xx_it.o
    0x0800155a   0x0800155a   0x00000002   Code   RO          130    .text.SVC_Handler   stm32f4xx_it.o
    0x0800155c   0x0800155c   0x00000004   Code   RO          136    .text.SysTick_Handler  stm32f4xx_it.o
    0x08001560   0x08001560   0x0000009c   Code   RO           13    .text.SystemClock_Config  main.o
    0x080015fc   0x080015fc   0x0000004c   Code   RO         1235    .text.SystemInit    system_stm32f4xx.o
    0x08001648   0x08001648   0x0000017c   Code   RO          728    .text.UART_SetConfig  stm32f4xx_hal_uart.o
    0x080017c4   0x080017c4   0x00000058   Code   RO          742    .text.UART_WaitOnFlagUntilTimeout  stm32f4xx_hal_uart.o
    0x0800181c   0x0800181c   0x00000018   Code   RO         1362    .text.USBH_FreePipe  usbh_pipes.o
    0x08001834   0x08001834   0x0000002a   Code   RO         1281    .text.USBH_LL_Connect  usbh_core.o
    0x0800185e   0x0800185e   0x00000038   Code   RO         1283    .text.USBH_LL_Disconnect  usbh_core.o
    0x08001896   0x08001896   0x00000026   Code   RO         1279    .text.USBH_LL_IncTimer  usbh_core.o
    0x080018bc   0x080018bc   0x00000020   Code   RO           69    .text.USBH_LL_Start  usbh_conf.o
    0x080018dc   0x080018dc   0x00000024   Code   RO           71    .text.USBH_LL_Stop  usbh_conf.o
    0x08001900   0x08001900   0x00000042   Code   RO          341    .text.USB_DriveVbus  stm32f4xx_ll_usb.o
    0x08001942   0x08001942   0x0000000c   Code   RO          277    .text.USB_EnableGlobalInt  stm32f4xx_ll_usb.o
    0x0800194e   0x0800194e   0x00000002   PAD
    0x08001950   0x08001950   0x00000024   Code   RO          289    .text.USB_FlushRxFifo  stm32f4xx_ll_usb.o
    0x08001974   0x08001974   0x0000002c   Code   RO          287    .text.USB_FlushTxFifo  stm32f4xx_ll_usb.o
    0x080019a0   0x080019a0   0x00000008   Code   RO          333    .text.USB_GetMode   stm32f4xx_ll_usb.o
    0x080019a8   0x080019a8   0x00000098   Code   RO          359    .text.USB_HC_Halt   stm32f4xx_ll_usb.o
    0x08001a40   0x08001a40   0x00000008   Code   RO          357    .text.USB_HC_ReadInterrupt  stm32f4xx_ll_usb.o
    0x08001a48   0x08001a48   0x00000036   Code   RO          343    .text.USB_InitFSLSPClkSel  stm32f4xx_ll_usb.o
    0x08001a7e   0x08001a7e   0x00000008   Code   RO          321    .text.USB_ReadInterrupts  stm32f4xx_ll_usb.o
    0x08001a86   0x08001a86   0x00000002   PAD
    0x08001a88   0x08001a88   0x0000002c   Code   RO          307    .text.USB_ReadPacket  stm32f4xx_ll_usb.o
    0x08001ab4   0x08001ab4   0x00000078   Code   RO          361    .text.USB_StopHost  stm32f4xx_ll_usb.o
    0x08001b2c   0x08001b2c   0x00000002   Code   RO          128    .text.UsageFault_Handler  stm32f4xx_it.o
    0x08001b2e   0x08001b2e   0x00000002   PAD
    0x08001b30   0x08001b30   0x00000348   Code   RO           11    .text.main          main.o
    0x08001e78   0x08001e78   0x00000022   Code   RO          197    .text.t_strcatw     tstring.o
    0x08001e9a   0x08001e9a   0x00000018   Code   RO          183    .text.t_strchrw     tstring.o
    0x08001eb2   0x08001eb2   0x0000001a   Code   RO          193    .text.t_strcmpw     tstring.o
    0x08001ecc   0x08001ecc   0x00000010   Code   RO          187    .text.t_strcpyw     tstring.o
    0x08001edc   0x08001edc   0x0000000e   Code   RO          181    .text.t_strlenf     tstring.o
    0x08001eea   0x08001eea   0x00000010   Code   RO          179    .text.t_strlenw     tstring.o
    0x08001efa   0x08001efa   0x0000001c   Code   RO          191    .text.t_strlwr      tstring.o
    0x08001f16   0x08001f16   0x0000001c   Code   RO          189    .text.t_strupr      tstring.o
    0x08001f32   0x08001f32   0x00000002   PAD
    0x08001f34   0x08001f34   0x00000028   Code   RO         1517    i.__0sprintf$3      mc_w.l(printf3.o)
    0x08001f5c   0x08001f5c   0x0000000e   Code   RO         1767    i.__scatterload_copy  mc_w.l(handlers.o)
    0x08001f6a   0x08001f6a   0x00000002   Code   RO         1768    i.__scatterload_null  mc_w.l(handlers.o)
    0x08001f6c   0x08001f6c   0x0000000e   Code   RO         1769    i.__scatterload_zeroinit  mc_w.l(handlers.o)
    0x08001f7a   0x08001f7a   0x00000002   PAD
    0x08001f7c   0x08001f7c   0x000001b8   Code   RO         1522    i._printf_core      mc_w.l(printf3.o)
    0x08002134   0x08002134   0x0000000a   Code   RO         1524    i._sputc            mc_w.l(printf3.o)
    0x0800213e   0x0800213e   0x00000010   Data   RO         1240    .rodata.AHBPrescTable  system_stm32f4xx.o
    0x0800214e   0x0800214e   0x00000008   Data   RO         1241    .rodata.APBPrescTable  system_stm32f4xx.o
    0x08002156   0x08002156   0x00000005   Data   RO           17    .rodata.str1.1      main.o
    0x0800215b   0x0800215b   0x00000001   PAD
    0x0800215c   0x0800215c   0x00000020   Data   RO         1765    Region$$Table       anon$$obj.o


    Execution Region RW_IRAM1 (Exec base: 0x20000000, Load base: 0x08002180, Size: 0x000006e8, Max: 0x00020000, ABSOLUTE)

    Exec Addr    Load Addr    Size         Type   Attr      Idx    E Section Name        Object

    0x20000000   0x08002180   0x0000000c   Data   RW         1223    .data..L_MergedGlobals  stm32f4xx_hal.o
    0x2000000c   0x0800218c   0x00000004   Data   RW         1239    .data.SystemCoreClock  system_stm32f4xx.o
    0x20000010        -       0x00000298   Zero   RW           95    .bss.hhcd_USB_OTG_FS  usbh_conf.o
    0x200002a8        -       0x00000040   Zero   RW           18    .bss.huart2         main.o
    0x200002e8        -       0x00000400   Zero   RW            1    STACK               startup_stm32f407xx.o


==============================================================================

Image component sizes


      Code (inc. data)   RO Data    RW Data    ZI Data      Debug   Object Name

       996        104          5          0         64      11132   main.o
        36          8        392          0       1024        848   startup_stm32f407xx.o
       168         12          0         12          0       7830   stm32f4xx_hal.o
       164         20          0          0          0      10396   stm32f4xx_hal_cortex.o
       418         28          0          0          0       5414   stm32f4xx_hal_gpio.o
      1928         28          0          0          0      11299   stm32f4xx_hal_hcd.o
       168         12          0          0          0      10315   stm32f4xx_hal_msp.o
      1252         44          0          0          0       7829   stm32f4xx_hal_rcc.o
       312         16          0          0          0       4486   stm32f4xx_hal_rcc_ex.o
       728         12          0          0          0      16857   stm32f4xx_hal_uart.o
        32          4          0          0          0       1352   stm32f4xx_it.o
       552         12          0          0          0      17909   stm32f4xx_ll_usb.o
        76         16         24          4          0       2816   system_stm32f4xx.o
       186          0          0          0          0       3918   tstring.o
        94          4          0          0        664      16382   usbh_conf.o
       136          0          0          0          0      10160   usbh_core.o
        24          0          0          0          0       6573   usbh_pipes.o

    ----------------------------------------------------------------------
      7284        320        454         16       1752     145516   Object Totals
         0          0         32          0          0          0   (incl. Generated)
        14          0          1          0          0          0   (incl. Padding)

    ----------------------------------------------------------------------

      Code (inc. data)   RO Data    RW Data    ZI Data      Debug   Library Member Name

         0          0          0          0          0          0   entry.o
         0          0          0          0          0          0   entry10a.o
         0          0          0          0          0          0   entry11a.o
         8          4          0          0          0          0   entry2.o
         4          0          0          0          0          0   entry5.o
         0          0          0          0          0          0   entry7b.o
         0          0          0          0          0          0   entry8b.o
         8          4          0          0          0          0   entry9a.o
        30          0          0          0          0          0   handlers.o
        36          8          0          0          0         68   init.o
        30          0          0          0          0         68   llshl.o
        32          0          0          0          0         68   llushr.o
        36          0          0          0          0        108   memseta.o
       490         10          0          0          0        252   printf3.o
        14          0          0          0          0         68   strlen.o
        44          0          0          0          0         80   uidiv.o
        98          0          0          0          0         92   uldiv.o

    ----------------------------------------------------------------------
       834         26          0          0          0        804   Library Totals
         4          0          0          0          0          0   (incl. Padding)

    ----------------------------------------------------------------------

      Code (inc. data)   RO Data    RW Data    ZI Data      Debug   Library Name

       830         26          0          0          0        804   mc_w.l

    ----------------------------------------------------------------------
       834         26          0          0          0        804   Library Totals

    ----------------------------------------------------------------------

==============================================================================


      Code (inc. data)   RO Data    RW Data    ZI Data      Debug   

      8118        346        454         16       1752     145972   Grand Totals
      8118        346        454         16       1752     145972   ELF Image Totals
      8118        346        454         16          0          0   ROM Totals

==============================================================================

    Total RO  Size (Code + RO Data)                 8572 (   8.37kB)
    Total RW  Size (RW Data + ZI Data)              1768 (   1.73kB)
    Total ROM Size (Code + RO Data + RW Data)       8588 (   8.39kB)

==============================================================================

