<html>
<body>
<pre>
<h1>µVision Build Log</h1>
<h2>Tool Versions:</h2>
IDE-Version: µVision V5.25.2.0
Copyright (C) 2018 ARM Ltd and ARM Germany GmbH. All rights reserved.
License Information: cicek abbas, cicek aþ, LIC=Y2BQD-8V6CP-BVH1G-VSUTD-XERBN-WJHAS
 
Tool Versions:
Toolchain:       MDK-ARM Professional  Version: 5.25.2.0
Toolchain Path:  C:\Keil_v5\ARM\ARMCLANG\Bin
C Compiler:      ArmClang.exe V6.9
Assembler:       Armasm.exe V6.9
Linker/Locator:  ArmLink.exe V6.9
Library Manager: ArmAr.exe V6.9
Hex Converter:   FromElf.exe V6.9
CPU DLL:         SARMCM3.DLL V5.25.2.0
Dialog DLL:      DCM.DLL V1.17.1.0
Target DLL:      STLink\ST-LINKIII-KEIL_SWO.dll V3.0.1.0
Dialog DLL:      TCM.DLL V1.35.1.0
 
<h2>Project:</h2>
C:\Users\tarka\Documents\GitHub\bus\C_ARMCC\F4\StringsPointerStructure\MDK-ARM\StringsPointerStructure.uvprojx
Project File Date:  02/19/2019

<h2>Output:</h2>
*** Using Compiler 'V6.9', folder: 'C:\Keil_v5\ARM\ARMCLANG\Bin'
Build target 'StringsPointerStructure'
../Drivers/STM32F4xx_HAL_Driver/Src/stm32f4xx_ll_usb.c(886): warning: 'packed' attribute ignored when parsing type [-Wignored-attributes]
      USBx_DFIFO(ch_ep_num) = *((__attribute__((packed)) uint32_t *)src);
                                                ^~~~~~
../Drivers/STM32F4xx_HAL_Driver/Src/stm32f4xx_ll_usb.c(912): warning: 'packed' attribute ignored when parsing type [-Wignored-attributes]
    *(__attribute__((packed)) uint32_t *)dest = USBx_DFIFO(0U);
                     ^~~~~~
2 warnings generated.
compiling stm32f4xx_ll_usb.c...
linking...
Program Size: Code=8118 RO-data=454 RW-data=16 ZI-data=1752  
FromELF: creating hex file...
"StringsPointerStructure\StringsPointerStructure.axf" - 0 Error(s), 2 Warning(s).

<h2>Software Packages used:</h2>

Package Vendor: ARM
                http://www.keil.com/pack/ARM.CMSIS.5.4.0.pack
                ARM.CMSIS.5.4.0
                CMSIS (Cortex Microcontroller Software Interface Standard)
   * Component: CORE Version: 5.1.2

Package Vendor: Keil
                http://www.keil.com/pack/Keil.STM32F4xx_DFP.2.13.0.pack
                Keil.STM32F4xx_DFP.2.13.0
                STMicroelectronics STM32F4 Series Device Support, Drivers and Examples

<h2>Collection of Component include folders:</h2>
  .\RTE\_StringsPointerStructure
  C:\Keil_v5\ARM\PACK\ARM\CMSIS\5.4.0\CMSIS\Core\Include
  C:\Keil_v5\ARM\PACK\Keil\STM32F4xx_DFP\2.13.0\Drivers\CMSIS\Device\ST\STM32F4xx\Include

<h2>Collection of Component Files used:</h2>

   * Component: ARM::CMSIS:CORE:5.1.2
Build Time Elapsed:  00:00:03
</pre>
</body>
</html>
