Component: ARM Compiler 5.06 update 6 (build 750) Tool: armlink [4d35ed]

==============================================================================

Section Cross References

    startup_stm32f407xx.o(RESET) refers to startup_stm32f407xx.o(STACK) for __initial_sp
    startup_stm32f407xx.o(RESET) refers to startup_stm32f407xx.o(.text) for Reset_Handler
    startup_stm32f407xx.o(RESET) refers to stm32f4xx_it.o(i.NMI_Handler) for NMI_Handler
    startup_stm32f407xx.o(RESET) refers to stm32f4xx_it.o(i.HardFault_Handler) for HardFault_Handler
    startup_stm32f407xx.o(RESET) refers to stm32f4xx_it.o(i.MemManage_Handler) for MemManage_Handler
    startup_stm32f407xx.o(RESET) refers to stm32f4xx_it.o(i.BusFault_Handler) for BusFault_Handler
    startup_stm32f407xx.o(RESET) refers to stm32f4xx_it.o(i.UsageFault_Handler) for UsageFault_Handler
    startup_stm32f407xx.o(RESET) refers to port.o(.emb_text) for SVC_Handler
    startup_stm32f407xx.o(RESET) refers to stm32f4xx_it.o(i.DebugMon_Handler) for DebugMon_Handler
    startup_stm32f407xx.o(RESET) refers to port.o(i.SysTick_Handler) for SysTick_Handler
    startup_stm32f407xx.o(RESET) refers to stm32f4xx_it.o(i.TIM6_DAC_IRQHandler) for TIM6_DAC_IRQHandler
    startup_stm32f407xx.o(RESET) refers to stm32f4xx_it.o(i.OTG_FS_IRQHandler) for OTG_FS_IRQHandler
    startup_stm32f407xx.o(.text) refers to system_stm32f4xx.o(i.SystemInit) for SystemInit
    startup_stm32f407xx.o(.text) refers to entry.o(.ARM.Collect$$$$00000000) for __main
    main.o(i.HAL_TIM_PeriodElapsedCallback) refers to stm32f4xx_hal.o(i.HAL_IncTick) for HAL_IncTick
    main.o(i._Z11StartTask02PKv) refers to lib1.o(i._ZN7led_cpp6toggleEv) for led_cpp::toggle()
    main.o(i._Z11StartTask02PKv) refers to cmsis_os.o(i.osDelay) for osDelay
    main.o(i._Z11StartTask02PKv) refers to main.o(.data) for .data
    main.o(i._Z11StartTask03PKv) refers to lib1.o(i._ZN7led_cpp6toggleEv) for led_cpp::toggle()
    main.o(i._Z11StartTask03PKv) refers to cmsis_os.o(i.osDelay) for osDelay
    main.o(i._Z11StartTask03PKv) refers to main.o(.data) for .data
    main.o(i._Z11StartTask04PKv) refers to lib1.o(i._ZN7led_cpp6toggleEv) for led_cpp::toggle()
    main.o(i._Z11StartTask04PKv) refers to cmsis_os.o(i.osDelay) for osDelay
    main.o(i._Z11StartTask04PKv) refers to main.o(.data) for .data
    main.o(i._Z12MX_GPIO_Initv) refers to memseta.o(.text) for __aeabi_memclr4
    main.o(i._Z12MX_GPIO_Initv) refers to stm32f4xx_hal_gpio.o(i.HAL_GPIO_WritePin) for HAL_GPIO_WritePin
    main.o(i._Z12MX_GPIO_Initv) refers to stm32f4xx_hal_gpio.o(i.HAL_GPIO_Init) for HAL_GPIO_Init
    main.o(i._Z12MX_SPI1_Initv) refers to stm32f4xx_hal_spi.o(i.HAL_SPI_Init) for HAL_SPI_Init
    main.o(i._Z12MX_SPI1_Initv) refers to main.o(.bss) for .bss
    main.o(i._Z16StartDefaultTaskPKv) refers to lib1.o(i._ZN7led_cpp6toggleEv) for led_cpp::toggle()
    main.o(i._Z16StartDefaultTaskPKv) refers to cmsis_os.o(i.osDelay) for osDelay
    main.o(i._Z16StartDefaultTaskPKv) refers to main.o(.data) for .data
    main.o(i._Z18SystemClock_Configv) refers to memseta.o(.text) for __aeabi_memclr4
    main.o(i._Z18SystemClock_Configv) refers to stm32f4xx_hal_rcc.o(i.HAL_RCC_OscConfig) for HAL_RCC_OscConfig
    main.o(i._Z18SystemClock_Configv) refers to stm32f4xx_hal_rcc.o(i.HAL_RCC_ClockConfig) for HAL_RCC_ClockConfig
    main.o(i._Z18SystemClock_Configv) refers to stm32f4xx_hal_rcc_ex.o(i.HAL_RCCEx_PeriphCLKConfig) for HAL_RCCEx_PeriphCLKConfig
    main.o(i.__sti___8_main_cpp_led1) refers to lib1.o(i._ZN7led_cppC1Et) for led_cpp::led_cpp(unsigned short)
    main.o(i.__sti___8_main_cpp_led1) refers to aeabi_atexit.o(.text) for __aeabi_atexit
    main.o(i.__sti___8_main_cpp_led1) refers to main.o(.data) for .data
    main.o(i.__sti___8_main_cpp_led1) refers to lib1.o(i._ZN7led_cppD1Ev) for led_cpp::~led_cpp()
    main.o(i.main) refers to stm32f4xx_hal.o(i.HAL_Init) for HAL_Init
    main.o(i.main) refers to main.o(i._Z18SystemClock_Configv) for SystemClock_Config()
    main.o(i.main) refers to main.o(i._Z12MX_GPIO_Initv) for MX_GPIO_Init()
    main.o(i.main) refers to stm32f4xx_hal_i2c.o(i.HAL_I2C_Init) for HAL_I2C_Init
    main.o(i.main) refers to stm32f4xx_hal_i2s.o(i.HAL_I2S_Init) for HAL_I2S_Init
    main.o(i.main) refers to main.o(i._Z12MX_SPI1_Initv) for MX_SPI1_Init()
    main.o(i.main) refers to lib1.o(i._ZN7led_cpp2onEv) for led_cpp::on()
    main.o(i.main) refers to stm32f4xx_hal.o(i.HAL_Delay) for HAL_Delay
    main.o(i.main) refers to lib1.o(i._ZN7led_cpp3offEv) for led_cpp::off()
    main.o(i.main) refers to lib1.o(i._ZN7led_cpp6toggleEv) for led_cpp::toggle()
    main.o(i.main) refers to cmsis_os.o(i.osMutexCreate) for osMutexCreate
    main.o(i.main) refers to cmsis_os.o(i.osSemaphoreCreate) for osSemaphoreCreate
    main.o(i.main) refers to memcpya.o(.text) for __aeabi_memcpy4
    main.o(i.main) refers to cmsis_os.o(i.osThreadCreate) for osThreadCreate
    main.o(i.main) refers to cmsis_os.o(i.osMessageCreate) for osMessageCreate
[...]
    ../clib/microlib/string/memset.c         0x00000000   Number         0  memseta.o ABSOLUTE
    ../clib/stdlib.c                         0x00000000   Number         0  aeabi_atexit.o ABSOLUTE
    ../clib/stdlib.c                         0x00000000   Number         0  cxa_finalize.o ABSOLUTE
    ..\Core\Src\freertos.c                   0x00000000   Number         0  freertos.o ABSOLUTE
    ..\Core\Src\lib1.cpp                     0x00000000   Number         0  lib1.o ABSOLUTE
    ..\Core\Src\main.cpp                     0x00000000   Number         0  main.o ABSOLUTE
    ..\Core\Src\stm32f4xx_hal_msp.c          0x00000000   Number         0  stm32f4xx_hal_msp.o ABSOLUTE
    ..\Core\Src\stm32f4xx_hal_timebase_tim.c 0x00000000   Number         0  stm32f4xx_hal_timebase_tim.o ABSOLUTE
    ..\Core\Src\stm32f4xx_it.c               0x00000000   Number         0  stm32f4xx_it.o ABSOLUTE
    ..\Core\Src\system_stm32f4xx.c           0x00000000   Number         0  system_stm32f4xx.o ABSOLUTE
    ..\Drivers\STM32F4xx_HAL_Driver\Src\stm32f4xx_hal.c 0x00000000   Number         0  stm32f4xx_hal.o ABSOLUTE
    ..\Drivers\STM32F4xx_HAL_Driver\Src\stm32f4xx_hal_cortex.c 0x00000000   Number         0  stm32f4xx_hal_cortex.o ABSOLUTE
    ..\Drivers\STM32F4xx_HAL_Driver\Src\stm32f4xx_hal_dma.c 0x00000000   Number         0  stm32f4xx_hal_dma.o ABSOLUTE
    ..\Drivers\STM32F4xx_HAL_Driver\Src\stm32f4xx_hal_dma_ex.c 0x00000000   Number         0  stm32f4xx_hal_dma_ex.o ABSOLUTE
    ..\Drivers\STM32F4xx_HAL_Driver\Src\stm32f4xx_hal_flash.c 0x00000000   Number         0  stm32f4xx_hal_flash.o ABSOLUTE
    ..\Drivers\STM32F4xx_HAL_Driver\Src\stm32f4xx_hal_flash_ex.c 0x00000000   Number         0  stm32f4xx_hal_flash_ex.o ABSOLUTE
    ..\Drivers\STM32F4xx_HAL_Driver\Src\stm32f4xx_hal_flash_ramfunc.c 0x00000000   Number         0  stm32f4xx_hal_flash_ramfunc.o ABSOLUTE
    ..\Drivers\STM32F4xx_HAL_Driver\Src\stm32f4xx_hal_gpio.c 0x00000000   Number         0  stm32f4xx_hal_gpio.o ABSOLUTE
    ..\Drivers\STM32F4xx_HAL_Driver\Src\stm32f4xx_hal_hcd.c 0x00000000   Number         0  stm32f4xx_hal_hcd.o ABSOLUTE
    ..\Drivers\STM32F4xx_HAL_Driver\Src\stm32f4xx_hal_i2c.c 0x00000000   Number         0  stm32f4xx_hal_i2c.o ABSOLUTE
    ..\Drivers\STM32F4xx_HAL_Driver\Src\stm32f4xx_hal_i2c_ex.c 0x00000000   Number         0  stm32f4xx_hal_i2c_ex.o ABSOLUTE
    ..\Drivers\STM32F4xx_HAL_Driver\Src\stm32f4xx_hal_i2s.c 0x00000000   Number         0  stm32f4xx_hal_i2s.o ABSOLUTE
    ..\Drivers\STM32F4xx_HAL_Driver\Src\stm32f4xx_hal_i2s_ex.c 0x00000000   Number         0  stm32f4xx_hal_i2s_ex.o ABSOLUTE
    ..\Drivers\STM32F4xx_HAL_Driver\Src\stm32f4xx_hal_pwr.c 0x00000000   Number         0  stm32f4xx_hal_pwr.o ABSOLUTE
    ..\Drivers\STM32F4xx_HAL_Driver\Src\stm32f4xx_hal_pwr_ex.c 0x00000000   Number         0  stm32f4xx_hal_pwr_ex.o ABSOLUTE
    ..\Drivers\STM32F4xx_HAL_Driver\Src\stm32f4xx_hal_rcc.c 0x00000000   Number         0  stm32f4xx_hal_rcc.o ABSOLUTE
    ..\Drivers\STM32F4xx_HAL_Driver\Src\stm32f4xx_hal_rcc_ex.c 0x00000000   Number         0  stm32f4xx_hal_rcc_ex.o ABSOLUTE
    ..\Drivers\STM32F4xx_HAL_Driver\Src\stm32f4xx_hal_spi.c 0x00000000   Number         0  stm32f4xx_hal_spi.o ABSOLUTE
    ..\Drivers\STM32F4xx_HAL_Driver\Src\stm32f4xx_hal_tim.c 0x00000000   Number         0  stm32f4xx_hal_tim.o ABSOLUTE
    ..\Drivers\STM32F4xx_HAL_Driver\Src\stm32f4xx_hal_tim_ex.c 0x00000000   Number         0  stm32f4xx_hal_tim_ex.o ABSOLUTE
    ..\Drivers\STM32F4xx_HAL_Driver\Src\stm32f4xx_ll_usb.c 0x00000000   Number         0  stm32f4xx_ll_usb.o ABSOLUTE
    ..\Middlewares\ST\STM32_USB_Host_Library\Class\CDC\Src\usbh_cdc.c 0x00000000   Number         0  usbh_cdc.o ABSOLUTE
    ..\Middlewares\ST\STM32_USB_Host_Library\Core\Src\usbh_core.c 0x00000000   Number         0  usbh_core.o ABSOLUTE
    ..\Middlewares\ST\STM32_USB_Host_Library\Core\Src\usbh_ctlreq.c 0x00000000   Number         0  usbh_ctlreq.o ABSOLUTE
    ..\Middlewares\ST\STM32_USB_Host_Library\Core\Src\usbh_ioreq.c 0x00000000   Number         0  usbh_ioreq.o ABSOLUTE
    ..\Middlewares\ST\STM32_USB_Host_Library\Core\Src\usbh_pipes.c 0x00000000   Number         0  usbh_pipes.o ABSOLUTE
    ..\Middlewares\Third_Party\FreeRTOS\Source\CMSIS_RTOS\cmsis_os.c 0x00000000   Number         0  cmsis_os.o ABSOLUTE
    ..\Middlewares\Third_Party\FreeRTOS\Source\portable\RVDS\ARM_CM4F\port.c 0x00000000   Number         0  port.o ABSOLUTE
    ..\USB_HOST\App\usb_host.c               0x00000000   Number         0  usb_host.o ABSOLUTE
    ..\USB_HOST\Target\usbh_conf.c           0x00000000   Number         0  usbh_conf.o ABSOLUTE
    ..\USB_HOST\Target\usbh_platform.c       0x00000000   Number         0  usbh_platform.o ABSOLUTE
    ..\\Core\\Src\\lib1.cpp                  0x00000000   Number         0  lib1.o ABSOLUTE
    dc.s                                     0x00000000   Number         0  dc.o ABSOLUTE
    handlers.s                               0x00000000   Number         0  handlers.o ABSOLUTE
    init.s                                   0x00000000   Number         0  init.o ABSOLUTE
    startup_stm32f407xx.s                    0x00000000   Number         0  startup_stm32f407xx.o ABSOLUTE
    RESET                                    0x08000000   Section      392  startup_stm32f407xx.o(RESET)
    .ARM.Collect$$$$00000000                 0x08000188   Section        0  entry.o(.ARM.Collect$$$$00000000)
    .ARM.Collect$$$$00000001                 0x08000188   Section        4  entry2.o(.ARM.Collect$$$$00000001)
    .ARM.Collect$$$$00000004                 0x0800018c   Section        4  entry5.o(.ARM.Collect$$$$00000004)
    .ARM.Collect$$$$00000008                 0x08000190   Section        0  entry7b.o(.ARM.Collect$$$$00000008)
    .ARM.Collect$$$$00000009                 0x08000190   Section        4  entry8a.o(.ARM.Collect$$$$00000009)
    .ARM.Collect$$$$0000000A                 0x08000194   Section        0  entry8b.o(.ARM.Collect$$$$0000000A)
    .ARM.Collect$$$$0000000B                 0x08000194   Section        8  entry9a.o(.ARM.Collect$$$$0000000B)
    .ARM.Collect$$$$0000000D                 0x0800019c   Section        0  entry10a.o(.ARM.Collect$$$$0000000D)
    .ARM.Collect$$$$0000000E                 0x0800019c   Section        4  entry10b.o(.ARM.Collect$$$$0000000E)
    .ARM.Collect$$$$0000000F                 0x080001a0   Section        0  entry11a.o(.ARM.Collect$$$$0000000F)
    .ARM.Collect$$$$00002712                 0x080001a0   Section        4  entry2.o(.ARM.Collect$$$$00002712)
    __lit__00000000                          0x080001a0   Data           4  entry2.o(.ARM.Collect$$$$00002712)
    .emb_text                                0x080001a4   Section      186  port.o(.emb_text)
    $v0                                      0x080001a4   Number         0  port.o(.emb_text)
    .text                                    0x08000260   Section       36  startup_stm32f407xx.o(.text)
    $v0                                      0x08000260   Number         0  startup_stm32f407xx.o(.text)
    .text                                    0x08000284   Section        0  uldiv.o(.text)
    .text                                    0x080002e6   Section        0  memcpya.o(.text)
    .text                                    0x0800030a   Section        0  memseta.o(.text)
    .text                                    0x08000330   Section        0  cpp_init.o(.text)
    .text                                    0x08000350   Section        0  aeabi_atexit.o(.text)
    .text                                    0x0800037e   Section        0  llshl.o(.text)
    .text                                    0x0800039c   Section        0  llushr.o(.text)
    .text                                    0x080003bc   Section        0  cpp_dtor.o(.text)
    .text                                    0x080003c4   Section        0  cxa_finalize.o(.text)
    .text                                    0x08000408   Section       36  init.o(.text)
    .text                                    0x0800042c   Section        0  cpp_final.o(.text)
    i.BusFault_Handler                       0x0800042e   Section        0  stm32f4xx_it.o(i.BusFault_Handler)
    i.DebugMon_Handler                       0x08000430   Section        0  stm32f4xx_it.o(i.DebugMon_Handler)
    i.HAL_Delay                              0x08000434   Section        0  stm32f4xx_hal.o(i.HAL_Delay)
    i.HAL_GPIO_Init                          0x08000458   Section        0  stm32f4xx_hal_gpio.o(i.HAL_GPIO_Init)
    i.HAL_GPIO_TogglePin                     0x08000608   Section        0  stm32f4xx_hal_gpio.o(i.HAL_GPIO_TogglePin)
    i.HAL_GPIO_WritePin                      0x08000610   Section        0  stm32f4xx_hal_gpio.o(i.HAL_GPIO_WritePin)
    i.HAL_GetTick                            0x0800061c   Section        0  stm32f4xx_hal.o(i.HAL_GetTick)
    i.HAL_HCD_Connect_Callback               0x08000628   Section        0  usbh_conf.o(i.HAL_HCD_Connect_Callback)
    i.HAL_HCD_Disconnect_Callback            0x08000630   Section        0  usbh_conf.o(i.HAL_HCD_Disconnect_Callback)
    i.HAL_HCD_HC_NotifyURBChange_Callback    0x08000638   Section        0  usbh_conf.o(i.HAL_HCD_HC_NotifyURBChange_Callback)
    i.HAL_HCD_IRQHandler                     0x08000640   Section        0  stm32f4xx_hal_hcd.o(i.HAL_HCD_IRQHandler)
    i.HAL_HCD_SOF_Callback                   0x0800076e   Section        0  usbh_conf.o(i.HAL_HCD_SOF_Callback)
    i.HAL_HCD_Start                          0x08000776   Section        0  stm32f4xx_hal_hcd.o(i.HAL_HCD_Start)
    i.HAL_HCD_Stop                           0x080007a2   Section        0  stm32f4xx_hal_hcd.o(i.HAL_HCD_Stop)
    i.HAL_I2C_Init                           0x080007c8   Section        0  stm32f4xx_hal_i2c.o(i.HAL_I2C_Init)
    i.HAL_I2C_MspInit                        0x080008d0   Section        0  stm32f4xx_hal_msp.o(i.HAL_I2C_MspInit)
    i.HAL_I2SEx_FullDuplex_IRQHandler        0x0800093c   Section        0  stm32f4xx_hal_i2s_ex.o(i.HAL_I2SEx_FullDuplex_IRQHandler)
    i.HAL_I2SEx_TxRxCpltCallback             0x08000b20   Section        0  stm32f4xx_hal_i2s_ex.o(i.HAL_I2SEx_TxRxCpltCallback)
    i.HAL_I2S_ErrorCallback                  0x08000b22   Section        0  stm32f4xx_hal_i2s.o(i.HAL_I2S_ErrorCallback)
    i.HAL_I2S_Init                           0x08000b24   Section        0  stm32f4xx_hal_i2s.o(i.HAL_I2S_Init)
    i.HAL_I2S_MspInit                        0x08000ca4   Section        0  stm32f4xx_hal_msp.o(i.HAL_I2S_MspInit)
    i.HAL_I2S_RxCpltCallback                 0x08000d34   Section        0  stm32f4xx_hal_i2s.o(i.HAL_I2S_RxCpltCallback)
    i.HAL_I2S_TxCpltCallback                 0x08000d36   Section        0  stm32f4xx_hal_i2s.o(i.HAL_I2S_TxCpltCallback)
    i.HAL_IncTick                            0x08000d38   Section        0  stm32f4xx_hal.o(i.HAL_IncTick)
    i.HAL_Init                               0x08000d48   Section        0  stm32f4xx_hal.o(i.HAL_Init)
    i.HAL_InitTick                           0x08000d7c   Section        0  stm32f4xx_hal_timebase_tim.o(i.HAL_InitTick)
    i.HAL_MspInit                            0x08000df0   Section        0  stm32f4xx_hal_msp.o(i.HAL_MspInit)
    i.HAL_NVIC_EnableIRQ                     0x08000e28   Section        0  stm32f4xx_hal_cortex.o(i.HAL_NVIC_EnableIRQ)
    i.HAL_NVIC_SetPriority                   0x08000e40   Section        0  stm32f4xx_hal_cortex.o(i.HAL_NVIC_SetPriority)
    i.HAL_NVIC_SetPriorityGrouping           0x08000e80   Section        0  stm32f4xx_hal_cortex.o(i.HAL_NVIC_SetPriorityGrouping)
    i.HAL_RCCEx_GetPeriphCLKFreq             0x08000ea4   Section        0  stm32f4xx_hal_rcc_ex.o(i.HAL_RCCEx_GetPeriphCLKFreq)
    i.HAL_RCCEx_PeriphCLKConfig              0x08000f00   Section        0  stm32f4xx_hal_rcc_ex.o(i.HAL_RCCEx_PeriphCLKConfig)
    i.HAL_RCC_ClockConfig                    0x0800103c   Section        0  stm32f4xx_hal_rcc.o(i.HAL_RCC_ClockConfig)
    i.HAL_RCC_GetClockConfig                 0x0800116c   Section        0  stm32f4xx_hal_rcc.o(i.HAL_RCC_GetClockConfig)
    i.HAL_RCC_GetPCLK1Freq                   0x080011ac   Section        0  stm32f4xx_hal_rcc.o(i.HAL_RCC_GetPCLK1Freq)
    i.HAL_RCC_GetSysClockFreq                0x080011cc   Section        0  stm32f4xx_hal_rcc.o(i.HAL_RCC_GetSysClockFreq)
    i.HAL_RCC_OscConfig                      0x0800122c   Section        0  stm32f4xx_hal_rcc.o(i.HAL_RCC_OscConfig)
    i.HAL_SPI_Init                           0x08001548   Section        0  stm32f4xx_hal_spi.o(i.HAL_SPI_Init)
    i.HAL_SPI_MspInit                        0x080015c8   Section        0  stm32f4xx_hal_msp.o(i.HAL_SPI_MspInit)
    i.HAL_TIMEx_BreakCallback                0x08001630   Section        0  stm32f4xx_hal_tim_ex.o(i.HAL_TIMEx_BreakCallback)
    i.HAL_TIMEx_CommutationCallback          0x08001632   Section        0  stm32f4xx_hal_tim_ex.o(i.HAL_TIMEx_CommutationCallback)
    i.HAL_TIM_Base_Init                      0x08001634   Section        0  stm32f4xx_hal_tim.o(i.HAL_TIM_Base_Init)
    i.HAL_TIM_Base_MspInit                   0x0800166a   Section        0  stm32f4xx_hal_tim.o(i.HAL_TIM_Base_MspInit)
    i.HAL_TIM_Base_Start_IT                  0x0800166c   Section        0  stm32f4xx_hal_tim.o(i.HAL_TIM_Base_Start_IT)
    i.HAL_TIM_IC_CaptureCallback             0x08001684   Section        0  stm32f4xx_hal_tim.o(i.HAL_TIM_IC_CaptureCallback)
    i.HAL_TIM_IRQHandler                     0x08001686   Section        0  stm32f4xx_hal_tim.o(i.HAL_TIM_IRQHandler)
    i.HAL_TIM_OC_DelayElapsedCallback        0x080017ec   Section        0  stm32f4xx_hal_tim.o(i.HAL_TIM_OC_DelayElapsedCallback)
    i.HAL_TIM_PWM_PulseFinishedCallback      0x080017ee   Section        0  stm32f4xx_hal_tim.o(i.HAL_TIM_PWM_PulseFinishedCallback)
    i.HAL_TIM_PeriodElapsedCallback          0x080017f0   Section        0  main.o(i.HAL_TIM_PeriodElapsedCallback)
    i.HAL_TIM_TriggerCallback                0x08001804   Section        0  stm32f4xx_hal_tim.o(i.HAL_TIM_TriggerCallback)
    i.HCD_HC_IN_IRQHandler                   0x08001806   Section        0  stm32f4xx_hal_hcd.o(i.HCD_HC_IN_IRQHandler)
    HCD_HC_IN_IRQHandler                     0x08001807   Thumb Code   562  stm32f4xx_hal_hcd.o(i.HCD_HC_IN_IRQHandler)
    i.HCD_HC_OUT_IRQHandler                  0x08001a38   Section        0  stm32f4xx_hal_hcd.o(i.HCD_HC_OUT_IRQHandler)
    HCD_HC_OUT_IRQHandler                    0x08001a39   Thumb Code   534  stm32f4xx_hal_hcd.o(i.HCD_HC_OUT_IRQHandler)
    i.HCD_Port_IRQHandler                    0x08001c4e   Section        0  stm32f4xx_hal_hcd.o(i.HCD_Port_IRQHandler)
    HCD_Port_IRQHandler                      0x08001c4f   Thumb Code   172  stm32f4xx_hal_hcd.o(i.HCD_Port_IRQHandler)
    i.HCD_RXQLVL_IRQHandler                  0x08001cfc   Section        0  stm32f4xx_hal_hcd.o(i.HCD_RXQLVL_IRQHandler)
    HCD_RXQLVL_IRQHandler                    0x08001cfd   Thumb Code   108  stm32f4xx_hal_hcd.o(i.HCD_RXQLVL_IRQHandler)
    i.HardFault_Handler                      0x08001d6c   Section        0  stm32f4xx_it.o(i.HardFault_Handler)
    i.I2SEx_FullDuplexRx_IT                  0x08001d70   Section        0  stm32f4xx_hal_i2s_ex.o(i.I2SEx_FullDuplexRx_IT)
    I2SEx_FullDuplexRx_IT                    0x08001d71   Thumb Code   128  stm32f4xx_hal_i2s_ex.o(i.I2SEx_FullDuplexRx_IT)
    i.I2SEx_FullDuplexTx_IT                  0x08001df8   Section        0  stm32f4xx_hal_i2s_ex.o(i.I2SEx_FullDuplexTx_IT)
    I2SEx_FullDuplexTx_IT                    0x08001df9   Thumb Code   122  stm32f4xx_hal_i2s_ex.o(i.I2SEx_FullDuplexTx_IT)
    i.I2S_IRQHandler                         0x08001e7c   Section        0  stm32f4xx_hal_i2s.o(i.I2S_IRQHandler)
    I2S_IRQHandler                           0x08001e7d   Thumb Code   240  stm32f4xx_hal_i2s.o(i.I2S_IRQHandler)
    i.MemManage_Handler                      0x08001f6c   Section        0  stm32f4xx_it.o(i.MemManage_Handler)
    i.NMI_Handler                            0x08001f6e   Section        0  stm32f4xx_it.o(i.NMI_Handler)
    i.NVIC_SetPriority                       0x08001f70   Section        0  stm32f4xx_hal_cortex.o(i.NVIC_SetPriority)
    NVIC_SetPriority                         0x08001f71   Thumb Code    32  stm32f4xx_hal_cortex.o(i.NVIC_SetPriority)
    i.OTG_FS_IRQHandler                      0x08001f90   Section        0  stm32f4xx_it.o(i.OTG_FS_IRQHandler)
    i.SysTick_Handler                        0x08001f9c   Section        0  port.o(i.SysTick_Handler)
    i.SystemInit                             0x08001fc8   Section        0  system_stm32f4xx.o(i.SystemInit)
    i.TIM6_DAC_IRQHandler                    0x0800201c   Section        0  stm32f4xx_it.o(i.TIM6_DAC_IRQHandler)
    i.TIM_Base_SetConfig                     0x08002028   Section        0  stm32f4xx_hal_tim.o(i.TIM_Base_SetConfig)
    i.USBH_FreePipe                          0x080020e8   Section        0  usbh_pipes.o(i.USBH_FreePipe)
    i.USBH_LL_Connect                        0x08002100   Section        0  usbh_core.o(i.USBH_LL_Connect)
    i.USBH_LL_Disconnect                     0x08002138   Section        0  usbh_core.o(i.USBH_LL_Disconnect)
    i.USBH_LL_IncTimer                       0x0800217c   Section        0  usbh_core.o(i.USBH_LL_IncTimer)
    i.USBH_LL_NotifyURBChange                0x0800219a   Section        0  usbh_core.o(i.USBH_LL_NotifyURBChange)
    i.USBH_LL_Start                          0x080021ac   Section        0  usbh_conf.o(i.USBH_LL_Start)
    i.USBH_LL_Stop                           0x080021cc   Section        0  usbh_conf.o(i.USBH_LL_Stop)
    i.USB_DriveVbus                          0x080021ec   Section        0  stm32f4xx_ll_usb.o(i.USB_DriveVbus)
    i.USB_EnableGlobalInt                    0x08002218   Section        0  stm32f4xx_ll_usb.o(i.USB_EnableGlobalInt)
    i.USB_FlushRxFifo                        0x08002224   Section        0  stm32f4xx_ll_usb.o(i.USB_FlushRxFifo)
    i.USB_FlushTxFifo                        0x08002244   Section        0  stm32f4xx_ll_usb.o(i.USB_FlushTxFifo)
    i.USB_GetMode                            0x08002268   Section        0  stm32f4xx_ll_usb.o(i.USB_GetMode)
    i.USB_HC_Halt                            0x08002270   Section        0  stm32f4xx_ll_usb.o(i.USB_HC_Halt)
    i.USB_HC_ReadInterrupt                   0x080023b8   Section        0  stm32f4xx_ll_usb.o(i.USB_HC_ReadInterrupt)
    i.USB_InitFSLSPClkSel                    0x080023c4   Section        0  stm32f4xx_ll_usb.o(i.USB_InitFSLSPClkSel)
    i.USB_ReadInterrupts                     0x080023fa   Section        0  stm32f4xx_ll_usb.o(i.USB_ReadInterrupts)
    i.USB_ReadPacket                         0x08002402   Section        0  stm32f4xx_ll_usb.o(i.USB_ReadPacket)
    i.USB_StopHost                           0x08002422   Section        0  stm32f4xx_ll_usb.o(i.USB_StopHost)
    i.UsageFault_Handler                     0x080024d4   Section        0  stm32f4xx_it.o(i.UsageFault_Handler)
    i._Z11StartTask02PKv                     0x080024d8   Section        0  main.o(i._Z11StartTask02PKv)
    i._Z11StartTask03PKv                     0x080024ec   Section        0  main.o(i._Z11StartTask03PKv)
    i._Z11StartTask04PKv                     0x08002500   Section        0  main.o(i._Z11StartTask04PKv)
    i._Z12MX_GPIO_Initv                      0x08002518   Section        0  main.o(i._Z12MX_GPIO_Initv)
    MX_GPIO_Init()                           0x08002519   Thumb Code   326  main.o(i._Z12MX_GPIO_Initv)
    i._Z12MX_SPI1_Initv                      0x0800267c   Section        0  main.o(i._Z12MX_SPI1_Initv)
    MX_SPI1_Init()                           0x0800267d   Thumb Code    44  main.o(i._Z12MX_SPI1_Initv)
    i._Z16StartDefaultTaskPKv                0x080026b0   Section        0  main.o(i._Z16StartDefaultTaskPKv)
    i._Z18SystemClock_Configv                0x080026c4   Section        0  main.o(i._Z18SystemClock_Configv)
    i._ZN7led_cpp2onEv                       0x08002760   Section        0  lib1.o(i._ZN7led_cpp2onEv)
    i._ZN7led_cpp3offEv                      0x0800277c   Section        0  lib1.o(i._ZN7led_cpp3offEv)
    i._ZN7led_cpp6toggleEv                   0x08002798   Section        0  lib1.o(i._ZN7led_cpp6toggleEv)
    i._ZN7led_cppC1Et                        0x080027c0   Section        0  lib1.o(i._ZN7led_cppC1Et)
    i._ZN7led_cppD1Ev                        0x080027c8   Section        0  lib1.o(i._ZN7led_cppD1Ev)
    i.__scatterload_copy                     0x080027ca   Section       14  handlers.o(i.__scatterload_copy)
    i.__scatterload_null                     0x080027d8   Section        2  handlers.o(i.__scatterload_null)
    i.__scatterload_zeroinit                 0x080027da   Section       14  handlers.o(i.__scatterload_zeroinit)
    i.__sti___8_main_cpp_led1                0x080027e8   Section        0  main.o(i.__sti___8_main_cpp_led1)
    __sti___8_main_cpp_led1                  0x080027e9   Thumb Code    84  main.o(i.__sti___8_main_cpp_led1)
    i.free                                   0x08002848   Section        0  malloc.o(i.free)
    i.inHandlerMode                          0x08002898   Section        0  cmsis_os.o(i.inHandlerMode)
    inHandlerMode                            0x08002899   Thumb Code    12  cmsis_os.o(i.inHandlerMode)
    i.main                                   0x080028a4   Section        0  main.o(i.main)
    i.makeFreeRtosPriority                   0x08002ab0   Section        0  cmsis_os.o(i.makeFreeRtosPriority)
    makeFreeRtosPriority                     0x08002ab1   Thumb Code    12  cmsis_os.o(i.makeFreeRtosPriority)
    i.malloc                                 0x08002abc   Section        0  malloc.o(i.malloc)
    i.osDelay                                0x08002b28   Section        0  cmsis_os.o(i.osDelay)
    i.osKernelStart                          0x08002b36   Section        0  cmsis_os.o(i.osKernelStart)
    i.osMessageCreate                        0x08002b40   Section        0  cmsis_os.o(i.osMessageCreate)
    i.osMessagePut                           0x08002b48   Section        0  cmsis_os.o(i.osMessagePut)
    i.osMutexCreate                          0x08002ba4   Section        0  cmsis_os.o(i.osMutexCreate)
    i.osSemaphoreCreate                      0x08002baa   Section        0  cmsis_os.o(i.osSemaphoreCreate)
    i.osThreadCreate                         0x08002bd0   Section        0  cmsis_os.o(i.osThreadCreate)
    i.prvAddCurrentTaskToDelayedList         0x08002c00   Section        0  tasks.o(i.prvAddCurrentTaskToDelayedList)
    prvAddCurrentTaskToDelayedList           0x08002c01   Thumb Code   102  tasks.o(i.prvAddCurrentTaskToDelayedList)
    i.prvAddNewTaskToReadyList               0x08002c70   Section        0  tasks.o(i.prvAddNewTaskToReadyList)
    prvAddNewTaskToReadyList                 0x08002c71   Thumb Code   194  tasks.o(i.prvAddNewTaskToReadyList)
    i.prvCheckTasksWaitingTermination        0x08002d40   Section        0  tasks.o(i.prvCheckTasksWaitingTermination)
    prvCheckTasksWaitingTermination          0x08002d41   Thumb Code    70  tasks.o(i.prvCheckTasksWaitingTermination)
    i.prvCopyDataToQueue                     0x08002d90   Section        0  queue.o(i.prvCopyDataToQueue)
    prvCopyDataToQueue                       0x08002d91   Thumb Code   108  queue.o(i.prvCopyDataToQueue)
    i.prvDeleteTCB                           0x08002dfc   Section        0  tasks.o(i.prvDeleteTCB)
    prvDeleteTCB                             0x08002dfd   Thumb Code    20  tasks.o(i.prvDeleteTCB)
    i.prvHeapInit                            0x08002e10   Section        0  heap_4.o(i.prvHeapInit)
    prvHeapInit                              0x08002e11   Thumb Code    66  heap_4.o(i.prvHeapInit)
    i.prvIdleTask                            0x08002e5c   Section        0  tasks.o(i.prvIdleTask)
    prvIdleTask                              0x08002e5d   Thumb Code    30  tasks.o(i.prvIdleTask)
    i.prvInitialiseNewTask                   0x08002e84   Section        0  tasks.o(i.prvInitialiseNewTask)
    prvInitialiseNewTask                     0x08002e85   Thumb Code   142  tasks.o(i.prvInitialiseNewTask)
    i.prvInsertBlockIntoFreeList             0x08002f14   Section        0  heap_4.o(i.prvInsertBlockIntoFreeList)
    prvInsertBlockIntoFreeList               0x08002f15   Thumb Code    72  heap_4.o(i.prvInsertBlockIntoFreeList)
    i.prvResetNextTaskUnblockTime            0x08002f60   Section        0  tasks.o(i.prvResetNextTaskUnblockTime)
    prvResetNextTaskUnblockTime              0x08002f61   Thumb Code    26  tasks.o(i.prvResetNextTaskUnblockTime)
    i.prvTaskExitError                       0x08002f80   Section        0  port.o(i.prvTaskExitError)
    prvTaskExitError                         0x08002f81   Thumb Code    36  port.o(i.prvTaskExitError)
    i.prvUnlockQueue                         0x08002fa8   Section        0  queue.o(i.prvUnlockQueue)
    prvUnlockQueue                           0x08002fa9   Thumb Code   106  queue.o(i.prvUnlockQueue)
    i.pvPortMalloc                           0x08003014   Section        0  heap_4.o(i.pvPortMalloc)
    i.pxPortInitialiseStack                  0x080030ec   Section        0  port.o(i.pxPortInitialiseStack)
    i.uxListRemove                           0x08003118   Section        0  list.o(i.uxListRemove)
    i.vListInitialise                        0x0800313c   Section        0  list.o(i.vListInitialise)
    i.vListInitialiseItem                    0x08003152   Section        0  list.o(i.vListInitialiseItem)
    i.vListInsert                            0x08003158   Section        0  list.o(i.vListInsert)
    i.vListInsertEnd                         0x08003188   Section        0  list.o(i.vListInsertEnd)
    i.vPortEnterCritical                     0x080031a0   Section        0  port.o(i.vPortEnterCritical)
    i.vPortExitCritical                      0x080031e0   Section        0  port.o(i.vPortExitCritical)
    i.vPortFree                              0x08003208   Section        0  heap_4.o(i.vPortFree)
    i.vPortSetupTimerInterrupt               0x08003264   Section        0  port.o(i.vPortSetupTimerInterrupt)
    i.vPortValidateInterruptPriority         0x08003284   Section        0  port.o(i.vPortValidateInterruptPriority)
    i.vTaskDelay                             0x080032d8   Section        0  tasks.o(i.vTaskDelay)
    i.vTaskMissedYield                       0x08003324   Section        0  tasks.o(i.vTaskMissedYield)
    i.vTaskPlaceOnEventList                  0x08003330   Section        0  tasks.o(i.vTaskPlaceOnEventList)
    i.vTaskSetTimeOutState                   0x08003360   Section        0  tasks.o(i.vTaskSetTimeOutState)
    i.vTaskStartScheduler                    0x08003384   Section        0  tasks.o(i.vTaskStartScheduler)
    i.vTaskSuspendAll                        0x080033ec   Section        0  tasks.o(i.vTaskSuspendAll)
    i.vTaskSwitchContext                     0x080033fc   Section        0  tasks.o(i.vTaskSwitchContext)
    i.xPortStartScheduler                    0x08003458   Section        0  port.o(i.xPortStartScheduler)
    i.xQueueCreateMutex                      0x08003538   Section        0  queue.o(i.xQueueCreateMutex)
    i.xQueueGenericCreate                    0x0800355c   Section        0  queue.o(i.xQueueGenericCreate)
    i.xQueueGenericReset                     0x080035a4   Section        0  queue.o(i.xQueueGenericReset)
    i.xQueueGenericSend                      0x0800362c   Section        0  queue.o(i.xQueueGenericSend)
    i.xQueueGenericSendFromISR               0x0800378c   Section        0  queue.o(i.xQueueGenericSendFromISR)
    i.xTaskCheckForTimeOut                   0x08003848   Section        0  tasks.o(i.xTaskCheckForTimeOut)
    i.xTaskCreate                            0x080038b4   Section        0  tasks.o(i.xTaskCreate)
    i.xTaskGetSchedulerState                 0x0800390c   Section        0  tasks.o(i.xTaskGetSchedulerState)
    i.xTaskIncrementTick                     0x08003928   Section        0  tasks.o(i.xTaskIncrementTick)
    i.xTaskPriorityDisinherit                0x080039f0   Section        0  tasks.o(i.xTaskPriorityDisinherit)
    i.xTaskRemoveFromEventList               0x08003a88   Section        0  tasks.o(i.xTaskRemoveFromEventList)
    i.xTaskResumeAll                         0x08003afc   Section        0  tasks.o(i.xTaskResumeAll)
    .constdata                               0x08003bc0   Section      112  main.o(.constdata)
    .constdata                               0x08003c30   Section       16  system_stm32f4xx.o(.constdata)
    .constdata                               0x08003c40   Section        8  system_stm32f4xx.o(.constdata)
    .conststring                             0x08003c48   Section       48  main.o(.conststring)
    .init_array                              0x08003c98   Section        4  main.o(.init_array)
    .init_array                              0x08003c9c   Section        0  cpp_init.o(.init_array)
    .data                                    0x20000000   Section       92  main.o(.data)
    .data                                    0x2000005c   Section       12  stm32f4xx_hal.o(.data)
    .data                                    0x20000068   Section        4  system_stm32f4xx.o(.data)
    .data                                    0x2000006c   Section       60  tasks.o(.data)
    uxDeletedTasksWaitingCleanUp             0x20000070   Data           4  tasks.o(.data)
    uxCurrentNumberOfTasks                   0x20000074   Data           4  tasks.o(.data)
    xTickCount                               0x20000078   Data           4  tasks.o(.data)
    uxTopReadyPriority                       0x2000007c   Data           4  tasks.o(.data)
    xSchedulerRunning                        0x20000080   Data           4  tasks.o(.data)
    uxPendedTicks                            0x20000084   Data           4  tasks.o(.data)
    xYieldPending                            0x20000088   Data           4  tasks.o(.data)
    xNumOfOverflows                          0x2000008c   Data           4  tasks.o(.data)
    uxTaskNumber                             0x20000090   Data           4  tasks.o(.data)
    xNextTaskUnblockTime                     0x20000094   Data           4  tasks.o(.data)
    xIdleTaskHandle                          0x20000098   Data           4  tasks.o(.data)
    uxSchedulerSuspended                     0x2000009c   Data           4  tasks.o(.data)
    pxDelayedTaskList                        0x200000a0   Data           4  tasks.o(.data)
    pxOverflowDelayedTaskList                0x200000a4   Data           4  tasks.o(.data)
    .data                                    0x200000a8   Section       24  heap_4.o(.data)
    pxEnd                                    0x200000a8   Data           4  heap_4.o(.data)
    xFreeBytesRemaining                      0x200000ac   Data           4  heap_4.o(.data)
    xMinimumEverFreeBytesRemaining           0x200000b0   Data           4  heap_4.o(.data)
    xBlockAllocatedBit                       0x200000b4   Data           4  heap_4.o(.data)
    xStart                                   0x200000b8   Data           8  heap_4.o(.data)
    .data                                    0x200000c0   Section       12  port.o(.data)
    ucMaxSysCallPriority                     0x200000c0   Data           1  port.o(.data)
    uxCriticalNesting                        0x200000c4   Data           4  port.o(.data)
    ulMaxPRIGROUPValue                       0x200000c8   Data           4  port.o(.data)
    .data                                    0x200000cc   Section        4  mvars.o(.data)
    .data                                    0x200000d0   Section        4  mvars.o(.data)
    .data                                    0x200000d4   Section        4  cpp_dtor.o(.data)
    ddtor_pointer                            0x200000d4   Data           4  cpp_dtor.o(.data)
    .bss                                     0x200000d8   Section      244  main.o(.bss)
    .bss                                     0x200001cc   Section       60  stm32f4xx_hal_timebase_tim.o(.bss)
    .bss                                     0x20000208   Section      664  usbh_conf.o(.bss)
    .bss                                     0x200004a0   Section      240  tasks.o(.bss)
    pxReadyTasksLists                        0x200004a0   Data         140  tasks.o(.bss)
    xDelayedTaskList1                        0x2000052c   Data          20  tasks.o(.bss)
    xDelayedTaskList2                        0x20000540   Data          20  tasks.o(.bss)
    xPendingReadyList                        0x20000554   Data          20  tasks.o(.bss)
    xTasksWaitingTermination                 0x20000568   Data          20  tasks.o(.bss)
    xSuspendedTaskList                       0x2000057c   Data          20  tasks.o(.bss)
    .bss                                     0x20000590   Section    15360  heap_4.o(.bss)
    ucHeap                                   0x20000590   Data       15360  heap_4.o(.bss)
    HEAP                                     0x20004190   Section      512  startup_stm32f407xx.o(HEAP)
    STACK                                    0x20004390   Section     1024  startup_stm32f407xx.o(STACK)

    Global Symbols

    Symbol Name                              Value     Ov Type        Size  Object(Section)

    BuildAttributes$$THM_ISAv4$E$P$D$K$B$S$7EM$VFPi3$EXTD16$VFPS$VFMA$PE$A:L22UL41UL21$X:L11$S22US41US21$IEEE1$IW$USESV6$~STKCKD$USESV7$~SHL$OSPACE$EBA8$MICROLIB$REQ8$PRES8$EABIv2 0x00000000   Number         0  anon$$obj.o ABSOLUTE
    __ARM_use_no_argv                        0x00000000   Number         0  main.o ABSOLUTE
    __decompress                              - Undefined Weak Reference
    _clock_init                               - Undefined Weak Reference
    _microlib_exit                            - Undefined Weak Reference
    __Vectors_Size                           0x00000188   Number         0  startup_stm32f407xx.o ABSOLUTE
    __Vectors                                0x08000000   Data           4  startup_stm32f407xx.o(RESET)
    __dso_handle                             0x08000000   Number         0  startup_stm32f407xx.o(RESET)
    __Vectors_End                            0x08000188   Data           0  startup_stm32f407xx.o(RESET)
    __main                                   0x08000189   Thumb Code     0  entry.o(.ARM.Collect$$$$00000000)
    _main_stk                                0x08000189   Thumb Code     0  entry2.o(.ARM.Collect$$$$00000001)
    _main_scatterload                        0x0800018d   Thumb Code     0  entry5.o(.ARM.Collect$$$$00000004)
    __main_after_scatterload                 0x08000191   Thumb Code     0  entry5.o(.ARM.Collect$$$$00000004)
    _main_clock                              0x08000191   Thumb Code     0  entry7b.o(.ARM.Collect$$$$00000008)
    _main_cpp_init$empty                     0x08000191   Thumb Code     0  entry8a.o(.ARM.Collect$$$$00000009)
    _main_cpp_init                           0x08000195   Thumb Code     0  entry8b.o(.ARM.Collect$$$$0000000A)
    _main_init                               0x08000195   Thumb Code     0  entry9a.o(.ARM.Collect$$$$0000000B)
    __rt_final_cpp                           0x0800019d   Thumb Code     0  entry10a.o(.ARM.Collect$$$$0000000D)
    __rt_final_cpp$nonempty                  0x0800019d   Thumb Code     0  entry10b.o(.ARM.Collect$$$$0000000E)
    __rt_final_exit                          0x080001a1   Thumb Code     0  entry11a.o(.ARM.Collect$$$$0000000F)
    SVC_Handler                              0x080001a5   Thumb Code    28  port.o(.emb_text)
    __asm___6_port_c_39a90d8d__prvStartFirstTask 0x080001c5   Thumb Code    28  port.o(.emb_text)
    __asm___6_port_c_39a90d8d__prvEnableVFP  0x080001e5   Thumb Code    16  port.o(.emb_text)
    PendSV_Handler                           0x080001f9   Thumb Code    92  port.o(.emb_text)
    vPortGetIPSR                             0x08000259   Thumb Code     6  port.o(.emb_text)
    Reset_Handler                            0x08000261   Thumb Code     8  startup_stm32f407xx.o(.text)
    ADC_IRQHandler                           0x0800027b   Thumb Code     0  startup_stm32f407xx.o(.text)
    CAN1_RX0_IRQHandler                      0x0800027b   Thumb Code     0  startup_stm32f407xx.o(.text)
    CAN1_RX1_IRQHandler                      0x0800027b   Thumb Code     0  startup_stm32f407xx.o(.text)
    CAN1_SCE_IRQHandler                      0x0800027b   Thumb Code     0  startup_stm32f407xx.o(.text)
    CAN1_TX_IRQHandler                       0x0800027b   Thumb Code     0  startup_stm32f407xx.o(.text)
    CAN2_RX0_IRQHandler                      0x0800027b   Thumb Code     0  startup_stm32f407xx.o(.text)
    CAN2_RX1_IRQHandler                      0x0800027b   Thumb Code     0  startup_stm32f407xx.o(.text)
    CAN2_SCE_IRQHandler                      0x0800027b   Thumb Code     0  startup_stm32f407xx.o(.text)
    CAN2_TX_IRQHandler                       0x0800027b   Thumb Code     0  startup_stm32f407xx.o(.text)
    DCMI_IRQHandler                          0x0800027b   Thumb Code     0  startup_stm32f407xx.o(.text)
    DMA1_Stream0_IRQHandler                  0x0800027b   Thumb Code     0  startup_stm32f407xx.o(.text)
    DMA1_Stream1_IRQHandler                  0x0800027b   Thumb Code     0  startup_stm32f407xx.o(.text)
    DMA1_Stream2_IRQHandler                  0x0800027b   Thumb Code     0  startup_stm32f407xx.o(.text)
    DMA1_Stream3_IRQHandler                  0x0800027b   Thumb Code     0  startup_stm32f407xx.o(.text)
    DMA1_Stream4_IRQHandler                  0x0800027b   Thumb Code     0  startup_stm32f407xx.o(.text)
    DMA1_Stream5_IRQHandler                  0x0800027b   Thumb Code     0  startup_stm32f407xx.o(.text)
    DMA1_Stream6_IRQHandler                  0x0800027b   Thumb Code     0  startup_stm32f407xx.o(.text)
    DMA1_Stream7_IRQHandler                  0x0800027b   Thumb Code     0  startup_stm32f407xx.o(.text)
    DMA2_Stream0_IRQHandler                  0x0800027b   Thumb Code     0  startup_stm32f407xx.o(.text)
    DMA2_Stream1_IRQHandler                  0x0800027b   Thumb Code     0  startup_stm32f407xx.o(.text)
    DMA2_Stream2_IRQHandler                  0x0800027b   Thumb Code     0  startup_stm32f407xx.o(.text)
    DMA2_Stream3_IRQHandler                  0x0800027b   Thumb Code     0  startup_stm32f407xx.o(.text)
    DMA2_Stream4_IRQHandler                  0x0800027b   Thumb Code     0  startup_stm32f407xx.o(.text)
    DMA2_Stream5_IRQHandler                  0x0800027b   Thumb Code     0  startup_stm32f407xx.o(.text)
    DMA2_Stream6_IRQHandler                  0x0800027b   Thumb Code     0  startup_stm32f407xx.o(.text)
    DMA2_Stream7_IRQHandler                  0x0800027b   Thumb Code     0  startup_stm32f407xx.o(.text)
    ETH_IRQHandler                           0x0800027b   Thumb Code     0  startup_stm32f407xx.o(.text)
    ETH_WKUP_IRQHandler                      0x0800027b   Thumb Code     0  startup_stm32f407xx.o(.text)
    EXTI0_IRQHandler                         0x0800027b   Thumb Code     0  startup_stm32f407xx.o(.text)
    EXTI15_10_IRQHandler                     0x0800027b   Thumb Code     0  startup_stm32f407xx.o(.text)
    EXTI1_IRQHandler                         0x0800027b   Thumb Code     0  startup_stm32f407xx.o(.text)
    EXTI2_IRQHandler                         0x0800027b   Thumb Code     0  startup_stm32f407xx.o(.text)
    EXTI3_IRQHandler                         0x0800027b   Thumb Code     0  startup_stm32f407xx.o(.text)
    EXTI4_IRQHandler                         0x0800027b   Thumb Code     0  startup_stm32f407xx.o(.text)
    EXTI9_5_IRQHandler                       0x0800027b   Thumb Code     0  startup_stm32f407xx.o(.text)
    FLASH_IRQHandler                         0x0800027b   Thumb Code     0  startup_stm32f407xx.o(.text)
    FMC_IRQHandler                           0x0800027b   Thumb Code     0  startup_stm32f407xx.o(.text)
    FPU_IRQHandler                           0x0800027b   Thumb Code     0  startup_stm32f407xx.o(.text)
    HASH_RNG_IRQHandler                      0x0800027b   Thumb Code     0  startup_stm32f407xx.o(.text)
    I2C1_ER_IRQHandler                       0x0800027b   Thumb Code     0  startup_stm32f407xx.o(.text)
    I2C1_EV_IRQHandler                       0x0800027b   Thumb Code     0  startup_stm32f407xx.o(.text)
    I2C2_ER_IRQHandler                       0x0800027b   Thumb Code     0  startup_stm32f407xx.o(.text)
    I2C2_EV_IRQHandler                       0x0800027b   Thumb Code     0  startup_stm32f407xx.o(.text)
    I2C3_ER_IRQHandler                       0x0800027b   Thumb Code     0  startup_stm32f407xx.o(.text)
    I2C3_EV_IRQHandler                       0x0800027b   Thumb Code     0  startup_stm32f407xx.o(.text)
    OTG_FS_WKUP_IRQHandler                   0x0800027b   Thumb Code     0  startup_stm32f407xx.o(.text)
    OTG_HS_EP1_IN_IRQHandler                 0x0800027b   Thumb Code     0  startup_stm32f407xx.o(.text)
    OTG_HS_EP1_OUT_IRQHandler                0x0800027b   Thumb Code     0  startup_stm32f407xx.o(.text)
    OTG_HS_IRQHandler                        0x0800027b   Thumb Code     0  startup_stm32f407xx.o(.text)
    OTG_HS_WKUP_IRQHandler                   0x0800027b   Thumb Code     0  startup_stm32f407xx.o(.text)
    PVD_IRQHandler                           0x0800027b   Thumb Code     0  startup_stm32f407xx.o(.text)
    RCC_IRQHandler                           0x0800027b   Thumb Code     0  startup_stm32f407xx.o(.text)
    RTC_Alarm_IRQHandler                     0x0800027b   Thumb Code     0  startup_stm32f407xx.o(.text)
    RTC_WKUP_IRQHandler                      0x0800027b   Thumb Code     0  startup_stm32f407xx.o(.text)
    SDIO_IRQHandler                          0x0800027b   Thumb Code     0  startup_stm32f407xx.o(.text)
    SPI1_IRQHandler                          0x0800027b   Thumb Code     0  startup_stm32f407xx.o(.text)
    SPI2_IRQHandler                          0x0800027b   Thumb Code     0  startup_stm32f407xx.o(.text)
    SPI3_IRQHandler                          0x0800027b   Thumb Code     0  startup_stm32f407xx.o(.text)
    TAMP_STAMP_IRQHandler                    0x0800027b   Thumb Code     0  startup_stm32f407xx.o(.text)
    TIM1_BRK_TIM9_IRQHandler                 0x0800027b   Thumb Code     0  startup_stm32f407xx.o(.text)
    TIM1_CC_IRQHandler                       0x0800027b   Thumb Code     0  startup_stm32f407xx.o(.text)
    TIM1_TRG_COM_TIM11_IRQHandler            0x0800027b   Thumb Code     0  startup_stm32f407xx.o(.text)
    TIM1_UP_TIM10_IRQHandler                 0x0800027b   Thumb Code     0  startup_stm32f407xx.o(.text)
    TIM2_IRQHandler                          0x0800027b   Thumb Code     0  startup_stm32f407xx.o(.text)
    TIM3_IRQHandler                          0x0800027b   Thumb Code     0  startup_stm32f407xx.o(.text)
    TIM4_IRQHandler                          0x0800027b   Thumb Code     0  startup_stm32f407xx.o(.text)
    TIM5_IRQHandler                          0x0800027b   Thumb Code     0  startup_stm32f407xx.o(.text)
    TIM7_IRQHandler                          0x0800027b   Thumb Code     0  startup_stm32f407xx.o(.text)
    TIM8_BRK_TIM12_IRQHandler                0x0800027b   Thumb Code     0  startup_stm32f407xx.o(.text)
    TIM8_CC_IRQHandler                       0x0800027b   Thumb Code     0  startup_stm32f407xx.o(.text)
    TIM8_TRG_COM_TIM14_IRQHandler            0x0800027b   Thumb Code     0  startup_stm32f407xx.o(.text)
    TIM8_UP_TIM13_IRQHandler                 0x0800027b   Thumb Code     0  startup_stm32f407xx.o(.text)
    UART4_IRQHandler                         0x0800027b   Thumb Code     0  startup_stm32f407xx.o(.text)
    UART5_IRQHandler                         0x0800027b   Thumb Code     0  startup_stm32f407xx.o(.text)
    USART1_IRQHandler                        0x0800027b   Thumb Code     0  startup_stm32f407xx.o(.text)
    USART2_IRQHandler                        0x0800027b   Thumb Code     0  startup_stm32f407xx.o(.text)
    USART3_IRQHandler                        0x0800027b   Thumb Code     0  startup_stm32f407xx.o(.text)
    USART6_IRQHandler                        0x0800027b   Thumb Code     0  startup_stm32f407xx.o(.text)
    WWDG_IRQHandler                          0x0800027b   Thumb Code     0  startup_stm32f407xx.o(.text)
    __aeabi_uldivmod                         0x08000285   Thumb Code    98  uldiv.o(.text)
    __aeabi_memcpy                           0x080002e7   Thumb Code    36  memcpya.o(.text)
    __aeabi_memcpy4                          0x080002e7   Thumb Code     0  memcpya.o(.text)
    __aeabi_memcpy8                          0x080002e7   Thumb Code     0  memcpya.o(.text)
    __aeabi_memset                           0x0800030b   Thumb Code    14  memseta.o(.text)
    __aeabi_memset4                          0x0800030b   Thumb Code     0  memseta.o(.text)
    __aeabi_memset8                          0x0800030b   Thumb Code     0  memseta.o(.text)
    __aeabi_memclr                           0x08000319   Thumb Code     4  memseta.o(.text)
    __aeabi_memclr4                          0x08000319   Thumb Code     0  memseta.o(.text)
    __aeabi_memclr8                          0x08000319   Thumb Code     0  memseta.o(.text)
    _memset$wrapper                          0x0800031d   Thumb Code    18  memseta.o(.text)
    __cpp_initialize__aeabi_                 0x08000331   Thumb Code    22  cpp_init.o(.text)
    __aeabi_atexit                           0x08000351   Thumb Code    46  aeabi_atexit.o(.text)
    __aeabi_llsl                             0x0800037f   Thumb Code    30  llshl.o(.text)
    _ll_shift_l                              0x0800037f   Thumb Code     0  llshl.o(.text)
    __aeabi_llsr                             0x0800039d   Thumb Code    32  llushr.o(.text)
    _ll_ushift_r                             0x0800039d   Thumb Code     0  llushr.o(.text)
    __rt_ddtor_pointer_addr                  0x080003bd   Thumb Code     4  cpp_dtor.o(.text)
    __cxa_finalize                           0x080003c5   Thumb Code    66  cxa_finalize.o(.text)
    __scatterload                            0x08000409   Thumb Code    28  init.o(.text)
    __scatterload_rt2                        0x08000409   Thumb Code     0  init.o(.text)
    __rt_lib_shutdown_cpp_2                  0x0800042d   Thumb Code     2  cpp_final.o(.text)
    BusFault_Handler                         0x0800042f   Thumb Code     2  stm32f4xx_it.o(i.BusFault_Handler)
    DebugMon_Handler                         0x08000431   Thumb Code     2  stm32f4xx_it.o(i.DebugMon_Handler)
    HAL_Delay                                0x08000435   Thumb Code    32  stm32f4xx_hal.o(i.HAL_Delay)
    HAL_GPIO_Init                            0x08000459   Thumb Code   388  stm32f4xx_hal_gpio.o(i.HAL_GPIO_Init)
    HAL_GPIO_TogglePin                       0x08000609   Thumb Code     8  stm32f4xx_hal_gpio.o(i.HAL_GPIO_TogglePin)
    HAL_GPIO_WritePin                        0x08000611   Thumb Code    10  stm32f4xx_hal_gpio.o(i.HAL_GPIO_WritePin)
    HAL_GetTick                              0x0800061d   Thumb Code     6  stm32f4xx_hal.o(i.HAL_GetTick)
    HAL_HCD_Connect_Callback                 0x08000629   Thumb Code     8  usbh_conf.o(i.HAL_HCD_Connect_Callback)
    HAL_HCD_Disconnect_Callback              0x08000631   Thumb Code     8  usbh_conf.o(i.HAL_HCD_Disconnect_Callback)
    HAL_HCD_HC_NotifyURBChange_Callback      0x08000639   Thumb Code     8  usbh_conf.o(i.HAL_HCD_HC_NotifyURBChange_Callback)
    HAL_HCD_IRQHandler                       0x08000641   Thumb Code   302  stm32f4xx_hal_hcd.o(i.HAL_HCD_IRQHandler)
    HAL_HCD_SOF_Callback                     0x0800076f   Thumb Code     8  usbh_conf.o(i.HAL_HCD_SOF_Callback)
    HAL_HCD_Start                            0x08000777   Thumb Code    44  stm32f4xx_hal_hcd.o(i.HAL_HCD_Start)
    HAL_HCD_Stop                             0x080007a3   Thumb Code    36  stm32f4xx_hal_hcd.o(i.HAL_HCD_Stop)
    HAL_I2C_Init                             0x080007c9   Thumb Code   254  stm32f4xx_hal_i2c.o(i.HAL_I2C_Init)
    HAL_I2C_MspInit                          0x080008d1   Thumb Code    94  stm32f4xx_hal_msp.o(i.HAL_I2C_MspInit)
    HAL_I2SEx_FullDuplex_IRQHandler          0x0800093d   Thumb Code   476  stm32f4xx_hal_i2s_ex.o(i.HAL_I2SEx_FullDuplex_IRQHandler)
    HAL_I2SEx_TxRxCpltCallback               0x08000b21   Thumb Code     2  stm32f4xx_hal_i2s_ex.o(i.HAL_I2SEx_TxRxCpltCallback)
    HAL_I2S_ErrorCallback                    0x08000b23   Thumb Code     2  stm32f4xx_hal_i2s.o(i.HAL_I2S_ErrorCallback)
    HAL_I2S_Init                             0x08000b25   Thumb Code   366  stm32f4xx_hal_i2s.o(i.HAL_I2S_Init)
    HAL_I2S_MspInit                          0x08000ca5   Thumb Code   128  stm32f4xx_hal_msp.o(i.HAL_I2S_MspInit)
    HAL_I2S_RxCpltCallback                   0x08000d35   Thumb Code     2  stm32f4xx_hal_i2s.o(i.HAL_I2S_RxCpltCallback)
    HAL_I2S_TxCpltCallback                   0x08000d37   Thumb Code     2  stm32f4xx_hal_i2s.o(i.HAL_I2S_TxCpltCallback)
    HAL_IncTick                              0x08000d39   Thumb Code    12  stm32f4xx_hal.o(i.HAL_IncTick)
    HAL_Init                                 0x08000d49   Thumb Code    48  stm32f4xx_hal.o(i.HAL_Init)
    HAL_InitTick                             0x08000d7d   Thumb Code   100  stm32f4xx_hal_timebase_tim.o(i.HAL_InitTick)
    HAL_MspInit                              0x08000df1   Thumb Code    52  stm32f4xx_hal_msp.o(i.HAL_MspInit)
    HAL_NVIC_EnableIRQ                       0x08000e29   Thumb Code    22  stm32f4xx_hal_cortex.o(i.HAL_NVIC_EnableIRQ)
    HAL_NVIC_SetPriority                     0x08000e41   Thumb Code    60  stm32f4xx_hal_cortex.o(i.HAL_NVIC_SetPriority)
    HAL_NVIC_SetPriorityGrouping             0x08000e81   Thumb Code    26  stm32f4xx_hal_cortex.o(i.HAL_NVIC_SetPriorityGrouping)
    HAL_RCCEx_GetPeriphCLKFreq               0x08000ea5   Thumb Code    76  stm32f4xx_hal_rcc_ex.o(i.HAL_RCCEx_GetPeriphCLKFreq)
    HAL_RCCEx_PeriphCLKConfig                0x08000f01   Thumb Code   296  stm32f4xx_hal_rcc_ex.o(i.HAL_RCCEx_PeriphCLKConfig)
    HAL_RCC_ClockConfig                      0x0800103d   Thumb Code   286  stm32f4xx_hal_rcc.o(i.HAL_RCC_ClockConfig)
    HAL_RCC_GetClockConfig                   0x0800116d   Thumb Code    54  stm32f4xx_hal_rcc.o(i.HAL_RCC_GetClockConfig)
    HAL_RCC_GetPCLK1Freq                     0x080011ad   Thumb Code    20  stm32f4xx_hal_rcc.o(i.HAL_RCC_GetPCLK1Freq)
    HAL_RCC_GetSysClockFreq                  0x080011cd   Thumb Code    88  stm32f4xx_hal_rcc.o(i.HAL_RCC_GetSysClockFreq)
    HAL_RCC_OscConfig                        0x0800122d   Thumb Code   770  stm32f4xx_hal_rcc.o(i.HAL_RCC_OscConfig)
    HAL_SPI_Init                             0x08001549   Thumb Code   128  stm32f4xx_hal_spi.o(i.HAL_SPI_Init)
    HAL_SPI_MspInit                          0x080015c9   Thumb Code    90  stm32f4xx_hal_msp.o(i.HAL_SPI_MspInit)
    HAL_TIMEx_BreakCallback                  0x08001631   Thumb Code     2  stm32f4xx_hal_tim_ex.o(i.HAL_TIMEx_BreakCallback)
    HAL_TIMEx_CommutationCallback            0x08001633   Thumb Code     2  stm32f4xx_hal_tim_ex.o(i.HAL_TIMEx_CommutationCallback)
    HAL_TIM_Base_Init                        0x08001635   Thumb Code    54  stm32f4xx_hal_tim.o(i.HAL_TIM_Base_Init)
    HAL_TIM_Base_MspInit                     0x0800166b   Thumb Code     2  stm32f4xx_hal_tim.o(i.HAL_TIM_Base_MspInit)
    HAL_TIM_Base_Start_IT                    0x0800166d   Thumb Code    24  stm32f4xx_hal_tim.o(i.HAL_TIM_Base_Start_IT)
    HAL_TIM_IC_CaptureCallback               0x08001685   Thumb Code     2  stm32f4xx_hal_tim.o(i.HAL_TIM_IC_CaptureCallback)
    HAL_TIM_IRQHandler                       0x08001687   Thumb Code   358  stm32f4xx_hal_tim.o(i.HAL_TIM_IRQHandler)
    HAL_TIM_OC_DelayElapsedCallback          0x080017ed   Thumb Code     2  stm32f4xx_hal_tim.o(i.HAL_TIM_OC_DelayElapsedCallback)
    HAL_TIM_PWM_PulseFinishedCallback        0x080017ef   Thumb Code     2  stm32f4xx_hal_tim.o(i.HAL_TIM_PWM_PulseFinishedCallback)
    HAL_TIM_PeriodElapsedCallback            0x080017f1   Thumb Code    14  main.o(i.HAL_TIM_PeriodElapsedCallback)
    HAL_TIM_TriggerCallback                  0x08001805   Thumb Code     2  stm32f4xx_hal_tim.o(i.HAL_TIM_TriggerCallback)
    HardFault_Handler                        0x08001d6d   Thumb Code     2  stm32f4xx_it.o(i.HardFault_Handler)
    MemManage_Handler                        0x08001f6d   Thumb Code     2  stm32f4xx_it.o(i.MemManage_Handler)
    NMI_Handler                              0x08001f6f   Thumb Code     2  stm32f4xx_it.o(i.NMI_Handler)
    OTG_FS_IRQHandler                        0x08001f91   Thumb Code     6  stm32f4xx_it.o(i.OTG_FS_IRQHandler)
    SysTick_Handler                          0x08001f9d   Thumb Code    38  port.o(i.SysTick_Handler)
    SystemInit                               0x08001fc9   Thumb Code    66  system_stm32f4xx.o(i.SystemInit)
    TIM6_DAC_IRQHandler                      0x0800201d   Thumb Code     6  stm32f4xx_it.o(i.TIM6_DAC_IRQHandler)
    TIM_Base_SetConfig                       0x08002029   Thumb Code   148  stm32f4xx_hal_tim.o(i.TIM_Base_SetConfig)
    USBH_FreePipe                            0x080020e9   Thumb Code    24  usbh_pipes.o(i.USBH_FreePipe)
    USBH_LL_Connect                          0x08002101   Thumb Code    56  usbh_core.o(i.USBH_LL_Connect)
    USBH_LL_Disconnect                       0x08002139   Thumb Code    68  usbh_core.o(i.USBH_LL_Disconnect)
    USBH_LL_IncTimer                         0x0800217d   Thumb Code    30  usbh_core.o(i.USBH_LL_IncTimer)
    USBH_LL_NotifyURBChange                  0x0800219b   Thumb Code    18  usbh_core.o(i.USBH_LL_NotifyURBChange)
    USBH_LL_Start                            0x080021ad   Thumb Code    32  usbh_conf.o(i.USBH_LL_Start)
    USBH_LL_Stop                             0x080021cd   Thumb Code    32  usbh_conf.o(i.USBH_LL_Stop)
    USB_DriveVbus                            0x080021ed   Thumb Code    44  stm32f4xx_ll_usb.o(i.USB_DriveVbus)
    USB_EnableGlobalInt                      0x08002219   Thumb Code    12  stm32f4xx_ll_usb.o(i.USB_EnableGlobalInt)
    USB_FlushRxFifo                          0x08002225   Thumb Code    28  stm32f4xx_ll_usb.o(i.USB_FlushRxFifo)
    USB_FlushTxFifo                          0x08002245   Thumb Code    32  stm32f4xx_ll_usb.o(i.USB_FlushTxFifo)
    USB_GetMode                              0x08002269   Thumb Code     8  stm32f4xx_ll_usb.o(i.USB_GetMode)
    USB_HC_Halt                              0x08002271   Thumb Code   328  stm32f4xx_ll_usb.o(i.USB_HC_Halt)
    USB_HC_ReadInterrupt                     0x080023b9   Thumb Code    12  stm32f4xx_ll_usb.o(i.USB_HC_ReadInterrupt)
    USB_InitFSLSPClkSel                      0x080023c5   Thumb Code    54  stm32f4xx_ll_usb.o(i.USB_InitFSLSPClkSel)
    USB_ReadInterrupts                       0x080023fb   Thumb Code     8  stm32f4xx_ll_usb.o(i.USB_ReadInterrupts)
    USB_ReadPacket                           0x08002403   Thumb Code    32  stm32f4xx_ll_usb.o(i.USB_ReadPacket)
    USB_StopHost                             0x08002423   Thumb Code   178  stm32f4xx_ll_usb.o(i.USB_StopHost)
    UsageFault_Handler                       0x080024d5   Thumb Code     2  stm32f4xx_it.o(i.UsageFault_Handler)
    StartTask02(const void*)                 0x080024d9   Thumb Code    14  main.o(i._Z11StartTask02PKv)
    StartTask03(const void*)                 0x080024ed   Thumb Code    14  main.o(i._Z11StartTask03PKv)
    StartTask04(const void*)                 0x08002501   Thumb Code    18  main.o(i._Z11StartTask04PKv)
    StartDefaultTask(const void*)            0x080026b1   Thumb Code    14  main.o(i._Z16StartDefaultTaskPKv)
    SystemClock_Config()                     0x080026c5   Thumb Code   148  main.o(i._Z18SystemClock_Configv)
    led_cpp::on()                            0x08002761   Thumb Code    24  lib1.o(i._ZN7led_cpp2onEv)
    led_cpp::off()                           0x0800277d   Thumb Code    22  lib1.o(i._ZN7led_cpp3offEv)
    led_cpp::toggle()                        0x08002799   Thumb Code    36  lib1.o(i._ZN7led_cpp6toggleEv)
    led_cpp::led_cpp(unsigned short)         0x080027c1   Thumb Code     8  lib1.o(i._ZN7led_cppC1Et)
    led_cpp::led_cpp__sub_object(unsigned short) 0x080027c1   Thumb Code     0  lib1.o(i._ZN7led_cppC1Et)
    led_cpp::~led_cpp()                      0x080027c9   Thumb Code     2  lib1.o(i._ZN7led_cppD1Ev)
    led_cpp::~led_cpp__sub_object()          0x080027c9   Thumb Code     0  lib1.o(i._ZN7led_cppD1Ev)
    __scatterload_copy                       0x080027cb   Thumb Code    14  handlers.o(i.__scatterload_copy)
    __scatterload_null                       0x080027d9   Thumb Code     2  handlers.o(i.__scatterload_null)
    __scatterload_zeroinit                   0x080027db   Thumb Code    14  handlers.o(i.__scatterload_zeroinit)
    free                                     0x08002849   Thumb Code    76  malloc.o(i.free)
    main                                     0x080028a5   Thumb Code   496  main.o(i.main)
    malloc                                   0x08002abd   Thumb Code    92  malloc.o(i.malloc)
    osDelay                                  0x08002b29   Thumb Code    14  cmsis_os.o(i.osDelay)
    osKernelStart                            0x08002b37   Thumb Code    10  cmsis_os.o(i.osKernelStart)
    osMessageCreate                          0x08002b41   Thumb Code     8  cmsis_os.o(i.osMessageCreate)
    osMessagePut                             0x08002b49   Thumb Code    86  cmsis_os.o(i.osMessagePut)
    osMutexCreate                            0x08002ba5   Thumb Code     6  cmsis_os.o(i.osMutexCreate)
    osSemaphoreCreate                        0x08002bab   Thumb Code    38  cmsis_os.o(i.osSemaphoreCreate)
    osThreadCreate                           0x08002bd1   Thumb Code    46  cmsis_os.o(i.osThreadCreate)
    pvPortMalloc                             0x08003015   Thumb Code   210  heap_4.o(i.pvPortMalloc)
    pxPortInitialiseStack                    0x080030ed   Thumb Code    40  port.o(i.pxPortInitialiseStack)
    uxListRemove                             0x08003119   Thumb Code    36  list.o(i.uxListRemove)
    vListInitialise                          0x0800313d   Thumb Code    22  list.o(i.vListInitialise)
    vListInitialiseItem                      0x08003153   Thumb Code     6  list.o(i.vListInitialiseItem)
    vListInsert                              0x08003159   Thumb Code    48  list.o(i.vListInsert)
    vListInsertEnd                           0x08003189   Thumb Code    24  list.o(i.vListInsertEnd)
    vPortEnterCritical                       0x080031a1   Thumb Code    54  port.o(i.vPortEnterCritical)
    vPortExitCritical                        0x080031e1   Thumb Code    34  port.o(i.vPortExitCritical)
    vPortFree                                0x08003209   Thumb Code    88  heap_4.o(i.vPortFree)
    vPortSetupTimerInterrupt                 0x08003265   Thumb Code    26  port.o(i.vPortSetupTimerInterrupt)
    vPortValidateInterruptPriority           0x08003285   Thumb Code    74  port.o(i.vPortValidateInterruptPriority)
    vTaskDelay                               0x080032d9   Thumb Code    66  tasks.o(i.vTaskDelay)
    vTaskMissedYield                         0x08003325   Thumb Code     8  tasks.o(i.vTaskMissedYield)
    vTaskPlaceOnEventList                    0x08003331   Thumb Code    44  tasks.o(i.vTaskPlaceOnEventList)
    vTaskSetTimeOutState                     0x08003361   Thumb Code    30  tasks.o(i.vTaskSetTimeOutState)
    vTaskStartScheduler                      0x08003385   Thumb Code    86  tasks.o(i.vTaskStartScheduler)
    vTaskSuspendAll                          0x080033ed   Thumb Code    10  tasks.o(i.vTaskSuspendAll)
    vTaskSwitchContext                       0x080033fd   Thumb Code    82  tasks.o(i.vTaskSwitchContext)
    xPortStartScheduler                      0x08003459   Thumb Code   202  port.o(i.xPortStartScheduler)
    xQueueCreateMutex                        0x08003539   Thumb Code    36  queue.o(i.xQueueCreateMutex)
    xQueueGenericCreate                      0x0800355d   Thumb Code    72  queue.o(i.xQueueGenericCreate)
    xQueueGenericReset                       0x080035a5   Thumb Code   132  queue.o(i.xQueueGenericReset)
    xQueueGenericSend                        0x0800362d   Thumb Code   346  queue.o(i.xQueueGenericSend)
    xQueueGenericSendFromISR                 0x0800378d   Thumb Code   188  queue.o(i.xQueueGenericSendFromISR)
    xTaskCheckForTimeOut                     0x08003849   Thumb Code   102  tasks.o(i.xTaskCheckForTimeOut)
    xTaskCreate                              0x080038b5   Thumb Code    86  tasks.o(i.xTaskCreate)
    xTaskGetSchedulerState                   0x0800390d   Thumb Code    22  tasks.o(i.xTaskGetSchedulerState)
    xTaskIncrementTick                       0x08003929   Thumb Code   192  tasks.o(i.xTaskIncrementTick)
    xTaskPriorityDisinherit                  0x080039f1   Thumb Code   144  tasks.o(i.xTaskPriorityDisinherit)
    xTaskRemoveFromEventList                 0x08003a89   Thumb Code   108  tasks.o(i.xTaskRemoveFromEventList)
    xTaskResumeAll                           0x08003afd   Thumb Code   182  tasks.o(i.xTaskResumeAll)
    AHBPrescTable                            0x08003c30   Data          16  system_stm32f4xx.o(.constdata)
    APBPrescTable                            0x08003c40   Data           8  system_stm32f4xx.o(.constdata)
    Region$$Table$$Base                      0x08003c78   Number         0  anon$$obj.o(Region$$Table)
    Region$$Table$$Limit                     0x08003c98   Number         0  anon$$obj.o(Region$$Table)
    SHT$$INIT_ARRAY$$Base                    0x08003c98   Number         0  main.o(.init_array)
    SHT$$INIT_ARRAY$$Limit                   0x08003c9c   Number         0  cpp_init.o(.init_array)
    defaultTaskHandle                        0x20000000   Data           4  main.o(.data)
    myTask02Handle                           0x20000004   Data           4  main.o(.data)
    myTask03Handle                           0x20000008   Data           4  main.o(.data)
    myTask04Handle                           0x2000000c   Data           4  main.o(.data)
    myQueue01Handle                          0x20000010   Data           4  main.o(.data)
    myQueue02Handle                          0x20000014   Data           4  main.o(.data)
    myQueue03Handle                          0x20000018   Data           4  main.o(.data)
    myMutex01Handle                          0x2000001c   Data           4  main.o(.data)
    myMutex02Handle                          0x20000020   Data           4  main.o(.data)
    myMutex03Handle                          0x20000024   Data           4  main.o(.data)
    myMutex04Handle                          0x20000028   Data           4  main.o(.data)
    myBinarySem01Handle                      0x2000002c   Data           4  main.o(.data)
    myBinarySem02Handle                      0x20000030   Data           4  main.o(.data)
    myBinarySem03Handle                      0x20000034   Data           4  main.o(.data)
    myBinarySem04Handle                      0x20000038   Data           4  main.o(.data)
    led1                                     0x2000003c   Data           8  main.o(.data)
    led2                                     0x20000044   Data           8  main.o(.data)
    led3                                     0x2000004c   Data           8  main.o(.data)
    led4                                     0x20000054   Data           8  main.o(.data)
    uwTickFreq                               0x2000005c   Data           1  stm32f4xx_hal.o(.data)
    uwTickPrio                               0x20000060   Data           4  stm32f4xx_hal.o(.data)
    uwTick                                   0x20000064   Data           4  stm32f4xx_hal.o(.data)
    SystemCoreClock                          0x20000068   Data           4  system_stm32f4xx.o(.data)
    pxCurrentTCB                             0x2000006c   Data           4  tasks.o(.data)
    __microlib_freelist                      0x200000cc   Data           4  mvars.o(.data)
    __microlib_freelist_initialised          0x200000d0   Data           4  mvars.o(.data)
    hi2c1                                    0x200000d8   Data          84  main.o(.bss)
    hi2s3                                    0x2000012c   Data          72  main.o(.bss)
    hspi1                                    0x20000174   Data          88  main.o(.bss)
    htim6                                    0x200001cc   Data          60  stm32f4xx_hal_timebase_tim.o(.bss)
    hhcd_USB_OTG_FS                          0x20000208   Data         664  usbh_conf.o(.bss)
    __heap_base                              0x20004190   Data           0  startup_stm32f407xx.o(HEAP)
    __heap_limit                             0x20004390   Data           0  startup_stm32f407xx.o(HEAP)
    __initial_sp                             0x20004790   Data           0  startup_stm32f407xx.o(STACK)



==============================================================================

Memory Map of the image

  Image Entry point : 0x08000189

  Load Region LR_IROM1 (Base: 0x08000000, Size: 0x00003d74, Max: 0x00100000, ABSOLUTE)

    Execution Region ER_IROM1 (Exec base: 0x08000000, Load base: 0x08000000, Size: 0x00003c9c, Max: 0x00100000, ABSOLUTE)

    Exec Addr    Load Addr    Size         Type   Attr      Idx    E Section Name        Object

    0x08000000   0x08000000   0x00000188   Data   RO            3    RESET               startup_stm32f407xx.o
    0x08000188   0x08000188   0x00000000   Code   RO         5908  * .ARM.Collect$$$$00000000  mc_w.l(entry.o)
    0x08000188   0x08000188   0x00000004   Code   RO         5954    .ARM.Collect$$$$00000001  mc_w.l(entry2.o)
    0x0800018c   0x0800018c   0x00000004   Code   RO         5957    .ARM.Collect$$$$00000004  mc_w.l(entry5.o)
    0x08000190   0x08000190   0x00000000   Code   RO         5959    .ARM.Collect$$$$00000008  mc_w.l(entry7b.o)
    0x08000190   0x08000190   0x00000004   Code   RO         5960    .ARM.Collect$$$$00000009  mc_w.l(entry8a.o)
    0x08000194   0x08000194   0x00000000   Code   RO         5961    .ARM.Collect$$$$0000000A  mc_w.l(entry8b.o)
    0x08000194   0x08000194   0x00000008   Code   RO         5962    .ARM.Collect$$$$0000000B  mc_w.l(entry9a.o)
    0x0800019c   0x0800019c   0x00000000   Code   RO         5964    .ARM.Collect$$$$0000000D  mc_w.l(entry10a.o)
    0x0800019c   0x0800019c   0x00000004   Code   RO         5965    .ARM.Collect$$$$0000000E  mc_w.l(entry10b.o)
    0x080001a0   0x080001a0   0x00000000   Code   RO         5966    .ARM.Collect$$$$0000000F  mc_w.l(entry11a.o)
    0x080001a0   0x080001a0   0x00000004   Code   RO         5955    .ARM.Collect$$$$00002712  mc_w.l(entry2.o)
    0x080001a4   0x080001a4   0x000000ba   Code   RO         5380    .emb_text           port.o
    0x0800025e   0x0800025e   0x00000002   PAD
    0x08000260   0x08000260   0x00000024   Code   RO            4    .text               startup_stm32f407xx.o
    0x08000284   0x08000284   0x00000062   Code   RO         5911    .text               mc_w.l(uldiv.o)
    0x080002e6   0x080002e6   0x00000024   Code   RO         5913    .text               mc_w.l(memcpya.o)
    0x0800030a   0x0800030a   0x00000024   Code   RO         5915    .text               mc_w.l(memseta.o)
    0x0800032e   0x0800032e   0x00000002   PAD
    0x08000330   0x08000330   0x00000020   Code   RO         5950    .text               mc_w.l(cpp_init.o)
    0x08000350   0x08000350   0x0000002e   Code   RO         5952    .text               mc_w.l(aeabi_atexit.o)
    0x0800037e   0x0800037e   0x0000001e   Code   RO         5968    .text               mc_w.l(llshl.o)
    0x0800039c   0x0800039c   0x00000020   Code   RO         5970    .text               mc_w.l(llushr.o)
    0x080003bc   0x080003bc   0x00000008   Code   RO         5974    .text               mc_w.l(cpp_dtor.o)
    0x080003c4   0x080003c4   0x00000042   Code   RO         5977    .text               mc_w.l(cxa_finalize.o)
    0x08000406   0x08000406   0x00000002   PAD
    0x08000408   0x08000408   0x00000024   Code   RO         5979    .text               mc_w.l(init.o)
    0x0800042c   0x0800042c   0x00000002   Code   RO         5981    .text               mc_w.l(cpp_final.o)
    0x0800042e   0x0800042e   0x00000002   Code   RO          433    i.BusFault_Handler  stm32f4xx_it.o
    0x08000430   0x08000430   0x00000002   Code   RO          434    i.DebugMon_Handler  stm32f4xx_it.o
    0x08000432   0x08000432   0x00000002   PAD
    0x08000434   0x08000434   0x00000024   Code   RO         4183    i.HAL_Delay         stm32f4xx_hal.o
    0x08000458   0x08000458   0x000001b0   Code   RO         3657    i.HAL_GPIO_Init     stm32f4xx_hal_gpio.o
    0x08000608   0x08000608   0x00000008   Code   RO         3660    i.HAL_GPIO_TogglePin  stm32f4xx_hal_gpio.o
    0x08000610   0x08000610   0x0000000a   Code   RO         3661    i.HAL_GPIO_WritePin  stm32f4xx_hal_gpio.o
    0x0800061a   0x0800061a   0x00000002   PAD
    0x0800061c   0x0800061c   0x0000000c   Code   RO         4189    i.HAL_GetTick       stm32f4xx_hal.o
    0x08000628   0x08000628   0x00000008   Code   RO          747    i.HAL_HCD_Connect_Callback  usbh_conf.o
    0x08000630   0x08000630   0x00000008   Code   RO          748    i.HAL_HCD_Disconnect_Callback  usbh_conf.o
    0x08000638   0x08000638   0x00000008   Code   RO          749    i.HAL_HCD_HC_NotifyURBChange_Callback  usbh_conf.o
    0x08000640   0x08000640   0x0000012e   Code   RO         1002    i.HAL_HCD_IRQHandler  stm32f4xx_hal_hcd.o
    0x0800076e   0x0800076e   0x00000008   Code   RO          752    i.HAL_HCD_SOF_Callback  usbh_conf.o
    0x08000776   0x08000776   0x0000002c   Code   RO         1008    i.HAL_HCD_Start     stm32f4xx_hal_hcd.o
    0x080007a2   0x080007a2   0x00000024   Code   RO         1009    i.HAL_HCD_Stop      stm32f4xx_hal_hcd.o
    0x080007c6   0x080007c6   0x00000002   PAD
    0x080007c8   0x080007c8   0x00000108   Code   RO         1447    i.HAL_I2C_Init      stm32f4xx_hal_i2c.o
    0x080008d0   0x080008d0   0x0000006c   Code   RO          536    i.HAL_I2C_MspInit   stm32f4xx_hal_msp.o
    0x0800093c   0x0800093c   0x000001e4   Code   RO         2031    i.HAL_I2SEx_FullDuplex_IRQHandler  stm32f4xx_hal_i2s_ex.o
    0x08000b20   0x08000b20   0x00000002   Code   RO         2035    i.HAL_I2SEx_TxRxCpltCallback  stm32f4xx_hal_i2s_ex.o
    0x08000b22   0x08000b22   0x00000002   Code   RO         1856    i.HAL_I2S_ErrorCallback  stm32f4xx_hal_i2s.o
    0x08000b24   0x08000b24   0x00000180   Code   RO         1860    i.HAL_I2S_Init      stm32f4xx_hal_i2s.o
    0x08000ca4   0x08000ca4   0x00000090   Code   RO          538    i.HAL_I2S_MspInit   stm32f4xx_hal_msp.o
    0x08000d34   0x08000d34   0x00000002   Code   RO         1866    i.HAL_I2S_RxCpltCallback  stm32f4xx_hal_i2s.o
    0x08000d36   0x08000d36   0x00000002   Code   RO         1871    i.HAL_I2S_TxCpltCallback  stm32f4xx_hal_i2s.o
    0x08000d38   0x08000d38   0x00000010   Code   RO         4193    i.HAL_IncTick       stm32f4xx_hal.o
    0x08000d48   0x08000d48   0x00000034   Code   RO         4194    i.HAL_Init          stm32f4xx_hal.o
    0x08000d7c   0x08000d7c   0x00000074   Code   RO          595    i.HAL_InitTick      stm32f4xx_hal_timebase_tim.o
    0x08000df0   0x08000df0   0x00000038   Code   RO          539    i.HAL_MspInit       stm32f4xx_hal_msp.o
    0x08000e28   0x08000e28   0x00000016   Code   RO         4046    i.HAL_NVIC_EnableIRQ  stm32f4xx_hal_cortex.o
    0x08000e3e   0x08000e3e   0x00000002   PAD
    0x08000e40   0x08000e40   0x00000040   Code   RO         4052    i.HAL_NVIC_SetPriority  stm32f4xx_hal_cortex.o
    0x08000e80   0x08000e80   0x00000024   Code   RO         4053    i.HAL_NVIC_SetPriorityGrouping  stm32f4xx_hal_cortex.o
    0x08000ea4   0x08000ea4   0x0000005c   Code   RO         3407    i.HAL_RCCEx_GetPeriphCLKFreq  stm32f4xx_hal_rcc_ex.o
    0x08000f00   0x08000f00   0x0000013c   Code   RO         3408    i.HAL_RCCEx_PeriphCLKConfig  stm32f4xx_hal_rcc_ex.o
    0x0800103c   0x0800103c   0x00000130   Code   RO         3303    i.HAL_RCC_ClockConfig  stm32f4xx_hal_rcc.o
    0x0800116c   0x0800116c   0x00000040   Code   RO         3307    i.HAL_RCC_GetClockConfig  stm32f4xx_hal_rcc.o
    0x080011ac   0x080011ac   0x00000020   Code   RO         3310    i.HAL_RCC_GetPCLK1Freq  stm32f4xx_hal_rcc.o
    0x080011cc   0x080011cc   0x00000060   Code   RO         3312    i.HAL_RCC_GetSysClockFreq  stm32f4xx_hal_rcc.o
    0x0800122c   0x0800122c   0x0000031c   Code   RO         3315    i.HAL_RCC_OscConfig  stm32f4xx_hal_rcc.o
    0x08001548   0x08001548   0x00000080   Code   RO         2126    i.HAL_SPI_Init      stm32f4xx_hal_spi.o
    0x080015c8   0x080015c8   0x00000068   Code   RO          541    i.HAL_SPI_MspInit   stm32f4xx_hal_msp.o
    0x08001630   0x08001630   0x00000002   Code   RO         3063    i.HAL_TIMEx_BreakCallback  stm32f4xx_hal_tim_ex.o
    0x08001632   0x08001632   0x00000002   Code   RO         3064    i.HAL_TIMEx_CommutationCallback  stm32f4xx_hal_tim_ex.o
    0x08001634   0x08001634   0x00000036   Code   RO         2434    i.HAL_TIM_Base_Init  stm32f4xx_hal_tim.o
    0x0800166a   0x0800166a   0x00000002   Code   RO         2436    i.HAL_TIM_Base_MspInit  stm32f4xx_hal_tim.o
    0x0800166c   0x0800166c   0x00000018   Code   RO         2439    i.HAL_TIM_Base_Start_IT  stm32f4xx_hal_tim.o
    0x08001684   0x08001684   0x00000002   Code   RO         2463    i.HAL_TIM_IC_CaptureCallback  stm32f4xx_hal_tim.o
    0x08001686   0x08001686   0x00000166   Code   RO         2476    i.HAL_TIM_IRQHandler  stm32f4xx_hal_tim.o
    0x080017ec   0x080017ec   0x00000002   Code   RO         2479    i.HAL_TIM_OC_DelayElapsedCallback  stm32f4xx_hal_tim.o
    0x080017ee   0x080017ee   0x00000002   Code   RO         2506    i.HAL_TIM_PWM_PulseFinishedCallback  stm32f4xx_hal_tim.o
    0x080017f0   0x080017f0   0x00000014   Code   RO           14    i.HAL_TIM_PeriodElapsedCallback  main.o
    0x08001804   0x08001804   0x00000002   Code   RO         2517    i.HAL_TIM_TriggerCallback  stm32f4xx_hal_tim.o
    0x08001806   0x08001806   0x00000232   Code   RO         1010    i.HCD_HC_IN_IRQHandler  stm32f4xx_hal_hcd.o
    0x08001a38   0x08001a38   0x00000216   Code   RO         1011    i.HCD_HC_OUT_IRQHandler  stm32f4xx_hal_hcd.o
    0x08001c4e   0x08001c4e   0x000000ac   Code   RO         1012    i.HCD_Port_IRQHandler  stm32f4xx_hal_hcd.o
    0x08001cfa   0x08001cfa   0x00000002   PAD
    0x08001cfc   0x08001cfc   0x00000070   Code   RO         1013    i.HCD_RXQLVL_IRQHandler  stm32f4xx_hal_hcd.o
    0x08001d6c   0x08001d6c   0x00000002   Code   RO          435    i.HardFault_Handler  stm32f4xx_it.o
    0x08001d6e   0x08001d6e   0x00000002   PAD
    0x08001d70   0x08001d70   0x00000088   Code   RO         2037    i.I2SEx_FullDuplexRx_IT  stm32f4xx_hal_i2s_ex.o
    0x08001df8   0x08001df8   0x00000084   Code   RO         2038    i.I2SEx_FullDuplexTx_IT  stm32f4xx_hal_i2s_ex.o
    0x08001e7c   0x08001e7c   0x000000f0   Code   RO         1878    i.I2S_IRQHandler    stm32f4xx_hal_i2s.o
    0x08001f6c   0x08001f6c   0x00000002   Code   RO          436    i.MemManage_Handler  stm32f4xx_it.o
    0x08001f6e   0x08001f6e   0x00000002   Code   RO          437    i.NMI_Handler       stm32f4xx_it.o
    0x08001f70   0x08001f70   0x00000020   Code   RO         4059    i.NVIC_SetPriority  stm32f4xx_hal_cortex.o
    0x08001f90   0x08001f90   0x0000000c   Code   RO          438    i.OTG_FS_IRQHandler  stm32f4xx_it.o
    0x08001f9c   0x08001f9c   0x0000002c   Code   RO         5381    i.SysTick_Handler   port.o
    0x08001fc8   0x08001fc8   0x00000054   Code   RO         4348    i.SystemInit        system_stm32f4xx.o
    0x0800201c   0x0800201c   0x0000000c   Code   RO          439    i.TIM6_DAC_IRQHandler  stm32f4xx_it.o
    0x08002028   0x08002028   0x000000c0   Code   RO         2518    i.TIM_Base_SetConfig  stm32f4xx_hal_tim.o
    0x080020e8   0x080020e8   0x00000018   Code   RO         5752    i.USBH_FreePipe     usbh_pipes.o
    0x08002100   0x08002100   0x00000038   Code   RO         5467    i.USBH_LL_Connect   usbh_core.o
    0x08002138   0x08002138   0x00000044   Code   RO         5468    i.USBH_LL_Disconnect  usbh_core.o
    0x0800217c   0x0800217c   0x0000001e   Code   RO         5469    i.USBH_LL_IncTimer  usbh_core.o
    0x0800219a   0x0800219a   0x00000012   Code   RO         5470    i.USBH_LL_NotifyURBChange  usbh_core.o
    0x080021ac   0x080021ac   0x00000020   Code   RO          765    i.USBH_LL_Start     usbh_conf.o
    0x080021cc   0x080021cc   0x00000020   Code   RO          766    i.USBH_LL_Stop      usbh_conf.o
    0x080021ec   0x080021ec   0x0000002c   Code   RO         1166    i.USB_DriveVbus     stm32f4xx_ll_usb.o
    0x08002218   0x08002218   0x0000000c   Code   RO         1172    i.USB_EnableGlobalInt  stm32f4xx_ll_usb.o
    0x08002224   0x08002224   0x00000020   Code   RO         1173    i.USB_FlushRxFifo   stm32f4xx_ll_usb.o
    0x08002244   0x08002244   0x00000024   Code   RO         1174    i.USB_FlushTxFifo   stm32f4xx_ll_usb.o
    0x08002268   0x08002268   0x00000008   Code   RO         1178    i.USB_GetMode       stm32f4xx_ll_usb.o
    0x08002270   0x08002270   0x00000148   Code   RO         1179    i.USB_HC_Halt       stm32f4xx_ll_usb.o
    0x080023b8   0x080023b8   0x0000000c   Code   RO         1181    i.USB_HC_ReadInterrupt  stm32f4xx_ll_usb.o
    0x080023c4   0x080023c4   0x00000036   Code   RO         1184    i.USB_InitFSLSPClkSel  stm32f4xx_ll_usb.o
    0x080023fa   0x080023fa   0x00000008   Code   RO         1189    i.USB_ReadInterrupts  stm32f4xx_ll_usb.o
    0x08002402   0x08002402   0x00000020   Code   RO         1190    i.USB_ReadPacket    stm32f4xx_ll_usb.o
    0x08002422   0x08002422   0x000000b2   Code   RO         1196    i.USB_StopHost      stm32f4xx_ll_usb.o
    0x080024d4   0x080024d4   0x00000002   Code   RO          440    i.UsageFault_Handler  stm32f4xx_it.o
    0x080024d6   0x080024d6   0x00000002   PAD
    0x080024d8   0x080024d8   0x00000014   Code   RO           15    i._Z11StartTask02PKv  main.o
    0x080024ec   0x080024ec   0x00000014   Code   RO           16    i._Z11StartTask03PKv  main.o
    0x08002500   0x08002500   0x00000018   Code   RO           17    i._Z11StartTask04PKv  main.o
    0x08002518   0x08002518   0x00000164   Code   RO           18    i._Z12MX_GPIO_Initv  main.o
    0x0800267c   0x0800267c   0x00000034   Code   RO           19    i._Z12MX_SPI1_Initv  main.o
    0x080026b0   0x080026b0   0x00000014   Code   RO           20    i._Z16StartDefaultTaskPKv  main.o
    0x080026c4   0x080026c4   0x0000009c   Code   RO           21    i._Z18SystemClock_Configv  main.o
    0x08002760   0x08002760   0x0000001c   Code   RO          634    i._ZN7led_cpp2onEv  lib1.o
    0x0800277c   0x0800277c   0x0000001c   Code   RO          635    i._ZN7led_cpp3offEv  lib1.o
    0x08002798   0x08002798   0x00000028   Code   RO          636    i._ZN7led_cpp6toggleEv  lib1.o
    0x080027c0   0x080027c0   0x00000008   Code   RO          637    i._ZN7led_cppC1Et   lib1.o
    0x080027c8   0x080027c8   0x00000002   Code   RO          638    i._ZN7led_cppD1Ev   lib1.o
    0x080027ca   0x080027ca   0x0000000e   Code   RO         5985    i.__scatterload_copy  mc_w.l(handlers.o)
    0x080027d8   0x080027d8   0x00000002   Code   RO         5986    i.__scatterload_null  mc_w.l(handlers.o)
    0x080027da   0x080027da   0x0000000e   Code   RO         5987    i.__scatterload_zeroinit  mc_w.l(handlers.o)
    0x080027e8   0x080027e8   0x00000060   Code   RO           22    i.__sti___8_main_cpp_led1  main.o
    0x08002848   0x08002848   0x00000050   Code   RO         5919    i.free              mc_w.l(malloc.o)
    0x08002898   0x08002898   0x0000000c   Code   RO         4944    i.inHandlerMode     cmsis_os.o
    0x080028a4   0x080028a4   0x0000020c   Code   RO           23    i.main              main.o
    0x08002ab0   0x08002ab0   0x0000000c   Code   RO         4946    i.makeFreeRtosPriority  cmsis_os.o
    0x08002abc   0x08002abc   0x0000006c   Code   RO         5920    i.malloc            mc_w.l(malloc.o)
    0x08002b28   0x08002b28   0x0000000e   Code   RO         4948    i.osDelay           cmsis_os.o
    0x08002b36   0x08002b36   0x0000000a   Code   RO         4951    i.osKernelStart     cmsis_os.o
    0x08002b40   0x08002b40   0x00000008   Code   RO         4960    i.osMessageCreate   cmsis_os.o
    0x08002b48   0x08002b48   0x0000005c   Code   RO         4964    i.osMessagePut      cmsis_os.o
    0x08002ba4   0x08002ba4   0x00000006   Code   RO         4966    i.osMutexCreate     cmsis_os.o
    0x08002baa   0x08002baa   0x00000026   Code   RO         4977    i.osSemaphoreCreate  cmsis_os.o
    0x08002bd0   0x08002bd0   0x0000002e   Code   RO         4985    i.osThreadCreate    cmsis_os.o
    0x08002bfe   0x08002bfe   0x00000002   PAD
    0x08002c00   0x08002c00   0x00000070   Code   RO         4657    i.prvAddCurrentTaskToDelayedList  tasks.o
    0x08002c70   0x08002c70   0x000000d0   Code   RO         4658    i.prvAddNewTaskToReadyList  tasks.o
    0x08002d40   0x08002d40   0x00000050   Code   RO         4659    i.prvCheckTasksWaitingTermination  tasks.o
    0x08002d90   0x08002d90   0x0000006c   Code   RO         4518    i.prvCopyDataToQueue  queue.o
    0x08002dfc   0x08002dfc   0x00000014   Code   RO         4660    i.prvDeleteTCB      tasks.o
    0x08002e10   0x08002e10   0x0000004c   Code   RO         5319    i.prvHeapInit       heap_4.o
    0x08002e5c   0x08002e5c   0x00000028   Code   RO         4661    i.prvIdleTask       tasks.o
    0x08002e84   0x08002e84   0x0000008e   Code   RO         4662    i.prvInitialiseNewTask  tasks.o
    0x08002f12   0x08002f12   0x00000002   PAD
    0x08002f14   0x08002f14   0x0000004c   Code   RO         5320    i.prvInsertBlockIntoFreeList  heap_4.o
    0x08002f60   0x08002f60   0x00000020   Code   RO         4663    i.prvResetNextTaskUnblockTime  tasks.o
    0x08002f80   0x08002f80   0x00000028   Code   RO         5382    i.prvTaskExitError  port.o
    0x08002fa8   0x08002fa8   0x0000006a   Code   RO         4520    i.prvUnlockQueue    queue.o
    0x08003012   0x08003012   0x00000002   PAD
    0x08003014   0x08003014   0x000000d8   Code   RO         5321    i.pvPortMalloc      heap_4.o
    0x080030ec   0x080030ec   0x0000002c   Code   RO         5383    i.pxPortInitialiseStack  port.o
    0x08003118   0x08003118   0x00000024   Code   RO         4480    i.uxListRemove      list.o
    0x0800313c   0x0800313c   0x00000016   Code   RO         4481    i.vListInitialise   list.o
    0x08003152   0x08003152   0x00000006   Code   RO         4482    i.vListInitialiseItem  list.o
    0x08003158   0x08003158   0x00000030   Code   RO         4483    i.vListInsert       list.o
    0x08003188   0x08003188   0x00000018   Code   RO         4484    i.vListInsertEnd    list.o
    0x080031a0   0x080031a0   0x00000040   Code   RO         5385    i.vPortEnterCritical  port.o
    0x080031e0   0x080031e0   0x00000028   Code   RO         5386    i.vPortExitCritical  port.o
    0x08003208   0x08003208   0x0000005c   Code   RO         5322    i.vPortFree         heap_4.o
    0x08003264   0x08003264   0x00000020   Code   RO         5387    i.vPortSetupTimerInterrupt  port.o
    0x08003284   0x08003284   0x00000054   Code   RO         5388    i.vPortValidateInterruptPriority  port.o
    0x080032d8   0x080032d8   0x0000004c   Code   RO         4671    i.vTaskDelay        tasks.o
    0x08003324   0x08003324   0x0000000c   Code   RO         4674    i.vTaskMissedYield  tasks.o
    0x08003330   0x08003330   0x00000030   Code   RO         4676    i.vTaskPlaceOnEventList  tasks.o
    0x08003360   0x08003360   0x00000024   Code   RO         4681    i.vTaskSetTimeOutState  tasks.o
    0x08003384   0x08003384   0x00000068   Code   RO         4682    i.vTaskStartScheduler  tasks.o
    0x080033ec   0x080033ec   0x00000010   Code   RO         4684    i.vTaskSuspendAll   tasks.o
    0x080033fc   0x080033fc   0x0000005c   Code   RO         4685    i.vTaskSwitchContext  tasks.o
    0x08003458   0x08003458   0x000000e0   Code   RO         5389    i.xPortStartScheduler  port.o
    0x08003538   0x08003538   0x00000024   Code   RO         4527    i.xQueueCreateMutex  queue.o
    0x0800355c   0x0800355c   0x00000048   Code   RO         4528    i.xQueueGenericCreate  queue.o
    0x080035a4   0x080035a4   0x00000088   Code   RO         4530    i.xQueueGenericReset  queue.o
    0x0800362c   0x0800362c   0x00000160   Code   RO         4531    i.xQueueGenericSend  queue.o
    0x0800378c   0x0800378c   0x000000bc   Code   RO         4532    i.xQueueGenericSendFromISR  queue.o
    0x08003848   0x08003848   0x0000006c   Code   RO         4686    i.xTaskCheckForTimeOut  tasks.o
    0x080038b4   0x080038b4   0x00000056   Code   RO         4687    i.xTaskCreate       tasks.o
    0x0800390a   0x0800390a   0x00000002   PAD
    0x0800390c   0x0800390c   0x0000001c   Code   RO         4691    i.xTaskGetSchedulerState  tasks.o
    0x08003928   0x08003928   0x000000c8   Code   RO         4694    i.xTaskIncrementTick  tasks.o
    0x080039f0   0x080039f0   0x00000098   Code   RO         4697    i.xTaskPriorityDisinherit  tasks.o
    0x08003a88   0x08003a88   0x00000074   Code   RO         4698    i.xTaskRemoveFromEventList  tasks.o
    0x08003afc   0x08003afc   0x000000c4   Code   RO         4700    i.xTaskResumeAll    tasks.o
    0x08003bc0   0x08003bc0   0x00000070   Data   RO           36    .constdata          main.o
    0x08003c30   0x08003c30   0x00000010   Data   RO         4349    .constdata          system_stm32f4xx.o
    0x08003c40   0x08003c40   0x00000008   Data   RO         4350    .constdata          system_stm32f4xx.o
    0x08003c48   0x08003c48   0x00000030   Data   RO           37    .conststring        main.o
    0x08003c78   0x08003c78   0x00000020   Data   RO         5983    Region$$Table       anon$$obj.o
    0x08003c98   0x08003c98   0x00000004   Data   RO           40    .init_array         main.o
    0x08003c9c   0x08003c98   0x00000000   Data   RO         5948    .init_array         mc_w.l(cpp_init.o)


    Execution Region RW_IRAM1 (Exec base: 0x20000000, Load base: 0x08003c9c, Size: 0x00004790, Max: 0x00020000, ABSOLUTE)

    Exec Addr    Load Addr    Size         Type   Attr      Idx    E Section Name        Object

    0x20000000   0x08003c9c   0x0000005c   Data   RW           38    .data               main.o
    0x2000005c   0x08003cf8   0x0000000c   Data   RW         4201    .data               stm32f4xx_hal.o
    0x20000068   0x08003d04   0x00000004   Data   RW         4351    .data               system_stm32f4xx.o
    0x2000006c   0x08003d08   0x0000003c   Data   RW         4703    .data               tasks.o
    0x200000a8   0x08003d44   0x00000018   Data   RW         5327    .data               heap_4.o
    0x200000c0   0x08003d5c   0x0000000c   Data   RW         5390    .data               port.o
    0x200000cc   0x08003d68   0x00000004   Data   RW         5972    .data               mc_w.l(mvars.o)
    0x200000d0   0x08003d6c   0x00000004   Data   RW         5973    .data               mc_w.l(mvars.o)
    0x200000d4   0x08003d70   0x00000004   Data   RW         5975    .data               mc_w.l(cpp_dtor.o)
    0x200000d8        -       0x000000f4   Zero   RW           35    .bss                main.o
    0x200001cc        -       0x0000003c   Zero   RW          598    .bss                stm32f4xx_hal_timebase_tim.o
    0x20000208        -       0x00000298   Zero   RW          768    .bss                usbh_conf.o
    0x200004a0        -       0x000000f0   Zero   RW         4702    .bss                tasks.o
    0x20000590        -       0x00003c00   Zero   RW         5326    .bss                heap_4.o
    0x20004190        -       0x00000200   Zero   RW            2    HEAP                startup_stm32f407xx.o
    0x20004390        -       0x00000400   Zero   RW            1    STACK               startup_stm32f407xx.o


==============================================================================

Image component sizes


      Code (inc. data)   RO Data    RW Data    ZI Data      Debug   Object Name

       238          6          0          0          0      17958   cmsis_os.o
         0          0          0          0          0       9604   event_groups.o
         0          0          0          0          0     703820   freertos.o
       460         24          0         24      15360       7519   heap_4.o
       106         14          0          0          0       4580   lib1.o
       136          0          0          0          0       3706   list.o
      1288        116        164         92        244     706429   main.o
       758         84          0         12          0      12205   port.o
       998         10          0          0          0      10306   queue.o
        36          8        392          0       1536        864   startup_stm32f407xx.o
       116         18          0         12          0       4046   stm32f4xx_hal.o
       154         14          0          0          0      29742   stm32f4xx_hal_cortex.o
       450         44          0          0          0       3145   stm32f4xx_hal_gpio.o
      1762          4          0          0          0       6952   stm32f4xx_hal_hcd.o
       264         10          0          0          0       3039   stm32f4xx_hal_i2c.o
       630         18          0          0          0       4349   stm32f4xx_hal_i2s.o
       754         26          0          0          0       3743   stm32f4xx_hal_i2s_ex.o
       412         48          0          0          0       3220   stm32f4xx_hal_msp.o
      1292         74          0          0          0       5370   stm32f4xx_hal_rcc.o
       408         36          0          0          0       2353   stm32f4xx_hal_rcc_ex.o
       128          0          0          0          0       1267   stm32f4xx_hal_spi.o
       638         44          0          0          0       7318   stm32f4xx_hal_tim.o
         4          0          0          0          0       1690   stm32f4xx_hal_tim_ex.o
       116         16          0          0         60       1503   stm32f4xx_hal_timebase_tim.o
        36         12          0          0          0      14363   stm32f4xx_it.o
       744          8          0          0          0       8673   stm32f4xx_ll_usb.o
        84         18         24          4          0       1263   system_stm32f4xx.o
      1904        158          0         60        240      21654   tasks.o
        96          0          0          0        664      12083   usbh_conf.o
       172          0          0          0          0       3475   usbh_core.o
        24          0          0          0          0       1156   usbh_pipes.o

    ----------------------------------------------------------------------
     14232        810        612        204      18104    1617395   Object Totals
         0          0         32          0          0          0   (incl. Generated)
        24          0          0          0          0          0   (incl. Padding)

    ----------------------------------------------------------------------

      Code (inc. data)   RO Data    RW Data    ZI Data      Debug   Library Member Name

        46          0          0          0          0         84   aeabi_atexit.o
         8          4          0          4          0         68   cpp_dtor.o
         2          0          0          0          0         68   cpp_final.o
        32         10          0          0          0         80   cpp_init.o
        66          0          0          0          0         84   cxa_finalize.o
         0          0          0          0          0          0   entry.o
         0          0          0          0          0          0   entry10a.o
         4          0          0          0          0          0   entry10b.o
         0          0          0          0          0          0   entry11a.o
         8          4          0          0          0          0   entry2.o
         4          0          0          0          0          0   entry5.o
         0          0          0          0          0          0   entry7b.o
         4          0          0          0          0          0   entry8a.o
         0          0          0          0          0          0   entry8b.o
         8          4          0          0          0          0   entry9a.o
        30          0          0          0          0          0   handlers.o
        36          8          0          0          0         68   init.o
        30          0          0          0          0         68   llshl.o
        32          0          0          0          0         68   llushr.o
       188         20          0          0          0        160   malloc.o
        36          0          0          0          0         68   memcpya.o
        36          0          0          0          0        108   memseta.o
         0          0          0          8          0          0   mvars.o
        98          0          0          0          0         92   uldiv.o

    ----------------------------------------------------------------------
       672         50          0         12          0       1016   Library Totals
         4          0          0          0          0          0   (incl. Padding)

    ----------------------------------------------------------------------

      Code (inc. data)   RO Data    RW Data    ZI Data      Debug   Library Name

       668         50          0         12          0       1016   mc_w.l

    ----------------------------------------------------------------------
       672         50          0         12          0       1016   Library Totals

    ----------------------------------------------------------------------

==============================================================================


      Code (inc. data)   RO Data    RW Data    ZI Data      Debug   

     14904        860        612        216      18104    1603699   Grand Totals
     14904        860        612        216      18104    1603699   ELF Image Totals
     14904        860        612        216          0          0   ROM Totals

==============================================================================

    Total RO  Size (Code + RO Data)                15516 (  15.15kB)
    Total RW  Size (RW Data + ZI Data)             18320 (  17.89kB)
    Total ROM Size (Code + RO Data + RW Data)      15732 (  15.36kB)

==============================================================================

